

=====================================================================
== C:\Program Files (x86)\Steam\steamapps\common\DayZServer\DayZServer_x64.exe
== DayZServer_x64.exe  -config=serverDZ.cfg -profiles=ServerProfile -limitFPS=30
=====================================================================
Exe timestamp: 2020/07/10 13:13:22
Current time:  2020/07/11 06:15:58

Version 1.08.153258
 6:15:58.951 [Inputs] Loading inputs default "bin/constants.xml"
 6:15:58.951 [Inputs] Loading inputs default "bin/specific.xml"
 6:15:58.951 !!! [Inputs] Invalid input name used "UAUIInspectItem" for context "ui" in "bin/specific.xml"
 6:15:58.951 [Inputs] Loading inputs cfg "ServerProfile\Users\Survivor\Server.core.xml"
 6:15:58.951 !!! [Inputs] Cannot read inputs cfg "ServerProfile\Users\Survivor\Server.core.xml", parser error
 6:15:58.951 [Inputs] Loading inputs cfg "bin/core.xml"
 6:15:58.951 !!! [Inputs] Cannot load input preset "user", file does not exist
 6:15:58.951 [Inputs] Exporting inputs cfg "ServerProfile\Users\Survivor\Server.core.xml"
 6:16:12.124 [CE][Hive] :: Initializing OFFLINE
 6:16:12.124 [CE][Hive] :: Loading core data ... 
 6:16:12.140 [CE][CoreData] :: 7 root classes, 18 defaults, 0 updaters...
 6:16:12.171 [CE][offlineDB] :: Conversion of characters started.
 6:16:12.202 [CE][offlineDB] :: Processing 0 players.
 6:16:12.202 [CE][offlineDB] :: Conversion of characters successfully completed.
 6:16:14.280 [CE] :: WARNING :: Preset map "optics" is EMPTY.
 6:16:14.280 [CE] :: WARNING :: Preset (attachments) with name 'bagsCity' was not found.
 6:16:14.280 [CE] :: WARNING :: Preset (attachments) with name 'bagsCity' was not found.
 6:16:14.280 [CE] :: WARNING :: Preset (attachments) with name 'bagsCity' was not found.
 6:16:14.280 [CE] :: WARNING :: Preset (attachments) with name 'bagsCity' was not found.
 6:16:14.280 [CE] :: WARNING :: Preset (attachments) with name 'bagsCity' was not found.
 6:16:14.280 [CE] :: WARNING :: Preset (attachments) with name 'bagsCity' was not found.
 6:16:14.280 [CE] :: WARNING :: Preset (attachments) with name 'bagsCity' was not found.
 6:16:14.280 [CE] :: WARNING :: Preset (attachments) with name 'bagsCity' was not found.
 6:16:14.280 [CE] :: WARNING :: Preset (attachments) with name 'bagsCity' was not found.
 6:16:14.280 [CE] :: WARNING :: Preset (attachments) with name 'bagsCity' was not found.
 6:16:14.280 [CE] :: WARNING :: Preset (attachments) with name 'bagsCity' was not found.
 6:16:14.280 [CE] :: WARNING :: Preset (attachments) with name 'bagsCity' was not found.
 6:16:14.280 [CE] :: WARNING :: Preset (attachments) with name 'bagsCity' was not found.
 6:16:14.280 [CE] :: WARNING :: Preset (attachments) with name 'bagsCity' was not found.
 6:16:14.280 [CE] :: WARNING :: Preset (attachments) with name 'hatsCitySkate' was not found.
 6:16:14.280 [CE] :: WARNING :: Preset (attachments) with name 'bagsCity' was not found.
 6:16:14.280 [CE] :: WARNING :: Preset (attachments) with name 'hatsCitySkate' was not found.
 6:16:14.280 [CE] :: WARNING :: Preset (attachments) with name 'bagsCity' was not found.
 6:16:14.280 [CE] :: WARNING :: Preset (attachments) with name 'hatsCitySkate' was not found.
 6:16:14.280 [CE] :: WARNING :: Preset (attachments) with name 'bagsCity' was not found.
 6:16:14.280 [CE] :: WARNING :: Preset (attachments) with name 'bagsCity' was not found.
 6:16:14.280 [CE] :: WARNING :: Preset (attachments) with name 'bagsCity' was not found.
 6:16:14.280 [CE] :: WARNING :: Preset (attachments) with name 'bagsCity' was not found.
 6:16:14.280 [CE] :: WARNING :: Preset (attachments) with name 'bagsCity' was not found.
 6:16:14.280 [CE] :: WARNING :: Preset (attachments) with name 'bagsCity' was not found.
 6:16:14.280 [CE] :: WARNING :: Preset (attachments) with name 'bagsCity' was not found.
 6:16:14.280 [CE] :: WARNING :: Preset (attachments) with name 'bagsCity' was not found.
 6:16:14.280 [CE] :: WARNING :: Preset (attachments) with name 'bagsCity' was not found.
 6:16:14.280 [CE] :: WARNING :: Preset (attachments) with name 'bagsCity' was not found.
 6:16:14.280 [CE] :: WARNING :: Preset (attachments) with name 'bagsCity' was not found.
 6:16:14.280 [CE] :: WARNING :: Preset (attachments) with name 'bagsCity' was not found.
 6:16:14.280 [CE] :: WARNING :: Preset (attachments) with name 'bagsCity' was not found.
 6:16:14.280 [CE] :: WARNING :: Preset (attachments) with name 'bagsCity' was not found.
 6:16:14.280 [CE] :: WARNING :: Preset (attachments) with name 'bagsCity' was not found.
 6:16:14.280 [CE] :: WARNING :: Preset (attachments) with name 'bagsCity' was not found.
 6:16:14.280 [CE] :: WARNING :: Preset (attachments) with name 'bagsCity' was not found.
 6:16:14.280 [CE] :: WARNING :: Preset (attachments) with name 'bagsCity' was not found.
 6:16:14.280 [CE] :: WARNING :: Preset (attachments) with name 'bagsCity' was not found.
 6:16:14.280 [CE] :: WARNING :: Preset (attachments) with name 'bagsCity' was not found.
 6:16:14.280 [CE] :: WARNING :: Preset (attachments) with name 'bagsCity' was not found.
 6:16:14.280 [CE] :: WARNING :: Preset (attachments) with name 'bagsCity' was not found.
 6:16:14.280 [CE] :: WARNING :: Preset (attachments) with name 'bagsCity' was not found.
 6:16:14.280 [CE] :: WARNING :: Preset (attachments) with name 'bagsCity' was not found.
 6:16:14.280 [CE] :: WARNING :: Preset (attachments) with name 'bagsCity' was not found.
 6:16:14.280 [CE] :: WARNING :: Preset (attachments) with name 'bagsCity' was not found.
 6:16:14.280 [CE] :: WARNING :: Preset (attachments) with name 'hatsMotorbike' was not found.
 6:16:14.280 [CE] :: WARNING :: Preset (attachments) with name 'hatsMotorbike' was not found.
 6:16:14.280 [CE] :: WARNING :: Preset (attachments) with name 'hatsMotorbike' was not found.
 6:16:14.280 [CE] :: WARNING :: Preset (attachments) with name 'hatsCitySkate' was not found.
 6:16:14.280 [CE] :: WARNING :: Preset (attachments) with name 'bagsCity' was not found.
 6:16:14.280 [CE] :: WARNING :: Preset (attachments) with name 'hatsCitySkate' was not found.
 6:16:14.280 [CE] :: WARNING :: Preset (attachments) with name 'bagsCity' was not found.
 6:16:14.280 [CE] :: WARNING :: Preset (attachments) with name 'hatsCitySkate' was not found.
 6:16:14.280 [CE] :: WARNING :: Preset (attachments) with name 'bagsCity' was not found.
 6:16:14.280 [CE] :: WARNING :: Preset (attachments) with name 'hatsCitySkate' was not found.
 6:16:14.280 [CE] :: WARNING :: Preset (attachments) with name 'bagsCity' was not found.
 6:16:14.280 [CE] :: WARNING :: Preset (attachments) with name 'hatsIndustrial' was not found.
 6:16:14.280 [CE] :: WARNING :: Preset (attachments) with name 'bagsIndustrial' was not found.
 6:16:14.280 [CE] :: WARNING :: Preset (attachments) with name 'hatsIndustrial' was not found.
 6:16:14.280 [CE] :: WARNING :: Preset (attachments) with name 'bagsIndustrial' was not found.
 6:16:14.280 [CE] :: WARNING :: Preset (attachments) with name 'hatsIndustrial' was not found.
 6:16:14.280 [CE] :: WARNING :: Preset (attachments) with name 'bagsIndustrial' was not found.
 6:16:14.280 [CE] :: WARNING :: Preset (attachments) with name 'hatsIndustrial' was not found.
 6:16:14.280 [CE] :: WARNING :: Preset (attachments) with name 'bagsIndustrial' was not found.
 6:16:14.280 [CE] :: WARNING :: Preset (attachments) with name 'hatsIndustrial' was not found.
 6:16:14.280 [CE] :: WARNING :: Preset (attachments) with name 'bagsIndustrial' was not found.
 6:16:14.280 [CE] :: WARNING :: Preset (attachments) with name 'hatsIndustrial' was not found.
 6:16:14.280 [CE] :: WARNING :: Preset (attachments) with name 'bagsIndustrial' was not found.
 6:16:14.280 [CE] :: WARNING :: Preset (attachments) with name 'hatsIndustrial' was not found.
 6:16:14.280 [CE] :: WARNING :: Preset (attachments) with name 'bagsIndustrial' was not found.
 6:16:14.280 [CE] :: WARNING :: Preset (attachments) with name 'hatsIndustrial' was not found.
 6:16:14.280 [CE] :: WARNING :: Preset (attachments) with name 'bagsIndustrial' was not found.
 6:16:14.280 [CE] :: WARNING :: Preset (attachments) with name 'hatsIndustrial' was not found.
 6:16:14.280 [CE] :: WARNING :: Preset (attachments) with name 'bagsIndustrial' was not found.
 6:16:14.280 [CE] :: WARNING :: Preset (attachments) with name 'hatsIndustrial' was not found.
 6:16:14.280 [CE] :: WARNING :: Preset (attachments) with name 'bagsIndustrial' was not found.
 6:16:14.280 [CE] :: WARNING :: Preset (attachments) with name 'hatsIndustrial' was not found.
 6:16:14.280 [CE] :: WARNING :: Preset (attachments) with name 'bagsIndustrial' was not found.
 6:16:14.280 [CE] :: WARNING :: Preset (attachments) with name 'hatsIndustrial' was not found.
 6:16:14.280 [CE] :: WARNING :: Preset (attachments) with name 'bagsIndustrial' was not found.
 6:16:14.280 [CE] :: WARNING :: Preset (attachments) with name 'hatsIndustrial' was not found.
 6:16:14.280 [CE] :: WARNING :: Preset (attachments) with name 'bagsIndustrial' was not found.
 6:16:14.280 [CE] :: WARNING :: Preset (attachments) with name 'hatsIndustrial' was not found.
 6:16:14.280 [CE] :: WARNING :: Preset (attachments) with name 'bagsIndustrial' was not found.
 6:16:14.280 [CE] :: WARNING :: Preset (attachments) with name 'hatsIndustrial' was not found.
 6:16:14.280 [CE] :: WARNING :: Preset (attachments) with name 'bagsIndustrial' was not found.
 6:16:14.280 [CE] :: WARNING :: Preset (attachments) with name 'hatsIndustrial' was not found.
 6:16:14.280 [CE] :: WARNING :: Preset (attachments) with name 'bagsIndustrial' was not found.
 6:16:14.280 [CE] :: WARNING :: Preset (attachments) with name 'hatsIndustrial' was not found.
 6:16:14.280 [CE] :: WARNING :: Preset (attachments) with name 'bagsIndustrial' was not found.
 6:16:14.280 [CE] :: WARNING :: Preset (attachments) with name 'hatsIndustrial' was not found.
 6:16:14.280 [CE] :: WARNING :: Preset (attachments) with name 'bagsIndustrial' was not found.
 6:16:14.280 [CE] :: WARNING :: Preset (attachments) with name 'hatsIndustrial' was not found.
 6:16:14.280 [CE] :: WARNING :: Preset (attachments) with name 'bagsIndustrial' was not found.
 6:16:14.280 [CE] :: WARNING :: Preset (attachments) with name 'hatsIndustrial' was not found.
 6:16:14.280 [CE] :: WARNING :: Preset (attachments) with name 'bagsIndustrial' was not found.
 6:16:14.280 [CE] :: WARNING :: Preset (attachments) with name 'hatsIndustrial' was not found.
 6:16:14.280 [CE] :: WARNING :: Preset (attachments) with name 'bagsIndustrial' was not found.
 6:16:14.280 [CE] :: WARNING :: Preset (attachments) with name 'hatsIndustrial' was not found.
 6:16:14.280 [CE] :: WARNING :: Preset (attachments) with name 'bagsIndustrial' was not found.
 6:16:14.280 [CE] :: WARNING :: Preset (attachments) with name 'hatsIndustrial' was not found.
 6:16:14.280 [CE] :: WARNING :: Preset (attachments) with name 'bagsIndustrial' was not found.
 6:16:14.280 [CE] :: WARNING :: Preset (attachments) with name 'hatsIndustrial' was not found.
 6:16:14.280 [CE] :: WARNING :: Preset (attachments) with name 'bagsIndustrial' was not found.
 6:16:14.280 [CE] :: WARNING :: Preset (attachments) with name 'hatsIndustrial' was not found.
 6:16:14.280 [CE] :: WARNING :: Preset (attachments) with name 'bagsIndustrial' was not found.
 6:16:14.280 [CE] :: WARNING :: Preset (attachments) with name 'hatsIndustrial' was not found.
 6:16:14.280 [CE] :: WARNING :: Preset (attachments) with name 'bagsIndustrial' was not found.
 6:16:14.280 [CE] :: WARNING :: Preset (attachments) with name 'hatsFirefighter' was not found.
 6:16:14.280 [CE] :: WARNING :: Preset (attachments) with name 'hatsMedic' was not found.
 6:16:14.280 [CE] :: WARNING :: Preset (attachments) with name 'hatsMedic' was not found.
 6:16:14.280 [CE] :: WARNING :: Preset (attachments) with name 'hatsPolice' was not found.
 6:16:14.280 [CE] :: WARNING :: Preset (attachments) with name 'vestsPolice' was not found.
 6:16:14.280 [CE] :: WARNING :: Preset (attachments) with name 'hatsPolice' was not found.
 6:16:14.280 [CE] :: WARNING :: Preset (attachments) with name 'vestsPolice' was not found.
 6:16:14.280 [CE] :: WARNING :: Preset (attachments) with name 'hatsPolice' was not found.
 6:16:14.280 [CE] :: WARNING :: Preset (attachments) with name 'vestsPolice' was not found.
 6:16:14.280 [CE] :: WARNING :: Preset (attachments) with name 'hatsPrisoner' was not found.
 6:16:14.280 [CE] :: WARNING :: Preset (attachments) with name 'hatsFarm' was not found.
 6:16:14.280 [CE] :: WARNING :: Preset (attachments) with name 'hatsFarm' was not found.
 6:16:14.280 [CE] :: WARNING :: Preset (attachments) with name 'hatsFarm' was not found.
 6:16:14.280 [CE] :: WARNING :: Preset (attachments) with name 'hatsFarm' was not found.
 6:16:14.280 [CE] :: WARNING :: Preset (attachments) with name 'hatsFarm' was not found.
 6:16:14.280 [CE] :: WARNING :: Preset (attachments) with name 'hatsFarm' was not found.
 6:16:14.280 [CE] :: WARNING :: Preset (attachments) with name 'hatsFarm' was not found.
 6:16:14.280 [CE] :: WARNING :: Preset (attachments) with name 'hatsFarm' was not found.
 6:16:14.280 [CE] :: WARNING :: Preset (attachments) with name 'hatsFarm' was not found.
 6:16:14.280 [CE] :: WARNING :: Preset (attachments) with name 'hatsFarm' was not found.
 6:16:14.280 [CE] :: WARNING :: Preset (attachments) with name 'hatsFarm' was not found.
 6:16:14.280 [CE] :: WARNING :: Preset (attachments) with name 'hatsFarm' was not found.
 6:16:14.280 [CE] :: WARNING :: Preset (attachments) with name 'hatsFarm' was not found.
 6:16:14.280 [CE] :: WARNING :: Preset (attachments) with name 'hatsFarm' was not found.
 6:16:14.280 [CE] :: WARNING :: Preset (attachments) with name 'hatsFarm' was not found.
 6:16:14.280 [CE] :: WARNING :: Preset (attachments) with name 'hatsFarm' was not found.
 6:16:14.280 [CE] :: WARNING :: Preset (attachments) with name 'hatsFarm' was not found.
 6:16:14.280 [CE] :: WARNING :: Preset (attachments) with name 'hatsFarm' was not found.
 6:16:14.280 [CE] :: WARNING :: Preset (attachments) with name 'hatsFarm' was not found.
 6:16:14.280 [CE] :: WARNING :: Preset (attachments) with name 'hatsFarm' was not found.
 6:16:14.280 [CE] :: WARNING :: Preset (attachments) with name 'hatsFarm' was not found.
 6:16:14.280 [CE] :: WARNING :: Preset (attachments) with name 'hatsFarm' was not found.
 6:16:14.280 [CE] :: WARNING :: Preset (attachments) with name 'hatsFarm' was not found.
 6:16:14.280 [CE] :: WARNING :: Preset (attachments) with name 'hatsFarm' was not found.
 6:16:14.280 [CE] :: WARNING :: Preset (attachments) with name 'hatsFarm' was not found.
 6:16:14.280 [CE] :: WARNING :: Preset (attachments) with name 'hatsFarm' was not found.
 6:16:14.280 [CE] :: WARNING :: Preset (attachments) with name 'hatsFarm' was not found.
 6:16:14.280 [CE] :: WARNING :: Preset (attachments) with name 'hatsFarm' was not found.
 6:16:14.280 [CE] :: WARNING :: Preset (attachments) with name 'hatsFarm' was not found.
 6:16:14.280 [CE] :: WARNING :: Preset (attachments) with name 'hatsFarm' was not found.
 6:16:14.280 [CE] :: WARNING :: Preset (attachments) with name 'hatsFarm' was not found.
 6:16:14.280 [CE] :: WARNING :: Preset (attachments) with name 'hatsFarm' was not found.
 6:16:14.280 [CE] :: WARNING :: Preset (attachments) with name 'hatsFarm' was not found.
 6:16:14.280 [CE][TypeSetup] :: 263 classes setuped...
 6:16:14.358 [CE][RegisterBind] :: 0 classes binded...
 6:16:14.358 [CE][RegisterConfig] :: 2924 config classes registered, 1 sub-counters...
 6:16:14.358 [CE][Hive] :: Loading map data ... 
 6:16:14.437 !!! [CE] :: Unknown category: 'vehicleparts'.
 6:16:14.437 !!! [CE] :: Unknown category: 'vehicleparts'.
 6:16:14.437 !!! [CE] :: Unknown category: 'vehicleparts'.
 6:16:14.437 !!! [CE] :: Unknown category: 'vehicleparts'.
 6:16:14.437 !!! [CE] :: Unknown category: 'vehicleparts'.
 6:16:14.437 !!! [CE] :: Unknown category: 'vehicleparts'.
 6:16:14.437 !!! [CE] :: Unknown category: 'vehicleparts'.
 6:16:14.437 !!! [CE] :: Unknown category: 'vehicleparts'.
 6:16:14.437 !!! [CE] :: Unknown category: 'vehicleparts'.
 6:16:14.437 !!! [CE] :: Unknown category: 'vehicleparts'.
 6:16:14.437 !!! [CE] :: Unknown category: 'vehicleparts'.
 6:16:14.437 !!! [CE] :: Unknown category: 'vehicleparts'.
 6:16:14.437 !!! [CE] :: Unknown category: 'vehicleparts'.
 6:16:14.437 !!! [CE] :: Unknown category: 'vehicleparts'.
 6:16:14.437 !!! [CE] :: Unknown category: 'vehicleparts'.
 6:16:14.437 !!! [CE] :: Unknown category: 'vehicleparts'.
 6:16:14.437 !!! [CE] :: Unknown category: 'vehicleparts'.
 6:16:14.437 !!! [CE] :: Unknown category: 'vehicleparts'.
 6:16:14.437 !!! [CE] :: Unknown category: 'vehicleparts'.
 6:16:14.437 !!! [CE] :: Unknown category: 'vehicleparts'.
 6:16:14.437 !!! [CE] :: Unknown category: 'vehicleparts'.
 6:16:14.437 !!! [CE] :: Unknown category: 'vehicleparts'.
 6:16:14.437 !!! [CE] :: Unknown category: 'vehicleparts'.
 6:16:14.437 !!! [CE] :: Unknown category: 'vehicleparts'.
 6:16:14.437 [CE][LoadPrototype] :: loaded 329 prototypes
 6:16:14.437   701 containers, 9117 points
 6:16:14.437   24 dispatches, 90 proxies
 6:16:14.437 !!! [CE][LoadPrototype] 12 groups have no points...
 6:16:14.437 !!![CE][LoadPrototype]  3 groups have wrong points...
 6:16:14.437 [CE][LoadPrototype] :: last group name: Land_Lunapark_Autodrome...
 6:16:14.437 [CE][LoadPrototype] :: loaded 0 prototypes
 6:16:14.437   0 containers, 0 points
 6:16:14.437   0 dispatches, 0 proxies
 6:16:14.437 [CE][LoadPrototype] :: last group name: Rail9...
 6:16:14.952 [CE][LoadMap] "Group" :: loaded 11599 groups, largest group range: 34.2
 6:16:14.968 [CE][LoadMap] "Dirt" :: loaded 0 groups, largest group range: 34.2
 6:16:15.390 [CE][Links] found 1896 total links between groups, of 11599
 6:16:15.390 [CE][LoadClusters] "Cluster" :: Loading files...
 6:16:15.640 [CE][LoadClusters] :: file: "mapgroupcluster.xml", 9 types, 50000 instances
 6:16:15.905 [CE][LoadClusters] :: file: "mapgroupcluster01", 9 types, 50000 instances
 6:16:16.171 [CE][LoadClusters] :: file: "mapgroupcluster02", 9 types, 50000 instances
 6:16:16.452 [CE][LoadClusters] :: file: "mapgroupcluster03", 9 types, 50000 instances
 6:16:16.561 [CE][LoadClusters] :: file: "mapgroupcluster04", 9 types, 17229 instances
 6:16:16.561 [CE][Storage] ver:0 stamp:0, valid:NO, name:"mpmissions\dayzOffline.chernarusplus\storage_1\data\types.bin"
 6:16:16.561 [CE][Storage] ver:0 stamp:0, valid:NO, name:"mpmissions\dayzOffline.chernarusplus\storage_1\data\types.001"
 6:16:16.561 [CE][Storage] ver:0 stamp:0, valid:NO, name:"mpmissions\dayzOffline.chernarusplus\storage_1\data\types.002"
 6:16:16.577 [CE][offlineDB] :: Loaded 37 dynamic events 216 total types 0 total positions.
 6:16:16.608 !!! [CE] :: Unknown usage: 'Lunapark'.
 6:16:16.608 [CE][Storage] ver:0 stamp:0, valid:NO, name:"mpmissions\dayzOffline.chernarusplus\storage_1\data\events.bin"
 6:16:16.608 [CE][Storage] ver:0 stamp:0, valid:NO, name:"mpmissions\dayzOffline.chernarusplus\storage_1\data\events.001"
 6:16:16.608 [CE][Storage] ver:0 stamp:0, valid:NO, name:"mpmissions\dayzOffline.chernarusplus\storage_1\data\events.002"
 6:16:16.608 [CE][Storage] ver:0 stamp:0, valid:NO, name:"mpmissions\dayzOffline.chernarusplus\storage_1\data\dynamic_000.bin"
 6:16:16.608 [CE][Storage] ver:0 stamp:0, valid:NO, name:"mpmissions\dayzOffline.chernarusplus\storage_1\data\dynamic_000.001"
 6:16:16.608 [CE][Storage] ver:0 stamp:0, valid:NO, name:"mpmissions\dayzOffline.chernarusplus\storage_1\data\dynamic_000.002"
 6:16:16.608 [CE][Storage] ver:0 stamp:0, valid:NO, name:"mpmissions\dayzOffline.chernarusplus\storage_1\data\dynamic_001.bin"
 6:16:16.608 [CE][Storage] ver:0 stamp:0, valid:NO, name:"mpmissions\dayzOffline.chernarusplus\storage_1\data\dynamic_001.001"
 6:16:16.608 [CE][Storage] ver:0 stamp:0, valid:NO, name:"mpmissions\dayzOffline.chernarusplus\storage_1\data\dynamic_001.002"
 6:16:16.608 [CE][Storage] ver:0 stamp:0, valid:NO, name:"mpmissions\dayzOffline.chernarusplus\storage_1\data\dynamic_002.bin"
 6:16:16.608 [CE][Storage] ver:0 stamp:0, valid:NO, name:"mpmissions\dayzOffline.chernarusplus\storage_1\data\dynamic_002.001"
 6:16:16.608 [CE][Storage] ver:0 stamp:0, valid:NO, name:"mpmissions\dayzOffline.chernarusplus\storage_1\data\dynamic_002.002"
 6:16:16.608 [CE][Storage] ver:0 stamp:0, valid:NO, name:"mpmissions\dayzOffline.chernarusplus\storage_1\data\dynamic_003.bin"
 6:16:16.608 [CE][Storage] ver:0 stamp:0, valid:NO, name:"mpmissions\dayzOffline.chernarusplus\storage_1\data\dynamic_003.001"
 6:16:16.608 [CE][Storage] ver:0 stamp:0, valid:NO, name:"mpmissions\dayzOffline.chernarusplus\storage_1\data\dynamic_003.002"
 6:16:16.608 [CE][Storage] ver:0 stamp:0, valid:NO, name:"mpmissions\dayzOffline.chernarusplus\storage_1\data\dynamic_004.bin"
 6:16:16.608 [CE][Storage] ver:0 stamp:0, valid:NO, name:"mpmissions\dayzOffline.chernarusplus\storage_1\data\dynamic_004.001"
 6:16:16.608 [CE][Storage] ver:0 stamp:0, valid:NO, name:"mpmissions\dayzOffline.chernarusplus\storage_1\data\dynamic_004.002"
 6:16:16.608 [CE][Storage] ver:0 stamp:0, valid:NO, name:"mpmissions\dayzOffline.chernarusplus\storage_1\data\dynamic_005.bin"
 6:16:16.608 [CE][Storage] ver:0 stamp:0, valid:NO, name:"mpmissions\dayzOffline.chernarusplus\storage_1\data\dynamic_005.001"
 6:16:16.608 [CE][Storage] ver:0 stamp:0, valid:NO, name:"mpmissions\dayzOffline.chernarusplus\storage_1\data\dynamic_005.002"
 6:16:16.608 [CE][Storage] ver:0 stamp:0, valid:NO, name:"mpmissions\dayzOffline.chernarusplus\storage_1\data\dynamic_006.bin"
 6:16:16.608 [CE][Storage] ver:0 stamp:0, valid:NO, name:"mpmissions\dayzOffline.chernarusplus\storage_1\data\dynamic_006.001"
 6:16:16.608 [CE][Storage] ver:0 stamp:0, valid:NO, name:"mpmissions\dayzOffline.chernarusplus\storage_1\data\dynamic_006.002"
 6:16:16.608 [CE][Storage] ver:0 stamp:0, valid:NO, name:"mpmissions\dayzOffline.chernarusplus\storage_1\data\dynamic_007.bin"
 6:16:16.608 [CE][Storage] ver:0 stamp:0, valid:NO, name:"mpmissions\dayzOffline.chernarusplus\storage_1\data\dynamic_007.001"
 6:16:16.608 [CE][Storage] ver:0 stamp:0, valid:NO, name:"mpmissions\dayzOffline.chernarusplus\storage_1\data\dynamic_007.002"
 6:16:16.608 [CE][Storage] ver:0 stamp:0, valid:NO, name:"mpmissions\dayzOffline.chernarusplus\storage_1\data\dynamic_008.bin"
 6:16:16.608 [CE][Storage] ver:0 stamp:0, valid:NO, name:"mpmissions\dayzOffline.chernarusplus\storage_1\data\dynamic_008.001"
 6:16:16.608 [CE][Storage] ver:0 stamp:0, valid:NO, name:"mpmissions\dayzOffline.chernarusplus\storage_1\data\dynamic_008.002"
 6:16:16.608 [CE][Storage] ver:0 stamp:0, valid:NO, name:"mpmissions\dayzOffline.chernarusplus\storage_1\data\dynamic_009.bin"
 6:16:16.608 [CE][Storage] ver:0 stamp:0, valid:NO, name:"mpmissions\dayzOffline.chernarusplus\storage_1\data\dynamic_009.001"
 6:16:16.624 [CE][Storage] ver:0 stamp:0, valid:NO, name:"mpmissions\dayzOffline.chernarusplus\storage_1\data\dynamic_009.002"
 6:16:16.624 [CE][Storage] ver:0 stamp:0, valid:NO, name:"mpmissions\dayzOffline.chernarusplus\storage_1\data\dynamic_010.bin"
 6:16:16.624 [CE][Storage] ver:0 stamp:0, valid:NO, name:"mpmissions\dayzOffline.chernarusplus\storage_1\data\dynamic_010.001"
 6:16:16.624 [CE][Storage] ver:0 stamp:0, valid:NO, name:"mpmissions\dayzOffline.chernarusplus\storage_1\data\dynamic_010.002"
 6:16:16.624 [CE][Storage] ver:0 stamp:0, valid:NO, name:"mpmissions\dayzOffline.chernarusplus\storage_1\data\dynamic_011.bin"
 6:16:16.624 [CE][Storage] ver:0 stamp:0, valid:NO, name:"mpmissions\dayzOffline.chernarusplus\storage_1\data\dynamic_011.001"
 6:16:16.624 [CE][Storage] ver:0 stamp:0, valid:NO, name:"mpmissions\dayzOffline.chernarusplus\storage_1\data\dynamic_011.002"
 6:16:16.624 [CE][Storage] ver:0 stamp:0, valid:NO, name:"mpmissions\dayzOffline.chernarusplus\storage_1\data\vehicles.bin"
 6:16:16.624 [CE][Storage] ver:0 stamp:0, valid:NO, name:"mpmissions\dayzOffline.chernarusplus\storage_1\data\vehicles.001"
 6:16:16.624 [CE][Storage] ver:0 stamp:0, valid:NO, name:"mpmissions\dayzOffline.chernarusplus\storage_1\data\vehicles.002"
 6:16:16.624 [CE][Hive] :: Empty storage folder, reinitializing ... 
 6:16:16.624 [CE][Hive] :: Initializing ... 
 6:16:16.624 [CE][InitializeMap] :: initialized: 0
 6:16:16.624 [CE][Hive] :: Initializing spawners ... 
 6:16:17.655 [CE][LootRespawner] (PRIDummy) :: Item [0] causing search overtime: "HatchbackHood_WhiteRust"
 6:16:17.655 [CE][LootRespawner] (PRIDummy) :: Item [1] causing search overtime: "HatchbackHood_WhiteRust"
 6:16:17.655 [CE][LootRespawner] (PRIDummy) :: Item [2] causing search overtime: "HatchbackHood_WhiteRust"
 6:16:17.655 [CE][LootRespawner] (PRIDummy) :: Item [3] causing search overtime: "HatchbackHood_WhiteRust"
 6:16:17.655 [CE][LootRespawner] (PRIDummy) :: Item [4] causing search overtime: "HatchbackHood_WhiteRust"
 6:16:17.655 [CE][LootRespawner] (PRIDummy) :: Item [5] causing search overtime: "HatchbackHood_WhiteRust"
 6:16:17.655 [CE][LootRespawner] (PRIDummy) :: Item [6] causing search overtime: "HatchbackHood_WhiteRust"
 6:16:17.655 [CE][LootRespawner] (PRIDummy) :: Item [7] causing search overtime: "HatchbackHood_WhiteRust"
 6:16:17.655 [CE][LootRespawner] (PRIDummy) :: Item [8] causing search overtime: "HatchbackHood_WhiteRust"
 6:16:17.655 [CE][LootRespawner] (PRIDummy) :: Item [9] causing search overtime: "HatchbackHood_WhiteRust"
 6:16:17.671 [CE][LootRespawner] (PRIDummy) :: Item [10] causing search overtime: "HatchbackHood_WhiteRust"
 6:16:17.671 [CE][LootRespawner] (PRIDummy) :: Item [11] causing search overtime: "HatchbackHood_WhiteRust"
 6:16:17.671 [CE][LootRespawner] (PRIDummy) :: Item [12] causing search overtime: "HatchbackHood_WhiteRust"
 6:16:17.671 [CE][LootRespawner] (PRIDummy) :: Item [13] causing search overtime: "HatchbackHood_WhiteRust"
 6:16:17.671 [CE][LootRespawner] (PRIDummy) :: Item [14] causing search overtime: "HatchbackHood_WhiteRust"
 6:16:17.671 [CE][LootRespawner] (PRIDummy) :: Item [15] causing search overtime: "HatchbackHood_WhiteRust"
 6:16:17.671 [CE][LootRespawner] (PRIDummy) :: Item [16] causing search overtime: "HatchbackHood_WhiteRust"
 6:16:17.671 [CE][LootRespawner] (PRIDummy) :: Item [17] causing search overtime: "HatchbackHood_WhiteRust"
 6:16:17.671 [CE][LootRespawner] (PRIDummy) :: Item [18] causing search overtime: "HatchbackHood_WhiteRust"
 6:16:17.686 [CE][LootRespawner] (PRIDummy) :: Item [19] causing search overtime: "CivSedanTrunk_WineRust"
 6:16:19.343 [CE][LootRespawner] (PRIDummy) :: Item [0] is hard to place, performance drops: "PrisonerCap"
 6:16:19.343 [CE][LootRespawner] (PRIDummy) :: Item [1] is hard to place, performance drops: "PrisonerCap"
 6:16:19.343 [CE][LootRespawner] (PRIDummy) :: Item [2] is hard to place, performance drops: "PrisonerCap"
 6:16:19.343 [CE][LootRespawner] (PRIDummy) :: Item [3] is hard to place, performance drops: "PrisonerCap"
 6:16:19.343 [CE][LootRespawner] (PRIDummy) :: Item [4] is hard to place, performance drops: "PrisonerCap"
 6:16:19.343 [CE][LootRespawner] (PRIDummy) :: Item [5] is hard to place, performance drops: "PrisonerCap"
 6:16:19.343 [CE][LootRespawner] (PRIDummy) :: Item [6] is hard to place, performance drops: "PrisonerCap"
 6:16:19.343 [CE][LootRespawner] (PRIDummy) :: Item [7] is hard to place, performance drops: "PrisonerCap"
 6:16:19.343 [CE][LootRespawner] (PRIDummy) :: Item [8] is hard to place, performance drops: "PrisonerCap"
 6:16:19.343 [CE][LootRespawner] (PRIDummy) :: Item [9] is hard to place, performance drops: "PrisonerCap"
 6:16:19.343 [CE][LootRespawner] (PRIDummy) :: Item [10] is hard to place, performance drops: "PrisonerCap"
 6:16:19.343 [CE][LootRespawner] (PRIDummy) :: Item [11] is hard to place, performance drops: "PrisonerCap"
 6:16:19.343 [CE][LootRespawner] (PRIDummy) :: Item [12] is hard to place, performance drops: "PrisonerCap"
 6:16:19.343 [CE][LootRespawner] (PRIDummy) :: Item [13] is hard to place, performance drops: "PrisonerCap"
 6:16:19.343 [CE][LootRespawner] (PRIDummy) :: Item [14] is hard to place, performance drops: "PrisonerCap"
 6:16:19.343 [CE][LootRespawner] (PRIDummy) :: Item [15] is hard to place, performance drops: "PrisonerCap"
 6:16:19.343 [CE][LootRespawner] (PRIDummy) :: Item [16] is hard to place, performance drops: "PrisonerCap"
 6:16:19.343 [CE][LootRespawner] (PRIDummy) :: Item [17] is hard to place, performance drops: "PrisonerCap"
 6:16:19.343 [CE][LootRespawner] (PRIDummy) :: Item [18] is hard to place, performance drops: "PrisonerCap"
 6:16:19.343 [CE][LootRespawner] (PRIDummy) :: Item [19] is hard to place, performance drops: "PrisonerCap"
 6:16:22.420 !!! [CE][Point] Removing 11162.427734, 2436.680664 from Land_Boat_Small1
 6:16:22.545 [CE][LootRespawner] (PRIDummy) :: Initially (re)spawned:20826, Nominal:20826, Total in Map: 19383 at 4 (sec)
 6:16:22.545   tests:21019, repeats:86 fails:107, overtime:1418
 6:16:22.545 [CE][Links] found 0 total links between groups, of 1
 6:16:22.545 [CE][SpawnRandomLoot] (StaticHeliCrash) :: ChildType: Wreck_Mi8, lootmin: 10, lootmax: 20, wanted: 13
 6:16:22.561 [CE][Links] found 0 total links between groups, of 2
 6:16:22.561 [CE][SpawnRandomLoot] (StaticHeliCrash) :: ChildType: Wreck_Mi8, lootmin: 10, lootmax: 20, wanted: 13
 6:16:22.561 [CE][Links] found 0 total links between groups, of 3
 6:16:22.561 [CE][SpawnRandomLoot] (StaticHeliCrash) :: ChildType: Wreck_Mi8, lootmin: 10, lootmax: 20, wanted: 17
 6:16:22.561 !!! [CE][VehicleRespawner] (PRIPoliceCar) :: Respawning: "StaticPoliceCar" - There are not enough positions in "cfgeventspawns.xml", 0 < 10
 6:16:22.717 [CE][DynEvent] :: 37 types
 6:16:22.717 [00] AmbientHen
 6:16:22.717   Primary Spawner: "Ambient", active: yes, repeat: 1
 6:16:22.717 [01] AnimalBear
 6:16:22.717   Primary Spawner: "Animal", active: yes, repeat: 1
 6:16:22.717 [02] AnimalCow
 6:16:22.717   Primary Spawner: "Animal", active: yes, repeat: 1
 6:16:22.733 [03] AnimalDeer
 6:16:22.733   Primary Spawner: "Animal", active: yes, repeat: 1
 6:16:22.733 [04] AnimalGoat
 6:16:22.733   Primary Spawner: "Animal", active: yes, repeat: 1
 6:16:22.733 [05] AnimalPig
 6:16:22.733   Primary Spawner: "Animal", active: yes, repeat: 1
 6:16:22.733 [06] AnimalRoeDeer
 6:16:22.733   Primary Spawner: "Animal", active: yes, repeat: 1
 6:16:22.733 [07] AnimalSheep
 6:16:22.733   Primary Spawner: "Animal", active: yes, repeat: 1
 6:16:22.733 [08] AnimalWildBoar
 6:16:22.733   Primary Spawner: "Animal", active: yes, repeat: 1
 6:16:22.733 [09] AnimalWolf
 6:16:22.733   Primary Spawner: "Animal", active: yes, repeat: 1
 6:16:22.733 [10] InfectedArmy
 6:16:22.733   Primary Spawner: "Infected", active: yes, repeat: 1
 6:16:22.733 [11] InfectedCity
 6:16:22.733   Primary Spawner: "Infected", active: yes, repeat: 1
 6:16:22.733 [12] InfectedFirefighter
 6:16:22.733   Primary Spawner: "Infected", active: yes, repeat: 1
 6:16:22.733 [13] InfectedIndustrial
 6:16:22.733   Primary Spawner: "Infected", active: yes, repeat: 1
 6:16:22.733 [14] InfectedMedic
 6:16:22.733   Primary Spawner: "Infected", active: yes, repeat: 1
 6:16:22.733 [15] InfectedPolice
 6:16:22.733   Primary Spawner: "Infected", active: yes, repeat: 1
 6:16:22.733 [16] InfectedPrisoner
 6:16:22.733   Primary Spawner: "Infected", active: yes, repeat: 1
 6:16:22.733 [17] InfectedReligious
 6:16:22.733   Primary Spawner: "Infected", active: yes, repeat: 1
 6:16:22.733 [18] InfectedSolitude
 6:16:22.733   Primary Spawner: "Infected", active: yes, repeat: 1
 6:16:22.733 [19] InfectedVillage
 6:16:22.733   Primary Spawner: "Infected", active: yes, repeat: 1
 6:16:22.733 [20] ItemPlanks
 6:16:22.733   Primary Spawner: "Item", active: yes, repeat: 1
 6:16:22.733 [21] Loot
 6:16:22.733   Primary Spawner: "Loot", active: yes, repeat: 2
 6:16:22.733 [22] StaticHeliCrash
 6:16:22.733   Primary Spawner: "Vehicle", active: yes, repeat: 1
 6:16:22.733   Secondary Spawner: "Infected", active: yes, repeat: 1
 6:16:22.733 [23] StaticPoliceCar
 6:16:22.733   Primary Spawner: "Vehicle", active: yes, repeat: 1
 6:16:22.733 [24] TrajectoryApple
 6:16:22.733   Primary Spawner: "Trajectory", active: yes, repeat: 1
 6:16:22.733 [25] TrajectoryCanina
 6:16:22.733   Primary Spawner: "Trajectory", active: yes, repeat: 1
 6:16:22.733 [26] TrajectoryConiferous
 6:16:22.733   Primary Spawner: "Trajectory", active: yes, repeat: 1
 6:16:22.733 [27] TrajectoryDeciduous
 6:16:22.733   Primary Spawner: "Trajectory", active: yes, repeat: 1
 6:16:22.733 [28] TrajectoryHumus
 6:16:22.733   Primary Spawner: "Trajectory", active: yes, repeat: 1
 6:16:22.733 [29] TrajectoryPear
 6:16:22.733   Primary Spawner: "Trajectory", active: yes, repeat: 1
 6:16:22.733 [30] TrajectoryPlum
 6:16:22.733   Primary Spawner: "Trajectory", active: yes, repeat: 1
 6:16:22.733 [31] TrajectorySambucus
 6:16:22.733   Primary Spawner: "Trajectory", active: yes, repeat: 1
 6:16:22.733 [32] TrajectoryStones
 6:16:22.733   Primary Spawner: "Trajectory", active: yes, repeat: 1
 6:16:22.733 [33] VehicleCivilianSedan
 6:16:22.733   Primary Spawner: "Vehicle", active: yes, repeat: 1
 6:16:22.733 [34] VehicleHatchback02
 6:16:22.733   Primary Spawner: "Vehicle", active: yes, repeat: 1
 6:16:22.733 [35] VehicleOffroadHatchback
 6:16:22.733   Primary Spawner: "Vehicle", active: yes, repeat: 1
 6:16:22.733 [36] VehicleSedan02
 6:16:22.733   Primary Spawner: "Vehicle", active: yes, repeat: 1
 6:16:22.733 [CE][Hive] :: Initializing of spawners done.
 6:16:22.733 [CE][Hive] :: Init sequence finished.
 6:16:22.733 Player connect enabled
 6:16:22.983 [IdleMode] Entering IN - save processed
 6:19:42.500 [Login]: Adding player Survivor (53542020) to login queue at position 0
 6:19:42.500 [LoginMachine]: Add player Survivor (53542020)
 6:19:42.500 [StateMachine]: Player Survivor (dpnid 53542020 uid ) Entering AuthPlayerLoginState
 6:19:42.672 [StateMachine]: Player Survivor (dpnid 53542020 uid ) Entering WaitAuthPlayerLoginState
 6:19:43.328 [IdleMode] Leaving OUT
 6:19:44.609 Player Survivor connected (id=BvAfWEwkf1BS22gq16ncvW4M3Ycn_607DPSKzJe9pnU=).
 6:19:44.609 Player "Survivor" is connected (steamID=76561198073956794)
 6:19:45.344 [StateMachine]: Player Survivor (dpnid 53542020 uid BvAfWEwkf1BS22gq16ncvW4M3Ycn_607DPSKzJe9pnU=) Entering DBGetLoginTimeLoginState
 6:19:45.453 [StateMachine]: Player Survivor (dpnid 53542020 uid BvAfWEwkf1BS22gq16ncvW4M3Ycn_607DPSKzJe9pnU=) Entering DBWaitLoginTimeLoginState
 6:20:00.499 [StateMachine]: Player Survivor (dpnid 53542020 uid BvAfWEwkf1BS22gq16ncvW4M3Ycn_607DPSKzJe9pnU=) Entering DBGetCharacterLoginState
 6:20:00.624 [StateMachine]: Player Survivor (dpnid 53542020 uid BvAfWEwkf1BS22gq16ncvW4M3Ycn_607DPSKzJe9pnU=) Entering CreateNetObjectsLoginState
 6:20:00.686 [StateMachine]: Player Survivor (dpnid 53542020 uid BvAfWEwkf1BS22gq16ncvW4M3Ycn_607DPSKzJe9pnU=) Entering PreloadCamLoginState
 6:20:00.749 [StateMachine]: Player Survivor (dpnid 53542020 uid BvAfWEwkf1BS22gq16ncvW4M3Ycn_607DPSKzJe9pnU=) Entering WaitPreloadCamLoginState
 6:20:16.670 [StateMachine]: Player Survivor (dpnid 53542020 uid BvAfWEwkf1BS22gq16ncvW4M3Ycn_607DPSKzJe9pnU=) Entering GetNewCharLoginState
 6:20:19.529 <CREATE NEW CHAR>:
    charID 1
    playerID 1
    dpnid 53542020
    uid BvAfWEwkf1BS22gq16ncvW4M3Ycn_607DPSKzJe9pnU=
 6:24:03.186 [Disconnect]: Start script disconnect 53542020 (dbCharacterId 1 dbPlayerId 1) logoutTime 15
 6:24:05.483 [Disconnect]: Client 53542020 disconnecting
 6:24:05.483 [Disconnect]: Client 53542020 early disconnect
 6:24:05.499 [Disconnect]: Start script disconnect 53542020 (dbCharacterId 1 dbPlayerId 1) logoutTime 15
 6:24:06.295 [Disconnect]: Remove player info 53542020
 6:24:06.342 [Disconnect]: Player destroy 53542020 
 6:24:17.913  --- Termination successfully completed --- 
