

=====================================================================
== C:\Program Files (x86)\Steam\steamapps\common\DayZServer\DayZServer_x64.exe
== DayZServer_x64.exe  -config=serverDZ.cfg -profiles=ServerProfile -limitFPS=120
=====================================================================
Exe timestamp: 2020/07/10 13:13:22
Current time:  2020/07/11 07:38:00

Version 1.08.153258
 7:38:00.605 [Inputs] Loading inputs default "bin/constants.xml"
 7:38:00.621 [Inputs] Loading inputs default "bin/specific.xml"
 7:38:00.621 !!! [Inputs] Invalid input name used "UAUIInspectItem" for context "ui" in "bin/specific.xml"
 7:38:00.621 [Inputs] Loading inputs cfg "ServerProfile\Users\Survivor\Server.core.xml"
 7:38:00.621 !!! [Inputs] Cannot read inputs cfg "ServerProfile\Users\Survivor\Server.core.xml", parser error
 7:38:00.621 [Inputs] Loading inputs cfg "bin/core.xml"
 7:38:00.621 !!! [Inputs] Cannot load input preset "user", file does not exist
 7:38:00.621 [Inputs] Exporting inputs cfg "ServerProfile\Users\Survivor\Server.core.xml"
 7:38:15.578 [CE][Hive] :: Initializing OFFLINE
 7:38:15.578 [CE][Hive] :: Loading core data ... 
 7:38:15.578 [CE][CoreData] :: 7 root classes, 18 defaults, 0 updaters...
 7:38:17.672 [CE] :: WARNING :: Preset map "optics" is EMPTY.
 7:38:17.672 [CE] :: WARNING :: Preset (attachments) with name 'bagsCity' was not found.
 7:38:17.672 [CE] :: WARNING :: Preset (attachments) with name 'bagsCity' was not found.
 7:38:17.672 [CE] :: WARNING :: Preset (attachments) with name 'bagsCity' was not found.
 7:38:17.672 [CE] :: WARNING :: Preset (attachments) with name 'bagsCity' was not found.
 7:38:17.672 [CE] :: WARNING :: Preset (attachments) with name 'bagsCity' was not found.
 7:38:17.672 [CE] :: WARNING :: Preset (attachments) with name 'bagsCity' was not found.
 7:38:17.672 [CE] :: WARNING :: Preset (attachments) with name 'bagsCity' was not found.
 7:38:17.672 [CE] :: WARNING :: Preset (attachments) with name 'bagsCity' was not found.
 7:38:17.672 [CE] :: WARNING :: Preset (attachments) with name 'bagsCity' was not found.
 7:38:17.672 [CE] :: WARNING :: Preset (attachments) with name 'bagsCity' was not found.
 7:38:17.672 [CE] :: WARNING :: Preset (attachments) with name 'bagsCity' was not found.
 7:38:17.672 [CE] :: WARNING :: Preset (attachments) with name 'bagsCity' was not found.
 7:38:17.672 [CE] :: WARNING :: Preset (attachments) with name 'bagsCity' was not found.
 7:38:17.672 [CE] :: WARNING :: Preset (attachments) with name 'bagsCity' was not found.
 7:38:17.672 [CE] :: WARNING :: Preset (attachments) with name 'hatsCitySkate' was not found.
 7:38:17.672 [CE] :: WARNING :: Preset (attachments) with name 'bagsCity' was not found.
 7:38:17.672 [CE] :: WARNING :: Preset (attachments) with name 'hatsCitySkate' was not found.
 7:38:17.672 [CE] :: WARNING :: Preset (attachments) with name 'bagsCity' was not found.
 7:38:17.672 [CE] :: WARNING :: Preset (attachments) with name 'hatsCitySkate' was not found.
 7:38:17.672 [CE] :: WARNING :: Preset (attachments) with name 'bagsCity' was not found.
 7:38:17.672 [CE] :: WARNING :: Preset (attachments) with name 'bagsCity' was not found.
 7:38:17.672 [CE] :: WARNING :: Preset (attachments) with name 'bagsCity' was not found.
 7:38:17.672 [CE] :: WARNING :: Preset (attachments) with name 'bagsCity' was not found.
 7:38:17.672 [CE] :: WARNING :: Preset (attachments) with name 'bagsCity' was not found.
 7:38:17.672 [CE] :: WARNING :: Preset (attachments) with name 'bagsCity' was not found.
 7:38:17.672 [CE] :: WARNING :: Preset (attachments) with name 'bagsCity' was not found.
 7:38:17.672 [CE] :: WARNING :: Preset (attachments) with name 'bagsCity' was not found.
 7:38:17.672 [CE] :: WARNING :: Preset (attachments) with name 'bagsCity' was not found.
 7:38:17.672 [CE] :: WARNING :: Preset (attachments) with name 'bagsCity' was not found.
 7:38:17.672 [CE] :: WARNING :: Preset (attachments) with name 'bagsCity' was not found.
 7:38:17.672 [CE] :: WARNING :: Preset (attachments) with name 'bagsCity' was not found.
 7:38:17.672 [CE] :: WARNING :: Preset (attachments) with name 'bagsCity' was not found.
 7:38:17.672 [CE] :: WARNING :: Preset (attachments) with name 'bagsCity' was not found.
 7:38:17.672 [CE] :: WARNING :: Preset (attachments) with name 'bagsCity' was not found.
 7:38:17.672 [CE] :: WARNING :: Preset (attachments) with name 'bagsCity' was not found.
 7:38:17.672 [CE] :: WARNING :: Preset (attachments) with name 'bagsCity' was not found.
 7:38:17.672 [CE] :: WARNING :: Preset (attachments) with name 'bagsCity' was not found.
 7:38:17.672 [CE] :: WARNING :: Preset (attachments) with name 'bagsCity' was not found.
 7:38:17.672 [CE] :: WARNING :: Preset (attachments) with name 'bagsCity' was not found.
 7:38:17.672 [CE] :: WARNING :: Preset (attachments) with name 'bagsCity' was not found.
 7:38:17.672 [CE] :: WARNING :: Preset (attachments) with name 'bagsCity' was not found.
 7:38:17.672 [CE] :: WARNING :: Preset (attachments) with name 'bagsCity' was not found.
 7:38:17.672 [CE] :: WARNING :: Preset (attachments) with name 'bagsCity' was not found.
 7:38:17.672 [CE] :: WARNING :: Preset (attachments) with name 'bagsCity' was not found.
 7:38:17.672 [CE] :: WARNING :: Preset (attachments) with name 'bagsCity' was not found.
 7:38:17.672 [CE] :: WARNING :: Preset (attachments) with name 'hatsMotorbike' was not found.
 7:38:17.672 [CE] :: WARNING :: Preset (attachments) with name 'hatsMotorbike' was not found.
 7:38:17.672 [CE] :: WARNING :: Preset (attachments) with name 'hatsMotorbike' was not found.
 7:38:17.672 [CE] :: WARNING :: Preset (attachments) with name 'hatsCitySkate' was not found.
 7:38:17.672 [CE] :: WARNING :: Preset (attachments) with name 'bagsCity' was not found.
 7:38:17.672 [CE] :: WARNING :: Preset (attachments) with name 'hatsCitySkate' was not found.
 7:38:17.672 [CE] :: WARNING :: Preset (attachments) with name 'bagsCity' was not found.
 7:38:17.672 [CE] :: WARNING :: Preset (attachments) with name 'hatsCitySkate' was not found.
 7:38:17.672 [CE] :: WARNING :: Preset (attachments) with name 'bagsCity' was not found.
 7:38:17.672 [CE] :: WARNING :: Preset (attachments) with name 'hatsCitySkate' was not found.
 7:38:17.672 [CE] :: WARNING :: Preset (attachments) with name 'bagsCity' was not found.
 7:38:17.672 [CE] :: WARNING :: Preset (attachments) with name 'hatsIndustrial' was not found.
 7:38:17.672 [CE] :: WARNING :: Preset (attachments) with name 'bagsIndustrial' was not found.
 7:38:17.672 [CE] :: WARNING :: Preset (attachments) with name 'hatsIndustrial' was not found.
 7:38:17.672 [CE] :: WARNING :: Preset (attachments) with name 'bagsIndustrial' was not found.
 7:38:17.672 [CE] :: WARNING :: Preset (attachments) with name 'hatsIndustrial' was not found.
 7:38:17.672 [CE] :: WARNING :: Preset (attachments) with name 'bagsIndustrial' was not found.
 7:38:17.672 [CE] :: WARNING :: Preset (attachments) with name 'hatsIndustrial' was not found.
 7:38:17.672 [CE] :: WARNING :: Preset (attachments) with name 'bagsIndustrial' was not found.
 7:38:17.672 [CE] :: WARNING :: Preset (attachments) with name 'hatsIndustrial' was not found.
 7:38:17.672 [CE] :: WARNING :: Preset (attachments) with name 'bagsIndustrial' was not found.
 7:38:17.672 [CE] :: WARNING :: Preset (attachments) with name 'hatsIndustrial' was not found.
 7:38:17.672 [CE] :: WARNING :: Preset (attachments) with name 'bagsIndustrial' was not found.
 7:38:17.672 [CE] :: WARNING :: Preset (attachments) with name 'hatsIndustrial' was not found.
 7:38:17.672 [CE] :: WARNING :: Preset (attachments) with name 'bagsIndustrial' was not found.
 7:38:17.672 [CE] :: WARNING :: Preset (attachments) with name 'hatsIndustrial' was not found.
 7:38:17.672 [CE] :: WARNING :: Preset (attachments) with name 'bagsIndustrial' was not found.
 7:38:17.672 [CE] :: WARNING :: Preset (attachments) with name 'hatsIndustrial' was not found.
 7:38:17.672 [CE] :: WARNING :: Preset (attachments) with name 'bagsIndustrial' was not found.
 7:38:17.672 [CE] :: WARNING :: Preset (attachments) with name 'hatsIndustrial' was not found.
 7:38:17.672 [CE] :: WARNING :: Preset (attachments) with name 'bagsIndustrial' was not found.
 7:38:17.672 [CE] :: WARNING :: Preset (attachments) with name 'hatsIndustrial' was not found.
 7:38:17.672 [CE] :: WARNING :: Preset (attachments) with name 'bagsIndustrial' was not found.
 7:38:17.672 [CE] :: WARNING :: Preset (attachments) with name 'hatsIndustrial' was not found.
 7:38:17.672 [CE] :: WARNING :: Preset (attachments) with name 'bagsIndustrial' was not found.
 7:38:17.672 [CE] :: WARNING :: Preset (attachments) with name 'hatsIndustrial' was not found.
 7:38:17.672 [CE] :: WARNING :: Preset (attachments) with name 'bagsIndustrial' was not found.
 7:38:17.672 [CE] :: WARNING :: Preset (attachments) with name 'hatsIndustrial' was not found.
 7:38:17.672 [CE] :: WARNING :: Preset (attachments) with name 'bagsIndustrial' was not found.
 7:38:17.672 [CE] :: WARNING :: Preset (attachments) with name 'hatsIndustrial' was not found.
 7:38:17.672 [CE] :: WARNING :: Preset (attachments) with name 'bagsIndustrial' was not found.
 7:38:17.672 [CE] :: WARNING :: Preset (attachments) with name 'hatsIndustrial' was not found.
 7:38:17.672 [CE] :: WARNING :: Preset (attachments) with name 'bagsIndustrial' was not found.
 7:38:17.672 [CE] :: WARNING :: Preset (attachments) with name 'hatsIndustrial' was not found.
 7:38:17.672 [CE] :: WARNING :: Preset (attachments) with name 'bagsIndustrial' was not found.
 7:38:17.672 [CE] :: WARNING :: Preset (attachments) with name 'hatsIndustrial' was not found.
 7:38:17.672 [CE] :: WARNING :: Preset (attachments) with name 'bagsIndustrial' was not found.
 7:38:17.672 [CE] :: WARNING :: Preset (attachments) with name 'hatsIndustrial' was not found.
 7:38:17.672 [CE] :: WARNING :: Preset (attachments) with name 'bagsIndustrial' was not found.
 7:38:17.672 [CE] :: WARNING :: Preset (attachments) with name 'hatsIndustrial' was not found.
 7:38:17.672 [CE] :: WARNING :: Preset (attachments) with name 'bagsIndustrial' was not found.
 7:38:17.672 [CE] :: WARNING :: Preset (attachments) with name 'hatsIndustrial' was not found.
 7:38:17.672 [CE] :: WARNING :: Preset (attachments) with name 'bagsIndustrial' was not found.
 7:38:17.672 [CE] :: WARNING :: Preset (attachments) with name 'hatsIndustrial' was not found.
 7:38:17.672 [CE] :: WARNING :: Preset (attachments) with name 'bagsIndustrial' was not found.
 7:38:17.672 [CE] :: WARNING :: Preset (attachments) with name 'hatsIndustrial' was not found.
 7:38:17.672 [CE] :: WARNING :: Preset (attachments) with name 'bagsIndustrial' was not found.
 7:38:17.672 [CE] :: WARNING :: Preset (attachments) with name 'hatsIndustrial' was not found.
 7:38:17.672 [CE] :: WARNING :: Preset (attachments) with name 'bagsIndustrial' was not found.
 7:38:17.672 [CE] :: WARNING :: Preset (attachments) with name 'hatsIndustrial' was not found.
 7:38:17.672 [CE] :: WARNING :: Preset (attachments) with name 'bagsIndustrial' was not found.
 7:38:17.672 [CE] :: WARNING :: Preset (attachments) with name 'hatsIndustrial' was not found.
 7:38:17.672 [CE] :: WARNING :: Preset (attachments) with name 'bagsIndustrial' was not found.
 7:38:17.672 [CE] :: WARNING :: Preset (attachments) with name 'hatsFirefighter' was not found.
 7:38:17.672 [CE] :: WARNING :: Preset (attachments) with name 'hatsMedic' was not found.
 7:38:17.672 [CE] :: WARNING :: Preset (attachments) with name 'hatsMedic' was not found.
 7:38:17.672 [CE] :: WARNING :: Preset (attachments) with name 'hatsPolice' was not found.
 7:38:17.672 [CE] :: WARNING :: Preset (attachments) with name 'vestsPolice' was not found.
 7:38:17.672 [CE] :: WARNING :: Preset (attachments) with name 'hatsPolice' was not found.
 7:38:17.672 [CE] :: WARNING :: Preset (attachments) with name 'vestsPolice' was not found.
 7:38:17.672 [CE] :: WARNING :: Preset (attachments) with name 'hatsPolice' was not found.
 7:38:17.672 [CE] :: WARNING :: Preset (attachments) with name 'vestsPolice' was not found.
 7:38:17.672 [CE] :: WARNING :: Preset (attachments) with name 'hatsPrisoner' was not found.
 7:38:17.672 [CE] :: WARNING :: Preset (attachments) with name 'hatsFarm' was not found.
 7:38:17.672 [CE] :: WARNING :: Preset (attachments) with name 'hatsFarm' was not found.
 7:38:17.672 [CE] :: WARNING :: Preset (attachments) with name 'hatsFarm' was not found.
 7:38:17.672 [CE] :: WARNING :: Preset (attachments) with name 'hatsFarm' was not found.
 7:38:17.672 [CE] :: WARNING :: Preset (attachments) with name 'hatsFarm' was not found.
 7:38:17.672 [CE] :: WARNING :: Preset (attachments) with name 'hatsFarm' was not found.
 7:38:17.672 [CE] :: WARNING :: Preset (attachments) with name 'hatsFarm' was not found.
 7:38:17.672 [CE] :: WARNING :: Preset (attachments) with name 'hatsFarm' was not found.
 7:38:17.672 [CE] :: WARNING :: Preset (attachments) with name 'hatsFarm' was not found.
 7:38:17.672 [CE] :: WARNING :: Preset (attachments) with name 'hatsFarm' was not found.
 7:38:17.672 [CE] :: WARNING :: Preset (attachments) with name 'hatsFarm' was not found.
 7:38:17.672 [CE] :: WARNING :: Preset (attachments) with name 'hatsFarm' was not found.
 7:38:17.672 [CE] :: WARNING :: Preset (attachments) with name 'hatsFarm' was not found.
 7:38:17.672 [CE] :: WARNING :: Preset (attachments) with name 'hatsFarm' was not found.
 7:38:17.672 [CE] :: WARNING :: Preset (attachments) with name 'hatsFarm' was not found.
 7:38:17.672 [CE] :: WARNING :: Preset (attachments) with name 'hatsFarm' was not found.
 7:38:17.672 [CE] :: WARNING :: Preset (attachments) with name 'hatsFarm' was not found.
 7:38:17.672 [CE] :: WARNING :: Preset (attachments) with name 'hatsFarm' was not found.
 7:38:17.672 [CE] :: WARNING :: Preset (attachments) with name 'hatsFarm' was not found.
 7:38:17.672 [CE] :: WARNING :: Preset (attachments) with name 'hatsFarm' was not found.
 7:38:17.672 [CE] :: WARNING :: Preset (attachments) with name 'hatsFarm' was not found.
 7:38:17.672 [CE] :: WARNING :: Preset (attachments) with name 'hatsFarm' was not found.
 7:38:17.672 [CE] :: WARNING :: Preset (attachments) with name 'hatsFarm' was not found.
 7:38:17.672 [CE] :: WARNING :: Preset (attachments) with name 'hatsFarm' was not found.
 7:38:17.672 [CE] :: WARNING :: Preset (attachments) with name 'hatsFarm' was not found.
 7:38:17.672 [CE] :: WARNING :: Preset (attachments) with name 'hatsFarm' was not found.
 7:38:17.672 [CE] :: WARNING :: Preset (attachments) with name 'hatsFarm' was not found.
 7:38:17.672 [CE] :: WARNING :: Preset (attachments) with name 'hatsFarm' was not found.
 7:38:17.672 [CE] :: WARNING :: Preset (attachments) with name 'hatsFarm' was not found.
 7:38:17.672 [CE] :: WARNING :: Preset (attachments) with name 'hatsFarm' was not found.
 7:38:17.672 [CE] :: WARNING :: Preset (attachments) with name 'hatsFarm' was not found.
 7:38:17.672 [CE] :: WARNING :: Preset (attachments) with name 'hatsFarm' was not found.
 7:38:17.672 [CE] :: WARNING :: Preset (attachments) with name 'hatsFarm' was not found.
 7:38:17.672 [CE][TypeSetup] :: 263 classes setuped...
 7:38:17.750 [CE][RegisterBind] :: 0 classes binded...
 7:38:17.750 [CE][RegisterConfig] :: 2924 config classes registered, 1 sub-counters...
 7:38:17.750 [CE][Hive] :: Loading map data ... 
 7:38:17.828 !!! [CE] :: Unknown category: 'vehicleparts'.
 7:38:17.828 !!! [CE] :: Unknown category: 'vehicleparts'.
 7:38:17.828 !!! [CE] :: Unknown category: 'vehicleparts'.
 7:38:17.828 !!! [CE] :: Unknown category: 'vehicleparts'.
 7:38:17.828 !!! [CE] :: Unknown category: 'vehicleparts'.
 7:38:17.828 !!! [CE] :: Unknown category: 'vehicleparts'.
 7:38:17.828 !!! [CE] :: Unknown category: 'vehicleparts'.
 7:38:17.828 !!! [CE] :: Unknown category: 'vehicleparts'.
 7:38:17.828 !!! [CE] :: Unknown category: 'vehicleparts'.
 7:38:17.828 !!! [CE] :: Unknown category: 'vehicleparts'.
 7:38:17.828 !!! [CE] :: Unknown category: 'vehicleparts'.
 7:38:17.828 !!! [CE] :: Unknown category: 'vehicleparts'.
 7:38:17.828 !!! [CE] :: Unknown category: 'vehicleparts'.
 7:38:17.828 !!! [CE] :: Unknown category: 'vehicleparts'.
 7:38:17.828 !!! [CE] :: Unknown category: 'vehicleparts'.
 7:38:17.828 !!! [CE] :: Unknown category: 'vehicleparts'.
 7:38:17.828 !!! [CE] :: Unknown category: 'vehicleparts'.
 7:38:17.828 !!! [CE] :: Unknown category: 'vehicleparts'.
 7:38:17.828 !!! [CE] :: Unknown category: 'vehicleparts'.
 7:38:17.828 !!! [CE] :: Unknown category: 'vehicleparts'.
 7:38:17.828 !!! [CE] :: Unknown category: 'vehicleparts'.
 7:38:17.828 !!! [CE] :: Unknown category: 'vehicleparts'.
 7:38:17.828 !!! [CE] :: Unknown category: 'vehicleparts'.
 7:38:17.828 !!! [CE] :: Unknown category: 'vehicleparts'.
 7:38:17.828 [CE][LoadPrototype] :: loaded 329 prototypes
 7:38:17.828   701 containers, 9117 points
 7:38:17.828   24 dispatches, 90 proxies
 7:38:17.828 !!! [CE][LoadPrototype] 12 groups have no points...
 7:38:17.828 !!![CE][LoadPrototype]  3 groups have wrong points...
 7:38:17.828 [CE][LoadPrototype] :: last group name: Land_Lunapark_Autodrome...
 7:38:17.844 [CE][LoadPrototype] :: loaded 0 prototypes
 7:38:17.844   0 containers, 0 points
 7:38:17.844   0 dispatches, 0 proxies
 7:38:17.844 [CE][LoadPrototype] :: last group name: Rail9...
 7:38:18.391 [CE][LoadMap] "Group" :: loaded 11599 groups, largest group range: 34.2
 7:38:18.391 [CE][LoadMap] "Dirt" :: loaded 0 groups, largest group range: 34.2
 7:38:18.812 [CE][Links] found 1896 total links between groups, of 11599
 7:38:18.812 [CE][LoadClusters] "Cluster" :: Loading files...
 7:38:19.94 [CE][LoadClusters] :: file: "mapgroupcluster.xml", 9 types, 50000 instances
 7:38:19.381 [CE][LoadClusters] :: file: "mapgroupcluster01", 9 types, 50000 instances
 7:38:19.678 [CE][LoadClusters] :: file: "mapgroupcluster02", 9 types, 50000 instances
 7:38:19.959 [CE][LoadClusters] :: file: "mapgroupcluster03", 9 types, 50000 instances
 7:38:20.100 [CE][LoadClusters] :: file: "mapgroupcluster04", 9 types, 17229 instances
 7:38:20.118 [CE][Storage] ver:21 stamp:70, valid:yes, name:"mpmissions\dayzOffline.chernarusplus\storage_1\data\types.bin"
 7:38:20.201 [CE][Storage] ver:21 stamp:69, valid:yes, name:"mpmissions\dayzOffline.chernarusplus\storage_1\data\types.001"
 7:38:20.209 [CE][Storage] ver:21 stamp:67, valid:yes, name:"mpmissions\dayzOffline.chernarusplus\storage_1\data\types.002"
 7:38:20.209 [CE][Storage] Restoring file "mpmissions\dayzOffline.chernarusplus\storage_1\data\types.bin".
 7:38:20.241 [CE][offlineDB] :: Loaded 37 dynamic events 216 total types 0 total positions.
 7:38:20.303 !!! [CE] :: Unknown usage: 'Lunapark'.
 7:38:20.303 [CE][Storage] ver:21 stamp:70, valid:yes, name:"mpmissions\dayzOffline.chernarusplus\storage_1\data\events.bin"
 7:38:20.303 [CE][Storage] ver:21 stamp:69, valid:yes, name:"mpmissions\dayzOffline.chernarusplus\storage_1\data\events.001"
 7:38:20.303 [CE][Storage] ver:21 stamp:67, valid:yes, name:"mpmissions\dayzOffline.chernarusplus\storage_1\data\events.002"
 7:38:20.303 [CE][Storage] Restoring file "mpmissions\dayzOffline.chernarusplus\storage_1\data\events.bin".
 7:38:20.303 [CE][DynamicEvent] Load  Events:[37] Primary spawners: 37 Secondary spawners: 1
 7:38:20.319 [CE][Storage] ver:25 stamp:70, valid:yes, name:"mpmissions\dayzOffline.chernarusplus\storage_1\data\dynamic_000.bin"
 7:38:20.319 [CE][Storage] ver:25 stamp:69, valid:yes, name:"mpmissions\dayzOffline.chernarusplus\storage_1\data\dynamic_000.001"
 7:38:20.334 [CE][Storage] ver:25 stamp:67, valid:yes, name:"mpmissions\dayzOffline.chernarusplus\storage_1\data\dynamic_000.002"
 7:38:20.334 [CE][Storage] Restoring file "mpmissions\dayzOffline.chernarusplus\storage_1\data\dynamic_000.bin" 883 items.
 7:38:20.756   883 items loaded.
 7:38:20.756 [CE][Storage] ver:25 stamp:70, valid:yes, name:"mpmissions\dayzOffline.chernarusplus\storage_1\data\dynamic_001.bin"
 7:38:20.756 [CE][Storage] ver:25 stamp:69, valid:yes, name:"mpmissions\dayzOffline.chernarusplus\storage_1\data\dynamic_001.001"
 7:38:20.756 [CE][Storage] ver:25 stamp:67, valid:yes, name:"mpmissions\dayzOffline.chernarusplus\storage_1\data\dynamic_001.002"
 7:38:20.772 [CE][Storage] Restoring file "mpmissions\dayzOffline.chernarusplus\storage_1\data\dynamic_001.bin" 1661 items.
 7:38:21.178   1661 items loaded.
 7:38:21.178 [CE][Storage] ver:25 stamp:70, valid:yes, name:"mpmissions\dayzOffline.chernarusplus\storage_1\data\dynamic_002.bin"
 7:38:21.194 [CE][Storage] ver:25 stamp:69, valid:yes, name:"mpmissions\dayzOffline.chernarusplus\storage_1\data\dynamic_002.001"
 7:38:21.194 [CE][Storage] ver:25 stamp:67, valid:yes, name:"mpmissions\dayzOffline.chernarusplus\storage_1\data\dynamic_002.002"
 7:38:21.194 [CE][Storage] Restoring file "mpmissions\dayzOffline.chernarusplus\storage_1\data\dynamic_002.bin" 2553 items.
 7:38:21.778   2553 items loaded.
 7:38:21.782 [CE][Storage] ver:25 stamp:70, valid:yes, name:"mpmissions\dayzOffline.chernarusplus\storage_1\data\dynamic_003.bin"
 7:38:21.786 [CE][Storage] ver:25 stamp:69, valid:yes, name:"mpmissions\dayzOffline.chernarusplus\storage_1\data\dynamic_003.001"
 7:38:21.794 [CE][Storage] ver:25 stamp:67, valid:yes, name:"mpmissions\dayzOffline.chernarusplus\storage_1\data\dynamic_003.002"
 7:38:21.794 [CE][Storage] Restoring file "mpmissions\dayzOffline.chernarusplus\storage_1\data\dynamic_003.bin" 2049 items.
 7:38:22.240   2049 items loaded.
 7:38:22.240 [CE][Storage] ver:25 stamp:70, valid:yes, name:"mpmissions\dayzOffline.chernarusplus\storage_1\data\dynamic_004.bin"
 7:38:22.244 [CE][Storage] ver:25 stamp:69, valid:yes, name:"mpmissions\dayzOffline.chernarusplus\storage_1\data\dynamic_004.001"
 7:38:22.252 [CE][Storage] ver:25 stamp:67, valid:yes, name:"mpmissions\dayzOffline.chernarusplus\storage_1\data\dynamic_004.002"
 7:38:22.252 [CE][Storage] Restoring file "mpmissions\dayzOffline.chernarusplus\storage_1\data\dynamic_004.bin" 1908 items.
 7:38:22.704   1908 items loaded.
 7:38:22.708 [CE][Storage] ver:25 stamp:70, valid:yes, name:"mpmissions\dayzOffline.chernarusplus\storage_1\data\dynamic_005.bin"
 7:38:22.712 [CE][Storage] ver:25 stamp:69, valid:yes, name:"mpmissions\dayzOffline.chernarusplus\storage_1\data\dynamic_005.001"
 7:38:22.716 [CE][Storage] ver:25 stamp:67, valid:yes, name:"mpmissions\dayzOffline.chernarusplus\storage_1\data\dynamic_005.002"
 7:38:22.716 [CE][Storage] Restoring file "mpmissions\dayzOffline.chernarusplus\storage_1\data\dynamic_005.bin" 2124 items.
 7:38:23.216   2124 items loaded.
 7:38:23.216 [CE][Storage] ver:25 stamp:70, valid:yes, name:"mpmissions\dayzOffline.chernarusplus\storage_1\data\dynamic_006.bin"
 7:38:23.224 [CE][Storage] ver:25 stamp:69, valid:yes, name:"mpmissions\dayzOffline.chernarusplus\storage_1\data\dynamic_006.001"
 7:38:23.228 [CE][Storage] ver:25 stamp:67, valid:yes, name:"mpmissions\dayzOffline.chernarusplus\storage_1\data\dynamic_006.002"
 7:38:23.228 [CE][Storage] Restoring file "mpmissions\dayzOffline.chernarusplus\storage_1\data\dynamic_006.bin" 1499 items.
 7:38:23.551   1499 items loaded.
 7:38:23.551 [CE][Storage] ver:25 stamp:70, valid:yes, name:"mpmissions\dayzOffline.chernarusplus\storage_1\data\dynamic_007.bin"
 7:38:23.555 [CE][Storage] ver:25 stamp:69, valid:yes, name:"mpmissions\dayzOffline.chernarusplus\storage_1\data\dynamic_007.001"
 7:38:23.563 [CE][Storage] ver:25 stamp:67, valid:yes, name:"mpmissions\dayzOffline.chernarusplus\storage_1\data\dynamic_007.002"
 7:38:23.563 [CE][Storage] Restoring file "mpmissions\dayzOffline.chernarusplus\storage_1\data\dynamic_007.bin" 1468 items.
 7:38:23.915   1468 items loaded.
 7:38:23.915 [CE][Storage] ver:25 stamp:70, valid:yes, name:"mpmissions\dayzOffline.chernarusplus\storage_1\data\dynamic_008.bin"
 7:38:23.919 [CE][Storage] ver:25 stamp:69, valid:yes, name:"mpmissions\dayzOffline.chernarusplus\storage_1\data\dynamic_008.001"
 7:38:23.927 [CE][Storage] ver:25 stamp:67, valid:yes, name:"mpmissions\dayzOffline.chernarusplus\storage_1\data\dynamic_008.002"
 7:38:23.927 [CE][Storage] Restoring file "mpmissions\dayzOffline.chernarusplus\storage_1\data\dynamic_008.bin" 2103 items.
 7:38:24.391   2103 items loaded.
 7:38:24.391 [CE][Storage] ver:25 stamp:70, valid:yes, name:"mpmissions\dayzOffline.chernarusplus\storage_1\data\dynamic_009.bin"
 7:38:24.395 [CE][Storage] ver:25 stamp:69, valid:yes, name:"mpmissions\dayzOffline.chernarusplus\storage_1\data\dynamic_009.001"
 7:38:24.403 [CE][Storage] ver:25 stamp:67, valid:yes, name:"mpmissions\dayzOffline.chernarusplus\storage_1\data\dynamic_009.002"
 7:38:24.403 [CE][Storage] Restoring file "mpmissions\dayzOffline.chernarusplus\storage_1\data\dynamic_009.bin" 2688 items.
 7:38:24.963   2688 items loaded.
 7:38:24.967 [CE][Storage] ver:25 stamp:70, valid:yes, name:"mpmissions\dayzOffline.chernarusplus\storage_1\data\dynamic_010.bin"
 7:38:24.971 [CE][Storage] ver:25 stamp:69, valid:yes, name:"mpmissions\dayzOffline.chernarusplus\storage_1\data\dynamic_010.001"
 7:38:24.975 [CE][Storage] ver:25 stamp:67, valid:yes, name:"mpmissions\dayzOffline.chernarusplus\storage_1\data\dynamic_010.002"
 7:38:24.979 [CE][Storage] Restoring file "mpmissions\dayzOffline.chernarusplus\storage_1\data\dynamic_010.bin" 1692 items.
 7:38:25.343   1692 items loaded.
 7:38:25.343 [CE][Storage] ver:25 stamp:70, valid:yes, name:"mpmissions\dayzOffline.chernarusplus\storage_1\data\dynamic_011.bin"
 7:38:25.347 [CE][Storage] ver:25 stamp:69, valid:yes, name:"mpmissions\dayzOffline.chernarusplus\storage_1\data\dynamic_011.001"
 7:38:25.351 [CE][Storage] ver:25 stamp:67, valid:yes, name:"mpmissions\dayzOffline.chernarusplus\storage_1\data\dynamic_011.002"
 7:38:25.351 [CE][Storage] Restoring file "mpmissions\dayzOffline.chernarusplus\storage_1\data\dynamic_011.bin" 166 items.
 7:38:25.387   166 items loaded.
 7:38:25.387 [CE][Storage] ver:25 stamp:70, valid:yes, name:"mpmissions\dayzOffline.chernarusplus\storage_1\data\vehicles.bin"
 7:38:25.395 [CE][Storage] ver:25 stamp:69, valid:yes, name:"mpmissions\dayzOffline.chernarusplus\storage_1\data\vehicles.001"
 7:38:25.399 [CE][Storage] ver:25 stamp:67, valid:yes, name:"mpmissions\dayzOffline.chernarusplus\storage_1\data\vehicles.002"
 7:38:25.399 [CE][Storage] Restoring file "mpmissions\dayzOffline.chernarusplus\storage_1\data\vehicles.bin" 94 items.
 7:38:25.865   94 items loaded.
 7:38:25.965 [CE][Hive] :: Storage load took:5.67 seconds, recovery stamp:70
 7:38:25.965   entity: 23575, building: 0
 7:38:25.965   no lifetime: 1
 7:38:25.965 [CE][Hive] :: Initializing ... 
 7:38:25.977 [CE][InitializeMap] :: initialized: 0
 7:38:25.977 [CE][Hive] :: Initializing spawners ... 
 7:38:26.956 [CE][LootRespawner] (PRIDummy) :: Initially (re)spawned:0, Nominal:20826, Total in Map: 20925 at 0 (sec)
 7:38:26.956   tests:0, repeats:0 fails:0, overtime:0
 7:38:26.956 [CE][DynEvent] :: 37 types
 7:38:26.956 [00] AmbientHen
 7:38:26.956   Primary Spawner: "Ambient", active: yes, repeat: 1
 7:38:26.956 [01] AnimalBear
 7:38:26.956   Primary Spawner: "Animal", active: yes, repeat: 1
 7:38:26.956 [02] AnimalCow
 7:38:26.956   Primary Spawner: "Animal", active: yes, repeat: 1
 7:38:26.956 [03] AnimalDeer
 7:38:26.956   Primary Spawner: "Animal", active: yes, repeat: 1
 7:38:26.956 [04] AnimalGoat
 7:38:26.956   Primary Spawner: "Animal", active: yes, repeat: 1
 7:38:26.956 [05] AnimalPig
 7:38:26.956   Primary Spawner: "Animal", active: yes, repeat: 1
 7:38:26.956 [06] AnimalRoeDeer
 7:38:26.956   Primary Spawner: "Animal", active: yes, repeat: 1
 7:38:26.956 [07] AnimalSheep
 7:38:26.956   Primary Spawner: "Animal", active: yes, repeat: 1
 7:38:26.956 [08] AnimalWildBoar
 7:38:26.956   Primary Spawner: "Animal", active: yes, repeat: 1
 7:38:26.956 [09] AnimalWolf
 7:38:26.956   Primary Spawner: "Animal", active: yes, repeat: 1
 7:38:26.956 [10] InfectedArmy
 7:38:26.956   Primary Spawner: "Infected", active: yes, repeat: 1
 7:38:26.956 [11] InfectedCity
 7:38:26.956   Primary Spawner: "Infected", active: yes, repeat: 1
 7:38:26.956 [12] InfectedFirefighter
 7:38:26.956   Primary Spawner: "Infected", active: yes, repeat: 1
 7:38:26.956 [13] InfectedIndustrial
 7:38:26.956   Primary Spawner: "Infected", active: yes, repeat: 1
 7:38:26.956 [14] InfectedMedic
 7:38:26.956   Primary Spawner: "Infected", active: yes, repeat: 1
 7:38:26.956 [15] InfectedPolice
 7:38:26.956   Primary Spawner: "Infected", active: yes, repeat: 1
 7:38:26.956 [16] InfectedPrisoner
 7:38:26.956   Primary Spawner: "Infected", active: yes, repeat: 1
 7:38:26.956 [17] InfectedReligious
 7:38:26.956   Primary Spawner: "Infected", active: yes, repeat: 1
 7:38:26.956 [18] InfectedSolitude
 7:38:26.956   Primary Spawner: "Infected", active: yes, repeat: 1
 7:38:26.956 [19] InfectedVillage
 7:38:26.956   Primary Spawner: "Infected", active: yes, repeat: 1
 7:38:26.956 [20] ItemPlanks
 7:38:26.956   Primary Spawner: "Item", active: yes, repeat: 1
 7:38:26.956 [21] Loot
 7:38:26.956   Primary Spawner: "Loot", active: yes, repeat: 2
 7:38:26.956 [22] StaticHeliCrash
 7:38:26.956   Primary Spawner: "Vehicle", active: yes, repeat: 1
 7:38:26.956   Secondary Spawner: "Infected", active: yes, repeat: 1
 7:38:26.956 [23] StaticPoliceCar
 7:38:26.956   Primary Spawner: "Vehicle", active: yes, repeat: 1
 7:38:26.956 [24] TrajectoryApple
 7:38:26.956   Primary Spawner: "Trajectory", active: yes, repeat: 1
 7:38:26.956 [25] TrajectoryCanina
 7:38:26.956   Primary Spawner: "Trajectory", active: yes, repeat: 1
 7:38:26.956 [26] TrajectoryConiferous
 7:38:26.956   Primary Spawner: "Trajectory", active: yes, repeat: 1
 7:38:26.956 [27] TrajectoryDeciduous
 7:38:26.956   Primary Spawner: "Trajectory", active: yes, repeat: 1
 7:38:26.956 [28] TrajectoryHumus
 7:38:26.956   Primary Spawner: "Trajectory", active: yes, repeat: 1
 7:38:26.956 [29] TrajectoryPear
 7:38:26.956   Primary Spawner: "Trajectory", active: yes, repeat: 1
 7:38:26.956 [30] TrajectoryPlum
 7:38:26.956   Primary Spawner: "Trajectory", active: yes, repeat: 1
 7:38:26.956 [31] TrajectorySambucus
 7:38:26.956   Primary Spawner: "Trajectory", active: yes, repeat: 1
 7:38:26.956 [32] TrajectoryStones
 7:38:26.956   Primary Spawner: "Trajectory", active: yes, repeat: 1
 7:38:26.960 [33] VehicleCivilianSedan
 7:38:26.960   Primary Spawner: "Vehicle", active: yes, repeat: 1
 7:38:26.960 [34] VehicleHatchback02
 7:38:26.960   Primary Spawner: "Vehicle", active: yes, repeat: 1
 7:38:26.960 [35] VehicleOffroadHatchback
 7:38:26.960   Primary Spawner: "Vehicle", active: yes, repeat: 1
 7:38:26.960 [36] VehicleSedan02
 7:38:26.960   Primary Spawner: "Vehicle", active: yes, repeat: 1
 7:38:26.960 [CE][Hive] :: Initializing of spawners done.
 7:38:26.964 [CE][Hive] :: Init sequence finished.
 7:38:26.964 Player connect enabled
 7:38:27.652 [IdleMode] Entering IN - save processed
 7:40:19.660  --- Termination successfully completed --- 
