

=====================================================================
== C:\Program Files (x86)\Steam\steamapps\common\DayZServer\DayZServer_x64.exe
== DayZServer_x64.exe  -config=serverDZ.cfg -profiles=ServerProfile -limitFPS=60
=====================================================================
Exe timestamp: 2020/07/10 13:13:22
Current time:  2020/07/11 07:28:31

Version 1.08.153258
 7:28:31.518 [Inputs] Loading inputs default "bin/constants.xml"
 7:28:31.534 [Inputs] Loading inputs default "bin/specific.xml"
 7:28:31.534 !!! [Inputs] Invalid input name used "UAUIInspectItem" for context "ui" in "bin/specific.xml"
 7:28:31.534 [Inputs] Loading inputs cfg "ServerProfile\Users\Survivor\Server.core.xml"
 7:28:31.534 !!! [Inputs] Cannot read inputs cfg "ServerProfile\Users\Survivor\Server.core.xml", parser error
 7:28:31.534 [Inputs] Loading inputs cfg "bin/core.xml"
 7:28:31.534 !!! [Inputs] Cannot load input preset "user", file does not exist
 7:28:31.534 [Inputs] Exporting inputs cfg "ServerProfile\Users\Survivor\Server.core.xml"
 7:28:35.34  --- Termination successfully completed --- 
