

=====================================================================
== C:\Program Files (x86)\Steam\steamapps\common\DayZServer\DayZServer_x64.exe
== DayZServer_x64.exe  -config=serverDZ.cfg -profiles=ServerProfile -limitFPS=30
=====================================================================
Exe timestamp: 2020/07/10 13:13:22
Current time:  2020/07/11 06:32:56

Version 1.08.153258
 6:32:56.69 [Inputs] Loading inputs default "bin/constants.xml"
 6:32:56.69 [Inputs] Loading inputs default "bin/specific.xml"
 6:32:56.69 !!! [Inputs] Invalid input name used "UAUIInspectItem" for context "ui" in "bin/specific.xml"
 6:32:56.69 [Inputs] Loading inputs cfg "ServerProfile\Users\Survivor\Server.core.xml"
 6:32:56.69 !!! [Inputs] Cannot read inputs cfg "ServerProfile\Users\Survivor\Server.core.xml", parser error
 6:32:56.69 [Inputs] Loading inputs cfg "bin/core.xml"
 6:32:56.69 !!! [Inputs] Cannot load input preset "user", file does not exist
 6:32:56.69 [Inputs] Exporting inputs cfg "ServerProfile\Users\Survivor\Server.core.xml"
 6:33:09.268 [CE][Hive] :: Initializing OFFLINE
 6:33:09.268 [CE][Hive] :: Loading core data ... 
 6:33:09.268 [CE][CoreData] :: 7 root classes, 18 defaults, 0 updaters...
 6:33:09.299 [CE][offlineDB] :: Conversion of characters started.
 6:33:09.330 [CE][offlineDB] :: Processing 0 players.
 6:33:09.330 [CE][offlineDB] :: Conversion of characters successfully completed.
 6:33:11.408 [CE] :: WARNING :: Preset map "optics" is EMPTY.
 6:33:11.408 [CE] :: WARNING :: Preset (attachments) with name 'bagsCity' was not found.
 6:33:11.408 [CE] :: WARNING :: Preset (attachments) with name 'bagsCity' was not found.
 6:33:11.408 [CE] :: WARNING :: Preset (attachments) with name 'bagsCity' was not found.
 6:33:11.408 [CE] :: WARNING :: Preset (attachments) with name 'bagsCity' was not found.
 6:33:11.408 [CE] :: WARNING :: Preset (attachments) with name 'bagsCity' was not found.
 6:33:11.408 [CE] :: WARNING :: Preset (attachments) with name 'bagsCity' was not found.
 6:33:11.408 [CE] :: WARNING :: Preset (attachments) with name 'bagsCity' was not found.
 6:33:11.408 [CE] :: WARNING :: Preset (attachments) with name 'bagsCity' was not found.
 6:33:11.408 [CE] :: WARNING :: Preset (attachments) with name 'bagsCity' was not found.
 6:33:11.408 [CE] :: WARNING :: Preset (attachments) with name 'bagsCity' was not found.
 6:33:11.408 [CE] :: WARNING :: Preset (attachments) with name 'bagsCity' was not found.
 6:33:11.408 [CE] :: WARNING :: Preset (attachments) with name 'bagsCity' was not found.
 6:33:11.408 [CE] :: WARNING :: Preset (attachments) with name 'bagsCity' was not found.
 6:33:11.408 [CE] :: WARNING :: Preset (attachments) with name 'bagsCity' was not found.
 6:33:11.408 [CE] :: WARNING :: Preset (attachments) with name 'hatsCitySkate' was not found.
 6:33:11.408 [CE] :: WARNING :: Preset (attachments) with name 'bagsCity' was not found.
 6:33:11.408 [CE] :: WARNING :: Preset (attachments) with name 'hatsCitySkate' was not found.
 6:33:11.408 [CE] :: WARNING :: Preset (attachments) with name 'bagsCity' was not found.
 6:33:11.408 [CE] :: WARNING :: Preset (attachments) with name 'hatsCitySkate' was not found.
 6:33:11.408 [CE] :: WARNING :: Preset (attachments) with name 'bagsCity' was not found.
 6:33:11.408 [CE] :: WARNING :: Preset (attachments) with name 'bagsCity' was not found.
 6:33:11.408 [CE] :: WARNING :: Preset (attachments) with name 'bagsCity' was not found.
 6:33:11.408 [CE] :: WARNING :: Preset (attachments) with name 'bagsCity' was not found.
 6:33:11.408 [CE] :: WARNING :: Preset (attachments) with name 'bagsCity' was not found.
 6:33:11.408 [CE] :: WARNING :: Preset (attachments) with name 'bagsCity' was not found.
 6:33:11.408 [CE] :: WARNING :: Preset (attachments) with name 'bagsCity' was not found.
 6:33:11.408 [CE] :: WARNING :: Preset (attachments) with name 'bagsCity' was not found.
 6:33:11.408 [CE] :: WARNING :: Preset (attachments) with name 'bagsCity' was not found.
 6:33:11.408 [CE] :: WARNING :: Preset (attachments) with name 'bagsCity' was not found.
 6:33:11.408 [CE] :: WARNING :: Preset (attachments) with name 'bagsCity' was not found.
 6:33:11.408 [CE] :: WARNING :: Preset (attachments) with name 'bagsCity' was not found.
 6:33:11.408 [CE] :: WARNING :: Preset (attachments) with name 'bagsCity' was not found.
 6:33:11.408 [CE] :: WARNING :: Preset (attachments) with name 'bagsCity' was not found.
 6:33:11.408 [CE] :: WARNING :: Preset (attachments) with name 'bagsCity' was not found.
 6:33:11.408 [CE] :: WARNING :: Preset (attachments) with name 'bagsCity' was not found.
 6:33:11.408 [CE] :: WARNING :: Preset (attachments) with name 'bagsCity' was not found.
 6:33:11.408 [CE] :: WARNING :: Preset (attachments) with name 'bagsCity' was not found.
 6:33:11.408 [CE] :: WARNING :: Preset (attachments) with name 'bagsCity' was not found.
 6:33:11.408 [CE] :: WARNING :: Preset (attachments) with name 'bagsCity' was not found.
 6:33:11.408 [CE] :: WARNING :: Preset (attachments) with name 'bagsCity' was not found.
 6:33:11.408 [CE] :: WARNING :: Preset (attachments) with name 'bagsCity' was not found.
 6:33:11.408 [CE] :: WARNING :: Preset (attachments) with name 'bagsCity' was not found.
 6:33:11.408 [CE] :: WARNING :: Preset (attachments) with name 'bagsCity' was not found.
 6:33:11.408 [CE] :: WARNING :: Preset (attachments) with name 'bagsCity' was not found.
 6:33:11.408 [CE] :: WARNING :: Preset (attachments) with name 'bagsCity' was not found.
 6:33:11.408 [CE] :: WARNING :: Preset (attachments) with name 'hatsMotorbike' was not found.
 6:33:11.408 [CE] :: WARNING :: Preset (attachments) with name 'hatsMotorbike' was not found.
 6:33:11.408 [CE] :: WARNING :: Preset (attachments) with name 'hatsMotorbike' was not found.
 6:33:11.408 [CE] :: WARNING :: Preset (attachments) with name 'hatsCitySkate' was not found.
 6:33:11.408 [CE] :: WARNING :: Preset (attachments) with name 'bagsCity' was not found.
 6:33:11.408 [CE] :: WARNING :: Preset (attachments) with name 'hatsCitySkate' was not found.
 6:33:11.408 [CE] :: WARNING :: Preset (attachments) with name 'bagsCity' was not found.
 6:33:11.408 [CE] :: WARNING :: Preset (attachments) with name 'hatsCitySkate' was not found.
 6:33:11.408 [CE] :: WARNING :: Preset (attachments) with name 'bagsCity' was not found.
 6:33:11.408 [CE] :: WARNING :: Preset (attachments) with name 'hatsCitySkate' was not found.
 6:33:11.408 [CE] :: WARNING :: Preset (attachments) with name 'bagsCity' was not found.
 6:33:11.408 [CE] :: WARNING :: Preset (attachments) with name 'hatsIndustrial' was not found.
 6:33:11.408 [CE] :: WARNING :: Preset (attachments) with name 'bagsIndustrial' was not found.
 6:33:11.408 [CE] :: WARNING :: Preset (attachments) with name 'hatsIndustrial' was not found.
 6:33:11.408 [CE] :: WARNING :: Preset (attachments) with name 'bagsIndustrial' was not found.
 6:33:11.408 [CE] :: WARNING :: Preset (attachments) with name 'hatsIndustrial' was not found.
 6:33:11.408 [CE] :: WARNING :: Preset (attachments) with name 'bagsIndustrial' was not found.
 6:33:11.408 [CE] :: WARNING :: Preset (attachments) with name 'hatsIndustrial' was not found.
 6:33:11.408 [CE] :: WARNING :: Preset (attachments) with name 'bagsIndustrial' was not found.
 6:33:11.408 [CE] :: WARNING :: Preset (attachments) with name 'hatsIndustrial' was not found.
 6:33:11.408 [CE] :: WARNING :: Preset (attachments) with name 'bagsIndustrial' was not found.
 6:33:11.408 [CE] :: WARNING :: Preset (attachments) with name 'hatsIndustrial' was not found.
 6:33:11.408 [CE] :: WARNING :: Preset (attachments) with name 'bagsIndustrial' was not found.
 6:33:11.408 [CE] :: WARNING :: Preset (attachments) with name 'hatsIndustrial' was not found.
 6:33:11.408 [CE] :: WARNING :: Preset (attachments) with name 'bagsIndustrial' was not found.
 6:33:11.408 [CE] :: WARNING :: Preset (attachments) with name 'hatsIndustrial' was not found.
 6:33:11.408 [CE] :: WARNING :: Preset (attachments) with name 'bagsIndustrial' was not found.
 6:33:11.408 [CE] :: WARNING :: Preset (attachments) with name 'hatsIndustrial' was not found.
 6:33:11.408 [CE] :: WARNING :: Preset (attachments) with name 'bagsIndustrial' was not found.
 6:33:11.408 [CE] :: WARNING :: Preset (attachments) with name 'hatsIndustrial' was not found.
 6:33:11.408 [CE] :: WARNING :: Preset (attachments) with name 'bagsIndustrial' was not found.
 6:33:11.408 [CE] :: WARNING :: Preset (attachments) with name 'hatsIndustrial' was not found.
 6:33:11.408 [CE] :: WARNING :: Preset (attachments) with name 'bagsIndustrial' was not found.
 6:33:11.408 [CE] :: WARNING :: Preset (attachments) with name 'hatsIndustrial' was not found.
 6:33:11.408 [CE] :: WARNING :: Preset (attachments) with name 'bagsIndustrial' was not found.
 6:33:11.408 [CE] :: WARNING :: Preset (attachments) with name 'hatsIndustrial' was not found.
 6:33:11.408 [CE] :: WARNING :: Preset (attachments) with name 'bagsIndustrial' was not found.
 6:33:11.408 [CE] :: WARNING :: Preset (attachments) with name 'hatsIndustrial' was not found.
 6:33:11.408 [CE] :: WARNING :: Preset (attachments) with name 'bagsIndustrial' was not found.
 6:33:11.408 [CE] :: WARNING :: Preset (attachments) with name 'hatsIndustrial' was not found.
 6:33:11.408 [CE] :: WARNING :: Preset (attachments) with name 'bagsIndustrial' was not found.
 6:33:11.408 [CE] :: WARNING :: Preset (attachments) with name 'hatsIndustrial' was not found.
 6:33:11.408 [CE] :: WARNING :: Preset (attachments) with name 'bagsIndustrial' was not found.
 6:33:11.408 [CE] :: WARNING :: Preset (attachments) with name 'hatsIndustrial' was not found.
 6:33:11.408 [CE] :: WARNING :: Preset (attachments) with name 'bagsIndustrial' was not found.
 6:33:11.408 [CE] :: WARNING :: Preset (attachments) with name 'hatsIndustrial' was not found.
 6:33:11.408 [CE] :: WARNING :: Preset (attachments) with name 'bagsIndustrial' was not found.
 6:33:11.408 [CE] :: WARNING :: Preset (attachments) with name 'hatsIndustrial' was not found.
 6:33:11.408 [CE] :: WARNING :: Preset (attachments) with name 'bagsIndustrial' was not found.
 6:33:11.408 [CE] :: WARNING :: Preset (attachments) with name 'hatsIndustrial' was not found.
 6:33:11.408 [CE] :: WARNING :: Preset (attachments) with name 'bagsIndustrial' was not found.
 6:33:11.408 [CE] :: WARNING :: Preset (attachments) with name 'hatsIndustrial' was not found.
 6:33:11.408 [CE] :: WARNING :: Preset (attachments) with name 'bagsIndustrial' was not found.
 6:33:11.408 [CE] :: WARNING :: Preset (attachments) with name 'hatsIndustrial' was not found.
 6:33:11.408 [CE] :: WARNING :: Preset (attachments) with name 'bagsIndustrial' was not found.
 6:33:11.408 [CE] :: WARNING :: Preset (attachments) with name 'hatsIndustrial' was not found.
 6:33:11.408 [CE] :: WARNING :: Preset (attachments) with name 'bagsIndustrial' was not found.
 6:33:11.408 [CE] :: WARNING :: Preset (attachments) with name 'hatsIndustrial' was not found.
 6:33:11.408 [CE] :: WARNING :: Preset (attachments) with name 'bagsIndustrial' was not found.
 6:33:11.408 [CE] :: WARNING :: Preset (attachments) with name 'hatsIndustrial' was not found.
 6:33:11.408 [CE] :: WARNING :: Preset (attachments) with name 'bagsIndustrial' was not found.
 6:33:11.408 [CE] :: WARNING :: Preset (attachments) with name 'hatsIndustrial' was not found.
 6:33:11.408 [CE] :: WARNING :: Preset (attachments) with name 'bagsIndustrial' was not found.
 6:33:11.408 [CE] :: WARNING :: Preset (attachments) with name 'hatsFirefighter' was not found.
 6:33:11.408 [CE] :: WARNING :: Preset (attachments) with name 'hatsMedic' was not found.
 6:33:11.408 [CE] :: WARNING :: Preset (attachments) with name 'hatsMedic' was not found.
 6:33:11.408 [CE] :: WARNING :: Preset (attachments) with name 'hatsPolice' was not found.
 6:33:11.408 [CE] :: WARNING :: Preset (attachments) with name 'vestsPolice' was not found.
 6:33:11.408 [CE] :: WARNING :: Preset (attachments) with name 'hatsPolice' was not found.
 6:33:11.408 [CE] :: WARNING :: Preset (attachments) with name 'vestsPolice' was not found.
 6:33:11.408 [CE] :: WARNING :: Preset (attachments) with name 'hatsPolice' was not found.
 6:33:11.408 [CE] :: WARNING :: Preset (attachments) with name 'vestsPolice' was not found.
 6:33:11.408 [CE] :: WARNING :: Preset (attachments) with name 'hatsPrisoner' was not found.
 6:33:11.408 [CE] :: WARNING :: Preset (attachments) with name 'hatsFarm' was not found.
 6:33:11.408 [CE] :: WARNING :: Preset (attachments) with name 'hatsFarm' was not found.
 6:33:11.408 [CE] :: WARNING :: Preset (attachments) with name 'hatsFarm' was not found.
 6:33:11.408 [CE] :: WARNING :: Preset (attachments) with name 'hatsFarm' was not found.
 6:33:11.408 [CE] :: WARNING :: Preset (attachments) with name 'hatsFarm' was not found.
 6:33:11.408 [CE] :: WARNING :: Preset (attachments) with name 'hatsFarm' was not found.
 6:33:11.408 [CE] :: WARNING :: Preset (attachments) with name 'hatsFarm' was not found.
 6:33:11.408 [CE] :: WARNING :: Preset (attachments) with name 'hatsFarm' was not found.
 6:33:11.408 [CE] :: WARNING :: Preset (attachments) with name 'hatsFarm' was not found.
 6:33:11.408 [CE] :: WARNING :: Preset (attachments) with name 'hatsFarm' was not found.
 6:33:11.408 [CE] :: WARNING :: Preset (attachments) with name 'hatsFarm' was not found.
 6:33:11.408 [CE] :: WARNING :: Preset (attachments) with name 'hatsFarm' was not found.
 6:33:11.408 [CE] :: WARNING :: Preset (attachments) with name 'hatsFarm' was not found.
 6:33:11.408 [CE] :: WARNING :: Preset (attachments) with name 'hatsFarm' was not found.
 6:33:11.408 [CE] :: WARNING :: Preset (attachments) with name 'hatsFarm' was not found.
 6:33:11.408 [CE] :: WARNING :: Preset (attachments) with name 'hatsFarm' was not found.
 6:33:11.408 [CE] :: WARNING :: Preset (attachments) with name 'hatsFarm' was not found.
 6:33:11.408 [CE] :: WARNING :: Preset (attachments) with name 'hatsFarm' was not found.
 6:33:11.408 [CE] :: WARNING :: Preset (attachments) with name 'hatsFarm' was not found.
 6:33:11.408 [CE] :: WARNING :: Preset (attachments) with name 'hatsFarm' was not found.
 6:33:11.408 [CE] :: WARNING :: Preset (attachments) with name 'hatsFarm' was not found.
 6:33:11.408 [CE] :: WARNING :: Preset (attachments) with name 'hatsFarm' was not found.
 6:33:11.408 [CE] :: WARNING :: Preset (attachments) with name 'hatsFarm' was not found.
 6:33:11.408 [CE] :: WARNING :: Preset (attachments) with name 'hatsFarm' was not found.
 6:33:11.408 [CE] :: WARNING :: Preset (attachments) with name 'hatsFarm' was not found.
 6:33:11.408 [CE] :: WARNING :: Preset (attachments) with name 'hatsFarm' was not found.
 6:33:11.408 [CE] :: WARNING :: Preset (attachments) with name 'hatsFarm' was not found.
 6:33:11.408 [CE] :: WARNING :: Preset (attachments) with name 'hatsFarm' was not found.
 6:33:11.408 [CE] :: WARNING :: Preset (attachments) with name 'hatsFarm' was not found.
 6:33:11.408 [CE] :: WARNING :: Preset (attachments) with name 'hatsFarm' was not found.
 6:33:11.408 [CE] :: WARNING :: Preset (attachments) with name 'hatsFarm' was not found.
 6:33:11.408 [CE] :: WARNING :: Preset (attachments) with name 'hatsFarm' was not found.
 6:33:11.408 [CE] :: WARNING :: Preset (attachments) with name 'hatsFarm' was not found.
 6:33:11.408 [CE][TypeSetup] :: 263 classes setuped...
 6:33:11.486 [CE][RegisterBind] :: 0 classes binded...
 6:33:11.486 [CE][RegisterConfig] :: 2924 config classes registered, 1 sub-counters...
 6:33:11.486 [CE][Hive] :: Loading map data ... 
 6:33:11.517 !!! [CE] :: Unknown category: 'vehicleparts'.
 6:33:11.517 !!! [CE] :: Unknown category: 'vehicleparts'.
 6:33:11.517 !!! [CE] :: Unknown category: 'vehicleparts'.
 6:33:11.517 !!! [CE] :: Unknown category: 'vehicleparts'.
 6:33:11.517 !!! [CE] :: Unknown category: 'vehicleparts'.
 6:33:11.517 !!! [CE] :: Unknown category: 'vehicleparts'.
 6:33:11.517 !!! [CE] :: Unknown category: 'vehicleparts'.
 6:33:11.517 !!! [CE] :: Unknown category: 'vehicleparts'.
 6:33:11.517 !!! [CE] :: Unknown category: 'vehicleparts'.
 6:33:11.517 !!! [CE] :: Unknown category: 'vehicleparts'.
 6:33:11.517 !!! [CE] :: Unknown category: 'vehicleparts'.
 6:33:11.517 !!! [CE] :: Unknown category: 'vehicleparts'.
 6:33:11.517 !!! [CE] :: Unknown category: 'vehicleparts'.
 6:33:11.517 !!! [CE] :: Unknown category: 'vehicleparts'.
 6:33:11.517 !!! [CE] :: Unknown category: 'vehicleparts'.
 6:33:11.517 !!! [CE] :: Unknown category: 'vehicleparts'.
 6:33:11.517 !!! [CE] :: Unknown category: 'vehicleparts'.
 6:33:11.517 !!! [CE] :: Unknown category: 'vehicleparts'.
 6:33:11.517 !!! [CE] :: Unknown category: 'vehicleparts'.
 6:33:11.517 !!! [CE] :: Unknown category: 'vehicleparts'.
 6:33:11.517 !!! [CE] :: Unknown category: 'vehicleparts'.
 6:33:11.517 !!! [CE] :: Unknown category: 'vehicleparts'.
 6:33:11.517 !!! [CE] :: Unknown category: 'vehicleparts'.
 6:33:11.517 !!! [CE] :: Unknown category: 'vehicleparts'.
 6:33:11.517 [CE][LoadPrototype] :: loaded 329 prototypes
 6:33:11.517   701 containers, 9117 points
 6:33:11.517   24 dispatches, 90 proxies
 6:33:11.517 !!! [CE][LoadPrototype] 12 groups have no points...
 6:33:11.517 !!![CE][LoadPrototype]  3 groups have wrong points...
 6:33:11.517 [CE][LoadPrototype] :: last group name: Land_Lunapark_Autodrome...
 6:33:11.533 [CE][LoadPrototype] :: loaded 0 prototypes
 6:33:11.533   0 containers, 0 points
 6:33:11.533   0 dispatches, 0 proxies
 6:33:11.533 [CE][LoadPrototype] :: last group name: Rail9...
 6:33:12.49 [CE][LoadMap] "Group" :: loaded 11599 groups, largest group range: 34.2
 6:33:12.49 [CE][LoadMap] "Dirt" :: loaded 0 groups, largest group range: 34.2
 6:33:12.471 [CE][Links] found 1896 total links between groups, of 11599
 6:33:12.471 [CE][LoadClusters] "Cluster" :: Loading files...
 6:33:12.642 [CE][LoadClusters] :: file: "mapgroupcluster.xml", 9 types, 50000 instances
 6:33:12.846 [CE][LoadClusters] :: file: "mapgroupcluster01", 9 types, 50000 instances
 6:33:13.33 [CE][LoadClusters] :: file: "mapgroupcluster02", 9 types, 50000 instances
 6:33:13.220 [CE][LoadClusters] :: file: "mapgroupcluster03", 9 types, 50000 instances
 6:33:13.299 [CE][LoadClusters] :: file: "mapgroupcluster04", 9 types, 17229 instances
 6:33:13.314 [CE][Storage] ver:0 stamp:0, valid:NO, name:"mpmissions\dayzOffline.chernarusplus\storage_1\data\types.bin"
 6:33:13.314 [CE][Storage] ver:0 stamp:0, valid:NO, name:"mpmissions\dayzOffline.chernarusplus\storage_1\data\types.001"
 6:33:13.314 [CE][Storage] ver:0 stamp:0, valid:NO, name:"mpmissions\dayzOffline.chernarusplus\storage_1\data\types.002"
 6:33:13.314 [CE][offlineDB] :: Loaded 37 dynamic events 216 total types 0 total positions.
 6:33:13.330 !!! [CE] :: Unknown usage: 'Lunapark'.
 6:33:13.330 [CE][Storage] ver:0 stamp:0, valid:NO, name:"mpmissions\dayzOffline.chernarusplus\storage_1\data\events.bin"
 6:33:13.330 [CE][Storage] ver:0 stamp:0, valid:NO, name:"mpmissions\dayzOffline.chernarusplus\storage_1\data\events.001"
 6:33:13.330 [CE][Storage] ver:0 stamp:0, valid:NO, name:"mpmissions\dayzOffline.chernarusplus\storage_1\data\events.002"
 6:33:13.330 [CE][Storage] ver:0 stamp:0, valid:NO, name:"mpmissions\dayzOffline.chernarusplus\storage_1\data\dynamic_000.bin"
 6:33:13.330 [CE][Storage] ver:0 stamp:0, valid:NO, name:"mpmissions\dayzOffline.chernarusplus\storage_1\data\dynamic_000.001"
 6:33:13.330 [CE][Storage] ver:0 stamp:0, valid:NO, name:"mpmissions\dayzOffline.chernarusplus\storage_1\data\dynamic_000.002"
 6:33:13.330 [CE][Storage] ver:0 stamp:0, valid:NO, name:"mpmissions\dayzOffline.chernarusplus\storage_1\data\dynamic_001.bin"
 6:33:13.330 [CE][Storage] ver:0 stamp:0, valid:NO, name:"mpmissions\dayzOffline.chernarusplus\storage_1\data\dynamic_001.001"
 6:33:13.330 [CE][Storage] ver:0 stamp:0, valid:NO, name:"mpmissions\dayzOffline.chernarusplus\storage_1\data\dynamic_001.002"
 6:33:13.330 [CE][Storage] ver:0 stamp:0, valid:NO, name:"mpmissions\dayzOffline.chernarusplus\storage_1\data\dynamic_002.bin"
 6:33:13.330 [CE][Storage] ver:0 stamp:0, valid:NO, name:"mpmissions\dayzOffline.chernarusplus\storage_1\data\dynamic_002.001"
 6:33:13.330 [CE][Storage] ver:0 stamp:0, valid:NO, name:"mpmissions\dayzOffline.chernarusplus\storage_1\data\dynamic_002.002"
 6:33:13.330 [CE][Storage] ver:0 stamp:0, valid:NO, name:"mpmissions\dayzOffline.chernarusplus\storage_1\data\dynamic_003.bin"
 6:33:13.330 [CE][Storage] ver:0 stamp:0, valid:NO, name:"mpmissions\dayzOffline.chernarusplus\storage_1\data\dynamic_003.001"
 6:33:13.330 [CE][Storage] ver:0 stamp:0, valid:NO, name:"mpmissions\dayzOffline.chernarusplus\storage_1\data\dynamic_003.002"
 6:33:13.330 [CE][Storage] ver:0 stamp:0, valid:NO, name:"mpmissions\dayzOffline.chernarusplus\storage_1\data\dynamic_004.bin"
 6:33:13.330 [CE][Storage] ver:0 stamp:0, valid:NO, name:"mpmissions\dayzOffline.chernarusplus\storage_1\data\dynamic_004.001"
 6:33:13.330 [CE][Storage] ver:0 stamp:0, valid:NO, name:"mpmissions\dayzOffline.chernarusplus\storage_1\data\dynamic_004.002"
 6:33:13.330 [CE][Storage] ver:0 stamp:0, valid:NO, name:"mpmissions\dayzOffline.chernarusplus\storage_1\data\dynamic_005.bin"
 6:33:13.330 [CE][Storage] ver:0 stamp:0, valid:NO, name:"mpmissions\dayzOffline.chernarusplus\storage_1\data\dynamic_005.001"
 6:33:13.330 [CE][Storage] ver:0 stamp:0, valid:NO, name:"mpmissions\dayzOffline.chernarusplus\storage_1\data\dynamic_005.002"
 6:33:13.330 [CE][Storage] ver:0 stamp:0, valid:NO, name:"mpmissions\dayzOffline.chernarusplus\storage_1\data\dynamic_006.bin"
 6:33:13.330 [CE][Storage] ver:0 stamp:0, valid:NO, name:"mpmissions\dayzOffline.chernarusplus\storage_1\data\dynamic_006.001"
 6:33:13.330 [CE][Storage] ver:0 stamp:0, valid:NO, name:"mpmissions\dayzOffline.chernarusplus\storage_1\data\dynamic_006.002"
 6:33:13.330 [CE][Storage] ver:0 stamp:0, valid:NO, name:"mpmissions\dayzOffline.chernarusplus\storage_1\data\dynamic_007.bin"
 6:33:13.330 [CE][Storage] ver:0 stamp:0, valid:NO, name:"mpmissions\dayzOffline.chernarusplus\storage_1\data\dynamic_007.001"
 6:33:13.330 [CE][Storage] ver:0 stamp:0, valid:NO, name:"mpmissions\dayzOffline.chernarusplus\storage_1\data\dynamic_007.002"
 6:33:13.330 [CE][Storage] ver:0 stamp:0, valid:NO, name:"mpmissions\dayzOffline.chernarusplus\storage_1\data\dynamic_008.bin"
 6:33:13.330 [CE][Storage] ver:0 stamp:0, valid:NO, name:"mpmissions\dayzOffline.chernarusplus\storage_1\data\dynamic_008.001"
 6:33:13.330 [CE][Storage] ver:0 stamp:0, valid:NO, name:"mpmissions\dayzOffline.chernarusplus\storage_1\data\dynamic_008.002"
 6:33:13.330 [CE][Storage] ver:0 stamp:0, valid:NO, name:"mpmissions\dayzOffline.chernarusplus\storage_1\data\dynamic_009.bin"
 6:33:13.330 [CE][Storage] ver:0 stamp:0, valid:NO, name:"mpmissions\dayzOffline.chernarusplus\storage_1\data\dynamic_009.001"
 6:33:13.330 [CE][Storage] ver:0 stamp:0, valid:NO, name:"mpmissions\dayzOffline.chernarusplus\storage_1\data\dynamic_009.002"
 6:33:13.330 [CE][Storage] ver:0 stamp:0, valid:NO, name:"mpmissions\dayzOffline.chernarusplus\storage_1\data\dynamic_010.bin"
 6:33:13.330 [CE][Storage] ver:0 stamp:0, valid:NO, name:"mpmissions\dayzOffline.chernarusplus\storage_1\data\dynamic_010.001"
 6:33:13.330 [CE][Storage] ver:0 stamp:0, valid:NO, name:"mpmissions\dayzOffline.chernarusplus\storage_1\data\dynamic_010.002"
 6:33:13.330 [CE][Storage] ver:0 stamp:0, valid:NO, name:"mpmissions\dayzOffline.chernarusplus\storage_1\data\dynamic_011.bin"
 6:33:13.330 [CE][Storage] ver:0 stamp:0, valid:NO, name:"mpmissions\dayzOffline.chernarusplus\storage_1\data\dynamic_011.001"
 6:33:13.330 [CE][Storage] ver:0 stamp:0, valid:NO, name:"mpmissions\dayzOffline.chernarusplus\storage_1\data\dynamic_011.002"
 6:33:13.330 [CE][Storage] ver:0 stamp:0, valid:NO, name:"mpmissions\dayzOffline.chernarusplus\storage_1\data\vehicles.bin"
 6:33:13.330 [CE][Storage] ver:0 stamp:0, valid:NO, name:"mpmissions\dayzOffline.chernarusplus\storage_1\data\vehicles.001"
 6:33:13.330 [CE][Storage] ver:0 stamp:0, valid:NO, name:"mpmissions\dayzOffline.chernarusplus\storage_1\data\vehicles.002"
 6:33:13.330 [CE][Hive] :: Empty storage folder, reinitializing ... 
 6:33:13.330 [CE][Hive] :: Initializing ... 
 6:33:13.345 [CE][InitializeMap] :: initialized: 0
 6:33:13.345 [CE][Hive] :: Initializing spawners ... 
 6:33:14.379 [CE][LootRespawner] (PRIDummy) :: Item [0] causing search overtime: "HatchbackHood_WhiteRust"
 6:33:14.379 [CE][LootRespawner] (PRIDummy) :: Item [1] causing search overtime: "HatchbackHood_WhiteRust"
 6:33:14.379 [CE][LootRespawner] (PRIDummy) :: Item [2] causing search overtime: "HatchbackHood_WhiteRust"
 6:33:14.379 [CE][LootRespawner] (PRIDummy) :: Item [3] causing search overtime: "HatchbackHood_WhiteRust"
 6:33:14.379 [CE][LootRespawner] (PRIDummy) :: Item [4] causing search overtime: "HatchbackHood_WhiteRust"
 6:33:14.379 [CE][LootRespawner] (PRIDummy) :: Item [5] causing search overtime: "HatchbackHood_WhiteRust"
 6:33:14.379 [CE][LootRespawner] (PRIDummy) :: Item [6] causing search overtime: "HatchbackHood_WhiteRust"
 6:33:14.379 [CE][LootRespawner] (PRIDummy) :: Item [7] causing search overtime: "HatchbackHood_WhiteRust"
 6:33:14.379 [CE][LootRespawner] (PRIDummy) :: Item [8] causing search overtime: "HatchbackHood_WhiteRust"
 6:33:14.379 [CE][LootRespawner] (PRIDummy) :: Item [9] causing search overtime: "HatchbackHood_WhiteRust"
 6:33:14.379 [CE][LootRespawner] (PRIDummy) :: Item [10] causing search overtime: "HatchbackHood_WhiteRust"
 6:33:14.379 [CE][LootRespawner] (PRIDummy) :: Item [11] causing search overtime: "HatchbackHood_WhiteRust"
 6:33:14.379 [CE][LootRespawner] (PRIDummy) :: Item [12] causing search overtime: "HatchbackHood_WhiteRust"
 6:33:14.379 [CE][LootRespawner] (PRIDummy) :: Item [13] causing search overtime: "HatchbackHood_WhiteRust"
 6:33:14.379 [CE][LootRespawner] (PRIDummy) :: Item [14] causing search overtime: "HatchbackHood_WhiteRust"
 6:33:14.379 [CE][LootRespawner] (PRIDummy) :: Item [15] causing search overtime: "HatchbackHood_WhiteRust"
 6:33:14.394 [CE][LootRespawner] (PRIDummy) :: Item [16] causing search overtime: "HatchbackHood_WhiteRust"
 6:33:14.394 [CE][LootRespawner] (PRIDummy) :: Item [17] causing search overtime: "HatchbackHood_WhiteRust"
 6:33:14.394 [CE][LootRespawner] (PRIDummy) :: Item [18] causing search overtime: "HatchbackHood_WhiteRust"
 6:33:14.394 [CE][LootRespawner] (PRIDummy) :: Item [19] causing search overtime: "CivSedanTrunk_WineRust"
 6:33:16.66 [CE][LootRespawner] (PRIDummy) :: Item [0] is hard to place, performance drops: "PrisonerCap"
 6:33:16.66 [CE][LootRespawner] (PRIDummy) :: Item [1] is hard to place, performance drops: "PrisonerCap"
 6:33:16.66 [CE][LootRespawner] (PRIDummy) :: Item [2] is hard to place, performance drops: "PrisonerCap"
 6:33:16.66 [CE][LootRespawner] (PRIDummy) :: Item [3] is hard to place, performance drops: "PrisonerCap"
 6:33:16.66 [CE][LootRespawner] (PRIDummy) :: Item [4] is hard to place, performance drops: "PrisonerCap"
 6:33:16.66 [CE][LootRespawner] (PRIDummy) :: Item [5] is hard to place, performance drops: "PrisonerCap"
 6:33:16.66 [CE][LootRespawner] (PRIDummy) :: Item [6] is hard to place, performance drops: "PrisonerCap"
 6:33:16.66 [CE][LootRespawner] (PRIDummy) :: Item [7] is hard to place, performance drops: "PrisonerCap"
 6:33:16.66 [CE][LootRespawner] (PRIDummy) :: Item [8] is hard to place, performance drops: "PrisonerCap"
 6:33:16.66 [CE][LootRespawner] (PRIDummy) :: Item [9] is hard to place, performance drops: "PrisonerCap"
 6:33:16.66 [CE][LootRespawner] (PRIDummy) :: Item [10] is hard to place, performance drops: "PrisonerCap"
 6:33:16.66 [CE][LootRespawner] (PRIDummy) :: Item [11] is hard to place, performance drops: "PrisonerCap"
 6:33:16.66 [CE][LootRespawner] (PRIDummy) :: Item [12] is hard to place, performance drops: "PrisonerCap"
 6:33:16.66 [CE][LootRespawner] (PRIDummy) :: Item [13] is hard to place, performance drops: "PrisonerCap"
 6:33:16.66 [CE][LootRespawner] (PRIDummy) :: Item [14] is hard to place, performance drops: "PrisonerCap"
 6:33:16.66 [CE][LootRespawner] (PRIDummy) :: Item [15] is hard to place, performance drops: "PrisonerCap"
 6:33:16.66 [CE][LootRespawner] (PRIDummy) :: Item [16] is hard to place, performance drops: "PrisonerCap"
 6:33:16.66 [CE][LootRespawner] (PRIDummy) :: Item [17] is hard to place, performance drops: "PrisonerCap"
 6:33:16.66 [CE][LootRespawner] (PRIDummy) :: Item [18] is hard to place, performance drops: "PrisonerCap"
 6:33:16.66 [CE][LootRespawner] (PRIDummy) :: Item [19] is hard to place, performance drops: "PrisonerCap"
 6:33:19.160 !!! [CE][Point] Removing 11162.427734, 2436.680664 from Land_Boat_Small1
 6:33:19.300 [CE][LootRespawner] (PRIDummy) :: Initially (re)spawned:20826, Nominal:20826, Total in Map: 19383 at 4 (sec)
 6:33:19.300   tests:21019, repeats:86 fails:107, overtime:1418
 6:33:19.300 [CE][Links] found 0 total links between groups, of 1
 6:33:19.300 [CE][SpawnRandomLoot] (StaticHeliCrash) :: ChildType: Wreck_Mi8, lootmin: 10, lootmax: 20, wanted: 13
 6:33:19.316 [CE][Links] found 0 total links between groups, of 2
 6:33:19.316 [CE][SpawnRandomLoot] (StaticHeliCrash) :: ChildType: Wreck_Mi8, lootmin: 10, lootmax: 20, wanted: 13
 6:33:19.316 [CE][Links] found 0 total links between groups, of 3
 6:33:19.316 [CE][SpawnRandomLoot] (StaticHeliCrash) :: ChildType: Wreck_Mi8, lootmin: 10, lootmax: 20, wanted: 17
 6:33:19.316 !!! [CE][VehicleRespawner] (PRIPoliceCar) :: Respawning: "StaticPoliceCar" - There are not enough positions in "cfgeventspawns.xml", 0 < 10
 6:33:19.488 [CE][DynEvent] :: 37 types
 6:33:19.488 [00] AmbientHen
 6:33:19.488   Primary Spawner: "Ambient", active: yes, repeat: 1
 6:33:19.488 [01] AnimalBear
 6:33:19.488   Primary Spawner: "Animal", active: yes, repeat: 1
 6:33:19.488 [02] AnimalCow
 6:33:19.488   Primary Spawner: "Animal", active: yes, repeat: 1
 6:33:19.488 [03] AnimalDeer
 6:33:19.488   Primary Spawner: "Animal", active: yes, repeat: 1
 6:33:19.488 [04] AnimalGoat
 6:33:19.488   Primary Spawner: "Animal", active: yes, repeat: 1
 6:33:19.488 [05] AnimalPig
 6:33:19.488   Primary Spawner: "Animal", active: yes, repeat: 1
 6:33:19.488 [06] AnimalRoeDeer
 6:33:19.488   Primary Spawner: "Animal", active: yes, repeat: 1
 6:33:19.488 [07] AnimalSheep
 6:33:19.488   Primary Spawner: "Animal", active: yes, repeat: 1
 6:33:19.488 [08] AnimalWildBoar
 6:33:19.488   Primary Spawner: "Animal", active: yes, repeat: 1
 6:33:19.488 [09] AnimalWolf
 6:33:19.488   Primary Spawner: "Animal", active: yes, repeat: 1
 6:33:19.488 [10] InfectedArmy
 6:33:19.488   Primary Spawner: "Infected", active: yes, repeat: 1
 6:33:19.488 [11] InfectedCity
 6:33:19.488   Primary Spawner: "Infected", active: yes, repeat: 1
 6:33:19.488 [12] InfectedFirefighter
 6:33:19.488   Primary Spawner: "Infected", active: yes, repeat: 1
 6:33:19.488 [13] InfectedIndustrial
 6:33:19.488   Primary Spawner: "Infected", active: yes, repeat: 1
 6:33:19.488 [14] InfectedMedic
 6:33:19.488   Primary Spawner: "Infected", active: yes, repeat: 1
 6:33:19.488 [15] InfectedPolice
 6:33:19.488   Primary Spawner: "Infected", active: yes, repeat: 1
 6:33:19.488 [16] InfectedPrisoner
 6:33:19.488   Primary Spawner: "Infected", active: yes, repeat: 1
 6:33:19.488 [17] InfectedReligious
 6:33:19.488   Primary Spawner: "Infected", active: yes, repeat: 1
 6:33:19.488 [18] InfectedSolitude
 6:33:19.488   Primary Spawner: "Infected", active: yes, repeat: 1
 6:33:19.488 [19] InfectedVillage
 6:33:19.488   Primary Spawner: "Infected", active: yes, repeat: 1
 6:33:19.488 [20] ItemPlanks
 6:33:19.488   Primary Spawner: "Item", active: yes, repeat: 1
 6:33:19.488 [21] Loot
 6:33:19.488   Primary Spawner: "Loot", active: yes, repeat: 2
 6:33:19.488 [22] StaticHeliCrash
 6:33:19.488   Primary Spawner: "Vehicle", active: yes, repeat: 1
 6:33:19.488   Secondary Spawner: "Infected", active: yes, repeat: 1
 6:33:19.488 [23] StaticPoliceCar
 6:33:19.488   Primary Spawner: "Vehicle", active: yes, repeat: 1
 6:33:19.488 [24] TrajectoryApple
 6:33:19.488   Primary Spawner: "Trajectory", active: yes, repeat: 1
 6:33:19.488 [25] TrajectoryCanina
 6:33:19.488   Primary Spawner: "Trajectory", active: yes, repeat: 1
 6:33:19.488 [26] TrajectoryConiferous
 6:33:19.488   Primary Spawner: "Trajectory", active: yes, repeat: 1
 6:33:19.488 [27] TrajectoryDeciduous
 6:33:19.488   Primary Spawner: "Trajectory", active: yes, repeat: 1
 6:33:19.488 [28] TrajectoryHumus
 6:33:19.488   Primary Spawner: "Trajectory", active: yes, repeat: 1
 6:33:19.488 [29] TrajectoryPear
 6:33:19.488   Primary Spawner: "Trajectory", active: yes, repeat: 1
 6:33:19.488 [30] TrajectoryPlum
 6:33:19.488   Primary Spawner: "Trajectory", active: yes, repeat: 1
 6:33:19.488 [31] TrajectorySambucus
 6:33:19.488   Primary Spawner: "Trajectory", active: yes, repeat: 1
 6:33:19.488 [32] TrajectoryStones
 6:33:19.488   Primary Spawner: "Trajectory", active: yes, repeat: 1
 6:33:19.488 [33] VehicleCivilianSedan
 6:33:19.488   Primary Spawner: "Vehicle", active: yes, repeat: 1
 6:33:19.488 [34] VehicleHatchback02
 6:33:19.488   Primary Spawner: "Vehicle", active: yes, repeat: 1
 6:33:19.488 [35] VehicleOffroadHatchback
 6:33:19.488   Primary Spawner: "Vehicle", active: yes, repeat: 1
 6:33:19.488 [36] VehicleSedan02
 6:33:19.488   Primary Spawner: "Vehicle", active: yes, repeat: 1
 6:33:19.488 [CE][Hive] :: Initializing of spawners done.
 6:33:19.488 [CE][Hive] :: Init sequence finished.
 6:33:19.488 Player connect enabled
 6:33:19.722 [IdleMode] Entering IN - save processed
 6:33:39.471 [Login]: Adding player Survivor (433081563) to login queue at position 0
 6:33:39.471 [LoginMachine]: Add player Survivor (433081563)
 6:33:39.471 [StateMachine]: Player Survivor (dpnid 433081563 uid ) Entering AuthPlayerLoginState
 6:33:39.752 [StateMachine]: Player Survivor (dpnid 433081563 uid ) Entering WaitAuthPlayerLoginState
 6:33:40.127 [IdleMode] Leaving OUT
 6:33:41.596 Player Survivor connected (id=BvAfWEwkf1BS22gq16ncvW4M3Ycn_607DPSKzJe9pnU=).
 6:33:41.596 Player "Survivor" is connected (steamID=76561198073956794)
 6:33:42.564 [StateMachine]: Player Survivor (dpnid 433081563 uid BvAfWEwkf1BS22gq16ncvW4M3Ycn_607DPSKzJe9pnU=) Entering DBGetLoginTimeLoginState
 6:33:42.689 [StateMachine]: Player Survivor (dpnid 433081563 uid BvAfWEwkf1BS22gq16ncvW4M3Ycn_607DPSKzJe9pnU=) Entering DBWaitLoginTimeLoginState
 6:33:57.720 [StateMachine]: Player Survivor (dpnid 433081563 uid BvAfWEwkf1BS22gq16ncvW4M3Ycn_607DPSKzJe9pnU=) Entering DBGetCharacterLoginState
 6:33:57.845 [StateMachine]: Player Survivor (dpnid 433081563 uid BvAfWEwkf1BS22gq16ncvW4M3Ycn_607DPSKzJe9pnU=) Entering CreateNetObjectsLoginState
 6:33:57.907 [StateMachine]: Player Survivor (dpnid 433081563 uid BvAfWEwkf1BS22gq16ncvW4M3Ycn_607DPSKzJe9pnU=) Entering PreloadCamLoginState
 6:33:57.954 [StateMachine]: Player Survivor (dpnid 433081563 uid BvAfWEwkf1BS22gq16ncvW4M3Ycn_607DPSKzJe9pnU=) Entering WaitPreloadCamLoginState
 6:34:14.31 [StateMachine]: Player Survivor (dpnid 433081563 uid BvAfWEwkf1BS22gq16ncvW4M3Ycn_607DPSKzJe9pnU=) Entering GetNewCharLoginState
 6:34:16.843 <CREATE NEW CHAR>:
    charID 1
    playerID 1
    dpnid 433081563
    uid BvAfWEwkf1BS22gq16ncvW4M3Ycn_607DPSKzJe9pnU=
 6:39:13.840 !!! [CE][Point] Removing 13376.046875, 6338.328125 from PearTree1
 6:51:36.198 [Disconnect]: Start script disconnect 433081563 (dbCharacterId 1 dbPlayerId 1) logoutTime 15
 6:51:37.573 [Disconnect]: Client 433081563 disconnecting
 6:51:37.573 [Disconnect]: Client 433081563 early disconnect
 6:51:37.635 [Disconnect]: Start script disconnect 433081563 (dbCharacterId 1 dbPlayerId 1) logoutTime 15
 6:51:38.260 [Disconnect]: Remove player info 433081563
 6:51:38.323 [Disconnect]: Player destroy 433081563 
 6:51:51.213 [Disconnect]: Finish script disconnect -1
 6:52:36.616  --- Termination successfully completed --- 
