

=====================================================================
== C:\Program Files (x86)\Steam\steamapps\common\DayZServer\DayZServer_x64.exe
== DayZServer_x64.exe  -config=serverDZ.cfg -profiles=ServerProfile -limitFPS=60
=====================================================================
Exe timestamp: 2020/07/10 13:13:22
Current time:  2020/07/11 07:28:42

Version 1.08.153258
 7:28:42.768 [Inputs] Loading inputs default "bin/constants.xml"
 7:28:42.768 [Inputs] Loading inputs default "bin/specific.xml"
 7:28:42.768 !!! [Inputs] Invalid input name used "UAUIInspectItem" for context "ui" in "bin/specific.xml"
 7:28:42.768 [Inputs] Loading inputs cfg "ServerProfile\Users\Survivor\Server.core.xml"
 7:28:42.768 !!! [Inputs] Cannot read inputs cfg "ServerProfile\Users\Survivor\Server.core.xml", parser error
 7:28:42.768 [Inputs] Loading inputs cfg "bin/core.xml"
 7:28:42.768 !!! [Inputs] Cannot load input preset "user", file does not exist
 7:28:42.768 [Inputs] Exporting inputs cfg "ServerProfile\Users\Survivor\Server.core.xml"
 7:28:57.509 [CE][Hive] :: Initializing OFFLINE
 7:28:57.509 [CE][Hive] :: Loading core data ... 
 7:28:57.509 [CE][CoreData] :: 7 root classes, 18 defaults, 0 updaters...
 7:28:59.587 [CE] :: WARNING :: Preset map "optics" is EMPTY.
 7:28:59.587 [CE] :: WARNING :: Preset (attachments) with name 'bagsCity' was not found.
 7:28:59.587 [CE] :: WARNING :: Preset (attachments) with name 'bagsCity' was not found.
 7:28:59.587 [CE] :: WARNING :: Preset (attachments) with name 'bagsCity' was not found.
 7:28:59.587 [CE] :: WARNING :: Preset (attachments) with name 'bagsCity' was not found.
 7:28:59.587 [CE] :: WARNING :: Preset (attachments) with name 'bagsCity' was not found.
 7:28:59.587 [CE] :: WARNING :: Preset (attachments) with name 'bagsCity' was not found.
 7:28:59.587 [CE] :: WARNING :: Preset (attachments) with name 'bagsCity' was not found.
 7:28:59.587 [CE] :: WARNING :: Preset (attachments) with name 'bagsCity' was not found.
 7:28:59.587 [CE] :: WARNING :: Preset (attachments) with name 'bagsCity' was not found.
 7:28:59.587 [CE] :: WARNING :: Preset (attachments) with name 'bagsCity' was not found.
 7:28:59.587 [CE] :: WARNING :: Preset (attachments) with name 'bagsCity' was not found.
 7:28:59.587 [CE] :: WARNING :: Preset (attachments) with name 'bagsCity' was not found.
 7:28:59.587 [CE] :: WARNING :: Preset (attachments) with name 'bagsCity' was not found.
 7:28:59.587 [CE] :: WARNING :: Preset (attachments) with name 'bagsCity' was not found.
 7:28:59.587 [CE] :: WARNING :: Preset (attachments) with name 'hatsCitySkate' was not found.
 7:28:59.587 [CE] :: WARNING :: Preset (attachments) with name 'bagsCity' was not found.
 7:28:59.587 [CE] :: WARNING :: Preset (attachments) with name 'hatsCitySkate' was not found.
 7:28:59.587 [CE] :: WARNING :: Preset (attachments) with name 'bagsCity' was not found.
 7:28:59.587 [CE] :: WARNING :: Preset (attachments) with name 'hatsCitySkate' was not found.
 7:28:59.587 [CE] :: WARNING :: Preset (attachments) with name 'bagsCity' was not found.
 7:28:59.587 [CE] :: WARNING :: Preset (attachments) with name 'bagsCity' was not found.
 7:28:59.587 [CE] :: WARNING :: Preset (attachments) with name 'bagsCity' was not found.
 7:28:59.587 [CE] :: WARNING :: Preset (attachments) with name 'bagsCity' was not found.
 7:28:59.587 [CE] :: WARNING :: Preset (attachments) with name 'bagsCity' was not found.
 7:28:59.587 [CE] :: WARNING :: Preset (attachments) with name 'bagsCity' was not found.
 7:28:59.587 [CE] :: WARNING :: Preset (attachments) with name 'bagsCity' was not found.
 7:28:59.587 [CE] :: WARNING :: Preset (attachments) with name 'bagsCity' was not found.
 7:28:59.587 [CE] :: WARNING :: Preset (attachments) with name 'bagsCity' was not found.
 7:28:59.587 [CE] :: WARNING :: Preset (attachments) with name 'bagsCity' was not found.
 7:28:59.587 [CE] :: WARNING :: Preset (attachments) with name 'bagsCity' was not found.
 7:28:59.587 [CE] :: WARNING :: Preset (attachments) with name 'bagsCity' was not found.
 7:28:59.587 [CE] :: WARNING :: Preset (attachments) with name 'bagsCity' was not found.
 7:28:59.587 [CE] :: WARNING :: Preset (attachments) with name 'bagsCity' was not found.
 7:28:59.587 [CE] :: WARNING :: Preset (attachments) with name 'bagsCity' was not found.
 7:28:59.587 [CE] :: WARNING :: Preset (attachments) with name 'bagsCity' was not found.
 7:28:59.587 [CE] :: WARNING :: Preset (attachments) with name 'bagsCity' was not found.
 7:28:59.587 [CE] :: WARNING :: Preset (attachments) with name 'bagsCity' was not found.
 7:28:59.587 [CE] :: WARNING :: Preset (attachments) with name 'bagsCity' was not found.
 7:28:59.587 [CE] :: WARNING :: Preset (attachments) with name 'bagsCity' was not found.
 7:28:59.587 [CE] :: WARNING :: Preset (attachments) with name 'bagsCity' was not found.
 7:28:59.587 [CE] :: WARNING :: Preset (attachments) with name 'bagsCity' was not found.
 7:28:59.587 [CE] :: WARNING :: Preset (attachments) with name 'bagsCity' was not found.
 7:28:59.587 [CE] :: WARNING :: Preset (attachments) with name 'bagsCity' was not found.
 7:28:59.587 [CE] :: WARNING :: Preset (attachments) with name 'bagsCity' was not found.
 7:28:59.587 [CE] :: WARNING :: Preset (attachments) with name 'bagsCity' was not found.
 7:28:59.587 [CE] :: WARNING :: Preset (attachments) with name 'hatsMotorbike' was not found.
 7:28:59.587 [CE] :: WARNING :: Preset (attachments) with name 'hatsMotorbike' was not found.
 7:28:59.587 [CE] :: WARNING :: Preset (attachments) with name 'hatsMotorbike' was not found.
 7:28:59.587 [CE] :: WARNING :: Preset (attachments) with name 'hatsCitySkate' was not found.
 7:28:59.587 [CE] :: WARNING :: Preset (attachments) with name 'bagsCity' was not found.
 7:28:59.587 [CE] :: WARNING :: Preset (attachments) with name 'hatsCitySkate' was not found.
 7:28:59.587 [CE] :: WARNING :: Preset (attachments) with name 'bagsCity' was not found.
 7:28:59.587 [CE] :: WARNING :: Preset (attachments) with name 'hatsCitySkate' was not found.
 7:28:59.587 [CE] :: WARNING :: Preset (attachments) with name 'bagsCity' was not found.
 7:28:59.587 [CE] :: WARNING :: Preset (attachments) with name 'hatsCitySkate' was not found.
 7:28:59.587 [CE] :: WARNING :: Preset (attachments) with name 'bagsCity' was not found.
 7:28:59.587 [CE] :: WARNING :: Preset (attachments) with name 'hatsIndustrial' was not found.
 7:28:59.587 [CE] :: WARNING :: Preset (attachments) with name 'bagsIndustrial' was not found.
 7:28:59.587 [CE] :: WARNING :: Preset (attachments) with name 'hatsIndustrial' was not found.
 7:28:59.587 [CE] :: WARNING :: Preset (attachments) with name 'bagsIndustrial' was not found.
 7:28:59.587 [CE] :: WARNING :: Preset (attachments) with name 'hatsIndustrial' was not found.
 7:28:59.587 [CE] :: WARNING :: Preset (attachments) with name 'bagsIndustrial' was not found.
 7:28:59.587 [CE] :: WARNING :: Preset (attachments) with name 'hatsIndustrial' was not found.
 7:28:59.587 [CE] :: WARNING :: Preset (attachments) with name 'bagsIndustrial' was not found.
 7:28:59.587 [CE] :: WARNING :: Preset (attachments) with name 'hatsIndustrial' was not found.
 7:28:59.587 [CE] :: WARNING :: Preset (attachments) with name 'bagsIndustrial' was not found.
 7:28:59.587 [CE] :: WARNING :: Preset (attachments) with name 'hatsIndustrial' was not found.
 7:28:59.587 [CE] :: WARNING :: Preset (attachments) with name 'bagsIndustrial' was not found.
 7:28:59.587 [CE] :: WARNING :: Preset (attachments) with name 'hatsIndustrial' was not found.
 7:28:59.587 [CE] :: WARNING :: Preset (attachments) with name 'bagsIndustrial' was not found.
 7:28:59.587 [CE] :: WARNING :: Preset (attachments) with name 'hatsIndustrial' was not found.
 7:28:59.587 [CE] :: WARNING :: Preset (attachments) with name 'bagsIndustrial' was not found.
 7:28:59.587 [CE] :: WARNING :: Preset (attachments) with name 'hatsIndustrial' was not found.
 7:28:59.587 [CE] :: WARNING :: Preset (attachments) with name 'bagsIndustrial' was not found.
 7:28:59.587 [CE] :: WARNING :: Preset (attachments) with name 'hatsIndustrial' was not found.
 7:28:59.587 [CE] :: WARNING :: Preset (attachments) with name 'bagsIndustrial' was not found.
 7:28:59.587 [CE] :: WARNING :: Preset (attachments) with name 'hatsIndustrial' was not found.
 7:28:59.587 [CE] :: WARNING :: Preset (attachments) with name 'bagsIndustrial' was not found.
 7:28:59.587 [CE] :: WARNING :: Preset (attachments) with name 'hatsIndustrial' was not found.
 7:28:59.587 [CE] :: WARNING :: Preset (attachments) with name 'bagsIndustrial' was not found.
 7:28:59.587 [CE] :: WARNING :: Preset (attachments) with name 'hatsIndustrial' was not found.
 7:28:59.587 [CE] :: WARNING :: Preset (attachments) with name 'bagsIndustrial' was not found.
 7:28:59.587 [CE] :: WARNING :: Preset (attachments) with name 'hatsIndustrial' was not found.
 7:28:59.587 [CE] :: WARNING :: Preset (attachments) with name 'bagsIndustrial' was not found.
 7:28:59.587 [CE] :: WARNING :: Preset (attachments) with name 'hatsIndustrial' was not found.
 7:28:59.587 [CE] :: WARNING :: Preset (attachments) with name 'bagsIndustrial' was not found.
 7:28:59.587 [CE] :: WARNING :: Preset (attachments) with name 'hatsIndustrial' was not found.
 7:28:59.587 [CE] :: WARNING :: Preset (attachments) with name 'bagsIndustrial' was not found.
 7:28:59.587 [CE] :: WARNING :: Preset (attachments) with name 'hatsIndustrial' was not found.
 7:28:59.587 [CE] :: WARNING :: Preset (attachments) with name 'bagsIndustrial' was not found.
 7:28:59.587 [CE] :: WARNING :: Preset (attachments) with name 'hatsIndustrial' was not found.
 7:28:59.587 [CE] :: WARNING :: Preset (attachments) with name 'bagsIndustrial' was not found.
 7:28:59.587 [CE] :: WARNING :: Preset (attachments) with name 'hatsIndustrial' was not found.
 7:28:59.587 [CE] :: WARNING :: Preset (attachments) with name 'bagsIndustrial' was not found.
 7:28:59.587 [CE] :: WARNING :: Preset (attachments) with name 'hatsIndustrial' was not found.
 7:28:59.587 [CE] :: WARNING :: Preset (attachments) with name 'bagsIndustrial' was not found.
 7:28:59.587 [CE] :: WARNING :: Preset (attachments) with name 'hatsIndustrial' was not found.
 7:28:59.587 [CE] :: WARNING :: Preset (attachments) with name 'bagsIndustrial' was not found.
 7:28:59.587 [CE] :: WARNING :: Preset (attachments) with name 'hatsIndustrial' was not found.
 7:28:59.587 [CE] :: WARNING :: Preset (attachments) with name 'bagsIndustrial' was not found.
 7:28:59.587 [CE] :: WARNING :: Preset (attachments) with name 'hatsIndustrial' was not found.
 7:28:59.587 [CE] :: WARNING :: Preset (attachments) with name 'bagsIndustrial' was not found.
 7:28:59.587 [CE] :: WARNING :: Preset (attachments) with name 'hatsIndustrial' was not found.
 7:28:59.587 [CE] :: WARNING :: Preset (attachments) with name 'bagsIndustrial' was not found.
 7:28:59.587 [CE] :: WARNING :: Preset (attachments) with name 'hatsIndustrial' was not found.
 7:28:59.587 [CE] :: WARNING :: Preset (attachments) with name 'bagsIndustrial' was not found.
 7:28:59.587 [CE] :: WARNING :: Preset (attachments) with name 'hatsIndustrial' was not found.
 7:28:59.587 [CE] :: WARNING :: Preset (attachments) with name 'bagsIndustrial' was not found.
 7:28:59.587 [CE] :: WARNING :: Preset (attachments) with name 'hatsFirefighter' was not found.
 7:28:59.587 [CE] :: WARNING :: Preset (attachments) with name 'hatsMedic' was not found.
 7:28:59.587 [CE] :: WARNING :: Preset (attachments) with name 'hatsMedic' was not found.
 7:28:59.587 [CE] :: WARNING :: Preset (attachments) with name 'hatsPolice' was not found.
 7:28:59.587 [CE] :: WARNING :: Preset (attachments) with name 'vestsPolice' was not found.
 7:28:59.587 [CE] :: WARNING :: Preset (attachments) with name 'hatsPolice' was not found.
 7:28:59.587 [CE] :: WARNING :: Preset (attachments) with name 'vestsPolice' was not found.
 7:28:59.587 [CE] :: WARNING :: Preset (attachments) with name 'hatsPolice' was not found.
 7:28:59.587 [CE] :: WARNING :: Preset (attachments) with name 'vestsPolice' was not found.
 7:28:59.587 [CE] :: WARNING :: Preset (attachments) with name 'hatsPrisoner' was not found.
 7:28:59.587 [CE] :: WARNING :: Preset (attachments) with name 'hatsFarm' was not found.
 7:28:59.587 [CE] :: WARNING :: Preset (attachments) with name 'hatsFarm' was not found.
 7:28:59.587 [CE] :: WARNING :: Preset (attachments) with name 'hatsFarm' was not found.
 7:28:59.587 [CE] :: WARNING :: Preset (attachments) with name 'hatsFarm' was not found.
 7:28:59.587 [CE] :: WARNING :: Preset (attachments) with name 'hatsFarm' was not found.
 7:28:59.587 [CE] :: WARNING :: Preset (attachments) with name 'hatsFarm' was not found.
 7:28:59.587 [CE] :: WARNING :: Preset (attachments) with name 'hatsFarm' was not found.
 7:28:59.587 [CE] :: WARNING :: Preset (attachments) with name 'hatsFarm' was not found.
 7:28:59.587 [CE] :: WARNING :: Preset (attachments) with name 'hatsFarm' was not found.
 7:28:59.587 [CE] :: WARNING :: Preset (attachments) with name 'hatsFarm' was not found.
 7:28:59.587 [CE] :: WARNING :: Preset (attachments) with name 'hatsFarm' was not found.
 7:28:59.587 [CE] :: WARNING :: Preset (attachments) with name 'hatsFarm' was not found.
 7:28:59.587 [CE] :: WARNING :: Preset (attachments) with name 'hatsFarm' was not found.
 7:28:59.587 [CE] :: WARNING :: Preset (attachments) with name 'hatsFarm' was not found.
 7:28:59.587 [CE] :: WARNING :: Preset (attachments) with name 'hatsFarm' was not found.
 7:28:59.587 [CE] :: WARNING :: Preset (attachments) with name 'hatsFarm' was not found.
 7:28:59.587 [CE] :: WARNING :: Preset (attachments) with name 'hatsFarm' was not found.
 7:28:59.587 [CE] :: WARNING :: Preset (attachments) with name 'hatsFarm' was not found.
 7:28:59.587 [CE] :: WARNING :: Preset (attachments) with name 'hatsFarm' was not found.
 7:28:59.587 [CE] :: WARNING :: Preset (attachments) with name 'hatsFarm' was not found.
 7:28:59.587 [CE] :: WARNING :: Preset (attachments) with name 'hatsFarm' was not found.
 7:28:59.587 [CE] :: WARNING :: Preset (attachments) with name 'hatsFarm' was not found.
 7:28:59.587 [CE] :: WARNING :: Preset (attachments) with name 'hatsFarm' was not found.
 7:28:59.587 [CE] :: WARNING :: Preset (attachments) with name 'hatsFarm' was not found.
 7:28:59.587 [CE] :: WARNING :: Preset (attachments) with name 'hatsFarm' was not found.
 7:28:59.587 [CE] :: WARNING :: Preset (attachments) with name 'hatsFarm' was not found.
 7:28:59.587 [CE] :: WARNING :: Preset (attachments) with name 'hatsFarm' was not found.
 7:28:59.587 [CE] :: WARNING :: Preset (attachments) with name 'hatsFarm' was not found.
 7:28:59.587 [CE] :: WARNING :: Preset (attachments) with name 'hatsFarm' was not found.
 7:28:59.587 [CE] :: WARNING :: Preset (attachments) with name 'hatsFarm' was not found.
 7:28:59.587 [CE] :: WARNING :: Preset (attachments) with name 'hatsFarm' was not found.
 7:28:59.587 [CE] :: WARNING :: Preset (attachments) with name 'hatsFarm' was not found.
 7:28:59.587 [CE] :: WARNING :: Preset (attachments) with name 'hatsFarm' was not found.
 7:28:59.587 [CE][TypeSetup] :: 263 classes setuped...
 7:28:59.665 [CE][RegisterBind] :: 0 classes binded...
 7:28:59.665 [CE][RegisterConfig] :: 2924 config classes registered, 1 sub-counters...
 7:28:59.665 [CE][Hive] :: Loading map data ... 
 7:28:59.728 !!! [CE] :: Unknown category: 'vehicleparts'.
 7:28:59.728 !!! [CE] :: Unknown category: 'vehicleparts'.
 7:28:59.728 !!! [CE] :: Unknown category: 'vehicleparts'.
 7:28:59.728 !!! [CE] :: Unknown category: 'vehicleparts'.
 7:28:59.728 !!! [CE] :: Unknown category: 'vehicleparts'.
 7:28:59.728 !!! [CE] :: Unknown category: 'vehicleparts'.
 7:28:59.728 !!! [CE] :: Unknown category: 'vehicleparts'.
 7:28:59.728 !!! [CE] :: Unknown category: 'vehicleparts'.
 7:28:59.728 !!! [CE] :: Unknown category: 'vehicleparts'.
 7:28:59.728 !!! [CE] :: Unknown category: 'vehicleparts'.
 7:28:59.728 !!! [CE] :: Unknown category: 'vehicleparts'.
 7:28:59.728 !!! [CE] :: Unknown category: 'vehicleparts'.
 7:28:59.728 !!! [CE] :: Unknown category: 'vehicleparts'.
 7:28:59.728 !!! [CE] :: Unknown category: 'vehicleparts'.
 7:28:59.728 !!! [CE] :: Unknown category: 'vehicleparts'.
 7:28:59.728 !!! [CE] :: Unknown category: 'vehicleparts'.
 7:28:59.728 !!! [CE] :: Unknown category: 'vehicleparts'.
 7:28:59.728 !!! [CE] :: Unknown category: 'vehicleparts'.
 7:28:59.728 !!! [CE] :: Unknown category: 'vehicleparts'.
 7:28:59.728 !!! [CE] :: Unknown category: 'vehicleparts'.
 7:28:59.728 !!! [CE] :: Unknown category: 'vehicleparts'.
 7:28:59.728 !!! [CE] :: Unknown category: 'vehicleparts'.
 7:28:59.728 !!! [CE] :: Unknown category: 'vehicleparts'.
 7:28:59.728 !!! [CE] :: Unknown category: 'vehicleparts'.
 7:28:59.728 [CE][LoadPrototype] :: loaded 329 prototypes
 7:28:59.728   701 containers, 9117 points
 7:28:59.728   24 dispatches, 90 proxies
 7:28:59.728 !!! [CE][LoadPrototype] 12 groups have no points...
 7:28:59.728 !!![CE][LoadPrototype]  3 groups have wrong points...
 7:28:59.728 [CE][LoadPrototype] :: last group name: Land_Lunapark_Autodrome...
 7:28:59.743 [CE][LoadPrototype] :: loaded 0 prototypes
 7:28:59.743   0 containers, 0 points
 7:28:59.743   0 dispatches, 0 proxies
 7:28:59.743 [CE][LoadPrototype] :: last group name: Rail9...
 7:29:00.650 [CE][LoadMap] "Group" :: loaded 11599 groups, largest group range: 34.2
 7:29:00.665 [CE][LoadMap] "Dirt" :: loaded 0 groups, largest group range: 34.2
 7:29:01.87 [CE][Links] found 1896 total links between groups, of 11599
 7:29:01.87 [CE][LoadClusters] "Cluster" :: Loading files...
 7:29:01.337 [CE][LoadClusters] :: file: "mapgroupcluster.xml", 9 types, 50000 instances
 7:29:01.603 [CE][LoadClusters] :: file: "mapgroupcluster01", 9 types, 50000 instances
 7:29:01.868 [CE][LoadClusters] :: file: "mapgroupcluster02", 9 types, 50000 instances
 7:29:02.181 [CE][LoadClusters] :: file: "mapgroupcluster03", 9 types, 50000 instances
 7:29:02.337 [CE][LoadClusters] :: file: "mapgroupcluster04", 9 types, 17229 instances
 7:29:02.337 [CE][Storage] ver:21 stamp:38, valid:yes, name:"mpmissions\dayzOffline.chernarusplus\storage_1\data\types.bin"
 7:29:02.337 [CE][Storage] ver:21 stamp:37, valid:yes, name:"mpmissions\dayzOffline.chernarusplus\storage_1\data\types.001"
 7:29:02.353 [CE][Storage] ver:21 stamp:35, valid:yes, name:"mpmissions\dayzOffline.chernarusplus\storage_1\data\types.002"
 7:29:02.353 [CE][Storage] Restoring file "mpmissions\dayzOffline.chernarusplus\storage_1\data\types.bin".
 7:29:02.384 [CE][offlineDB] :: Loaded 37 dynamic events 216 total types 0 total positions.
 7:29:02.415 !!! [CE] :: Unknown usage: 'Lunapark'.
 7:29:02.415 [CE][Storage] ver:21 stamp:38, valid:yes, name:"mpmissions\dayzOffline.chernarusplus\storage_1\data\events.bin"
 7:29:02.415 [CE][Storage] ver:21 stamp:37, valid:yes, name:"mpmissions\dayzOffline.chernarusplus\storage_1\data\events.001"
 7:29:02.431 [CE][Storage] ver:21 stamp:35, valid:yes, name:"mpmissions\dayzOffline.chernarusplus\storage_1\data\events.002"
 7:29:02.431 [CE][Storage] Restoring file "mpmissions\dayzOffline.chernarusplus\storage_1\data\events.bin".
 7:29:02.431 [CE][DynamicEvent] Load  Events:[37] Primary spawners: 37 Secondary spawners: 1
 7:29:02.431 [CE][Storage] ver:25 stamp:38, valid:yes, name:"mpmissions\dayzOffline.chernarusplus\storage_1\data\dynamic_000.bin"
 7:29:02.431 [CE][Storage] ver:25 stamp:37, valid:yes, name:"mpmissions\dayzOffline.chernarusplus\storage_1\data\dynamic_000.001"
 7:29:02.446 [CE][Storage] ver:25 stamp:35, valid:yes, name:"mpmissions\dayzOffline.chernarusplus\storage_1\data\dynamic_000.002"
 7:29:02.446 [CE][Storage] Restoring file "mpmissions\dayzOffline.chernarusplus\storage_1\data\dynamic_000.bin" 883 items.
 7:29:02.931   883 items loaded.
 7:29:02.931 [CE][Storage] ver:25 stamp:38, valid:yes, name:"mpmissions\dayzOffline.chernarusplus\storage_1\data\dynamic_001.bin"
 7:29:02.931 [CE][Storage] ver:25 stamp:37, valid:yes, name:"mpmissions\dayzOffline.chernarusplus\storage_1\data\dynamic_001.001"
 7:29:02.946 [CE][Storage] ver:25 stamp:35, valid:yes, name:"mpmissions\dayzOffline.chernarusplus\storage_1\data\dynamic_001.002"
 7:29:02.946 [CE][Storage] Restoring file "mpmissions\dayzOffline.chernarusplus\storage_1\data\dynamic_001.bin" 1661 items.
 7:29:03.352   1661 items loaded.
 7:29:03.352 [CE][Storage] ver:25 stamp:38, valid:yes, name:"mpmissions\dayzOffline.chernarusplus\storage_1\data\dynamic_002.bin"
 7:29:03.368 [CE][Storage] ver:25 stamp:37, valid:yes, name:"mpmissions\dayzOffline.chernarusplus\storage_1\data\dynamic_002.001"
 7:29:03.368 [CE][Storage] ver:25 stamp:35, valid:yes, name:"mpmissions\dayzOffline.chernarusplus\storage_1\data\dynamic_002.002"
 7:29:03.368 [CE][Storage] Restoring file "mpmissions\dayzOffline.chernarusplus\storage_1\data\dynamic_002.bin" 2553 items.
 7:29:03.837   2553 items loaded.
 7:29:03.837 [CE][Storage] ver:25 stamp:38, valid:yes, name:"mpmissions\dayzOffline.chernarusplus\storage_1\data\dynamic_003.bin"
 7:29:03.852 [CE][Storage] ver:25 stamp:37, valid:yes, name:"mpmissions\dayzOffline.chernarusplus\storage_1\data\dynamic_003.001"
 7:29:03.852 [CE][Storage] ver:25 stamp:35, valid:yes, name:"mpmissions\dayzOffline.chernarusplus\storage_1\data\dynamic_003.002"
 7:29:03.852 [CE][Storage] Restoring file "mpmissions\dayzOffline.chernarusplus\storage_1\data\dynamic_003.bin" 2049 items.
 7:29:04.227   2049 items loaded.
 7:29:04.243 [CE][Storage] ver:25 stamp:38, valid:yes, name:"mpmissions\dayzOffline.chernarusplus\storage_1\data\dynamic_004.bin"
 7:29:04.243 [CE][Storage] ver:25 stamp:37, valid:yes, name:"mpmissions\dayzOffline.chernarusplus\storage_1\data\dynamic_004.001"
 7:29:04.243 [CE][Storage] ver:25 stamp:35, valid:yes, name:"mpmissions\dayzOffline.chernarusplus\storage_1\data\dynamic_004.002"
 7:29:04.243 [CE][Storage] Restoring file "mpmissions\dayzOffline.chernarusplus\storage_1\data\dynamic_004.bin" 1908 items.
 7:29:04.602   1908 items loaded.
 7:29:04.602 [CE][Storage] ver:25 stamp:38, valid:yes, name:"mpmissions\dayzOffline.chernarusplus\storage_1\data\dynamic_005.bin"
 7:29:04.602 [CE][Storage] ver:25 stamp:37, valid:yes, name:"mpmissions\dayzOffline.chernarusplus\storage_1\data\dynamic_005.001"
 7:29:04.602 [CE][Storage] ver:25 stamp:35, valid:yes, name:"mpmissions\dayzOffline.chernarusplus\storage_1\data\dynamic_005.002"
 7:29:04.602 [CE][Storage] Restoring file "mpmissions\dayzOffline.chernarusplus\storage_1\data\dynamic_005.bin" 2124 items.
 7:29:04.993   2124 items loaded.
 7:29:04.993 [CE][Storage] ver:25 stamp:38, valid:yes, name:"mpmissions\dayzOffline.chernarusplus\storage_1\data\dynamic_006.bin"
 7:29:05.09 [CE][Storage] ver:25 stamp:37, valid:yes, name:"mpmissions\dayzOffline.chernarusplus\storage_1\data\dynamic_006.001"
 7:29:05.09 [CE][Storage] ver:25 stamp:38, valid:yes, name:"mpmissions\dayzOffline.chernarusplus\storage_1\data\dynamic_006.002"
 7:29:05.09 [CE][Storage] Restoring file "mpmissions\dayzOffline.chernarusplus\storage_1\data\dynamic_006.bin" 1499 items.
 7:29:05.290   1499 items loaded.
 7:29:05.290 [CE][Storage] ver:25 stamp:38, valid:yes, name:"mpmissions\dayzOffline.chernarusplus\storage_1\data\dynamic_007.bin"
 7:29:05.305 [CE][Storage] ver:25 stamp:37, valid:yes, name:"mpmissions\dayzOffline.chernarusplus\storage_1\data\dynamic_007.001"
 7:29:05.305 [CE][Storage] ver:25 stamp:38, valid:yes, name:"mpmissions\dayzOffline.chernarusplus\storage_1\data\dynamic_007.002"
 7:29:05.305 [CE][Storage] Restoring file "mpmissions\dayzOffline.chernarusplus\storage_1\data\dynamic_007.bin" 1468 items.
 7:29:05.587   1468 items loaded.
 7:29:05.587 [CE][Storage] ver:25 stamp:38, valid:yes, name:"mpmissions\dayzOffline.chernarusplus\storage_1\data\dynamic_008.bin"
 7:29:05.587 [CE][Storage] ver:25 stamp:37, valid:yes, name:"mpmissions\dayzOffline.chernarusplus\storage_1\data\dynamic_008.001"
 7:29:05.602 [CE][Storage] ver:25 stamp:38, valid:yes, name:"mpmissions\dayzOffline.chernarusplus\storage_1\data\dynamic_008.002"
 7:29:05.602 [CE][Storage] Restoring file "mpmissions\dayzOffline.chernarusplus\storage_1\data\dynamic_008.bin" 2103 items.
 7:29:06.40   2103 items loaded.
 7:29:06.40 [CE][Storage] ver:25 stamp:38, valid:yes, name:"mpmissions\dayzOffline.chernarusplus\storage_1\data\dynamic_009.bin"
 7:29:06.40 [CE][Storage] ver:25 stamp:37, valid:yes, name:"mpmissions\dayzOffline.chernarusplus\storage_1\data\dynamic_009.001"
 7:29:06.55 [CE][Storage] ver:25 stamp:38, valid:yes, name:"mpmissions\dayzOffline.chernarusplus\storage_1\data\dynamic_009.002"
 7:29:06.55 [CE][Storage] Restoring file "mpmissions\dayzOffline.chernarusplus\storage_1\data\dynamic_009.bin" 2688 items.
 7:29:06.571   2688 items loaded.
 7:29:06.571 [CE][Storage] ver:25 stamp:38, valid:yes, name:"mpmissions\dayzOffline.chernarusplus\storage_1\data\dynamic_010.bin"
 7:29:06.587 [CE][Storage] ver:25 stamp:37, valid:yes, name:"mpmissions\dayzOffline.chernarusplus\storage_1\data\dynamic_010.001"
 7:29:06.587 [CE][Storage] ver:25 stamp:38, valid:yes, name:"mpmissions\dayzOffline.chernarusplus\storage_1\data\dynamic_010.002"
 7:29:06.587 [CE][Storage] Restoring file "mpmissions\dayzOffline.chernarusplus\storage_1\data\dynamic_010.bin" 1684 items.
 7:29:06.930   1684 items loaded.
 7:29:06.930 [CE][Storage] ver:25 stamp:38, valid:yes, name:"mpmissions\dayzOffline.chernarusplus\storage_1\data\dynamic_011.bin"
 7:29:06.946 [CE][Storage] ver:25 stamp:37, valid:yes, name:"mpmissions\dayzOffline.chernarusplus\storage_1\data\dynamic_011.001"
 7:29:06.946 [CE][Storage] ver:25 stamp:38, valid:yes, name:"mpmissions\dayzOffline.chernarusplus\storage_1\data\dynamic_011.002"
 7:29:06.946 [CE][Storage] Restoring file "mpmissions\dayzOffline.chernarusplus\storage_1\data\dynamic_011.bin" 166 items.
 7:29:06.977   166 items loaded.
 7:29:06.977 [CE][Storage] ver:25 stamp:38, valid:yes, name:"mpmissions\dayzOffline.chernarusplus\storage_1\data\vehicles.bin"
 7:29:06.977 [CE][Storage] ver:25 stamp:37, valid:yes, name:"mpmissions\dayzOffline.chernarusplus\storage_1\data\vehicles.001"
 7:29:06.993 [CE][Storage] ver:25 stamp:35, valid:yes, name:"mpmissions\dayzOffline.chernarusplus\storage_1\data\vehicles.002"
 7:29:06.993 [CE][Storage] Restoring file "mpmissions\dayzOffline.chernarusplus\storage_1\data\vehicles.bin" 94 items.
 7:29:07.446   94 items loaded.
 7:29:07.540 [CE][Hive] :: Storage load took:5.11 seconds, recovery stamp:38
 7:29:07.540   entity: 23567, building: 0
 7:29:07.540   no lifetime: 43
 7:29:07.540 [CE][Hive] :: Initializing ... 
 7:29:07.555 [CE][InitializeMap] :: initialized: 0
 7:29:07.555 [CE][Hive] :: Initializing spawners ... 
 7:29:08.415 [CE][LootRespawner] (PRIDummy) :: Initially (re)spawned:0, Nominal:20826, Total in Map: 20917 at 0 (sec)
 7:29:08.415   tests:0, repeats:0 fails:0, overtime:0
 7:29:08.415 [CE][DynEvent] :: 37 types
 7:29:08.415 [00] AmbientHen
 7:29:08.415   Primary Spawner: "Ambient", active: yes, repeat: 1
 7:29:08.415 [01] AnimalBear
 7:29:08.415   Primary Spawner: "Animal", active: yes, repeat: 1
 7:29:08.415 [02] AnimalCow
 7:29:08.415   Primary Spawner: "Animal", active: yes, repeat: 1
 7:29:08.415 [03] AnimalDeer
 7:29:08.415   Primary Spawner: "Animal", active: yes, repeat: 1
 7:29:08.415 [04] AnimalGoat
 7:29:08.415   Primary Spawner: "Animal", active: yes, repeat: 1
 7:29:08.415 [05] AnimalPig
 7:29:08.415   Primary Spawner: "Animal", active: yes, repeat: 1
 7:29:08.415 [06] AnimalRoeDeer
 7:29:08.415   Primary Spawner: "Animal", active: yes, repeat: 1
 7:29:08.415 [07] AnimalSheep
 7:29:08.415   Primary Spawner: "Animal", active: yes, repeat: 1
 7:29:08.415 [08] AnimalWildBoar
 7:29:08.415   Primary Spawner: "Animal", active: yes, repeat: 1
 7:29:08.415 [09] AnimalWolf
 7:29:08.415   Primary Spawner: "Animal", active: yes, repeat: 1
 7:29:08.415 [10] InfectedArmy
 7:29:08.415   Primary Spawner: "Infected", active: yes, repeat: 1
 7:29:08.415 [11] InfectedCity
 7:29:08.415   Primary Spawner: "Infected", active: yes, repeat: 1
 7:29:08.415 [12] InfectedFirefighter
 7:29:08.415   Primary Spawner: "Infected", active: yes, repeat: 1
 7:29:08.415 [13] InfectedIndustrial
 7:29:08.415   Primary Spawner: "Infected", active: yes, repeat: 1
 7:29:08.415 [14] InfectedMedic
 7:29:08.415   Primary Spawner: "Infected", active: yes, repeat: 1
 7:29:08.415 [15] InfectedPolice
 7:29:08.415   Primary Spawner: "Infected", active: yes, repeat: 1
 7:29:08.415 [16] InfectedPrisoner
 7:29:08.415   Primary Spawner: "Infected", active: yes, repeat: 1
 7:29:08.415 [17] InfectedReligious
 7:29:08.415   Primary Spawner: "Infected", active: yes, repeat: 1
 7:29:08.415 [18] InfectedSolitude
 7:29:08.415   Primary Spawner: "Infected", active: yes, repeat: 1
 7:29:08.415 [19] InfectedVillage
 7:29:08.415   Primary Spawner: "Infected", active: yes, repeat: 1
 7:29:08.415 [20] ItemPlanks
 7:29:08.415   Primary Spawner: "Item", active: yes, repeat: 1
 7:29:08.415 [21] Loot
 7:29:08.415   Primary Spawner: "Loot", active: yes, repeat: 2
 7:29:08.415 [22] StaticHeliCrash
 7:29:08.415   Primary Spawner: "Vehicle", active: yes, repeat: 1
 7:29:08.415   Secondary Spawner: "Infected", active: yes, repeat: 1
 7:29:08.415 [23] StaticPoliceCar
 7:29:08.415   Primary Spawner: "Vehicle", active: yes, repeat: 1
 7:29:08.415 [24] TrajectoryApple
 7:29:08.415   Primary Spawner: "Trajectory", active: yes, repeat: 1
 7:29:08.415 [25] TrajectoryCanina
 7:29:08.415   Primary Spawner: "Trajectory", active: yes, repeat: 1
 7:29:08.415 [26] TrajectoryConiferous
 7:29:08.415   Primary Spawner: "Trajectory", active: yes, repeat: 1
 7:29:08.415 [27] TrajectoryDeciduous
 7:29:08.415   Primary Spawner: "Trajectory", active: yes, repeat: 1
 7:29:08.415 [28] TrajectoryHumus
 7:29:08.415   Primary Spawner: "Trajectory", active: yes, repeat: 1
 7:29:08.415 [29] TrajectoryPear
 7:29:08.415   Primary Spawner: "Trajectory", active: yes, repeat: 1
 7:29:08.415 [30] TrajectoryPlum
 7:29:08.415   Primary Spawner: "Trajectory", active: yes, repeat: 1
 7:29:08.415 [31] TrajectorySambucus
 7:29:08.415   Primary Spawner: "Trajectory", active: yes, repeat: 1
 7:29:08.415 [32] TrajectoryStones
 7:29:08.415   Primary Spawner: "Trajectory", active: yes, repeat: 1
 7:29:08.415 [33] VehicleCivilianSedan
 7:29:08.415   Primary Spawner: "Vehicle", active: yes, repeat: 1
 7:29:08.415 [34] VehicleHatchback02
 7:29:08.415   Primary Spawner: "Vehicle", active: yes, repeat: 1
 7:29:08.415 [35] VehicleOffroadHatchback
 7:29:08.415   Primary Spawner: "Vehicle", active: yes, repeat: 1
 7:29:08.415 [36] VehicleSedan02
 7:29:08.415   Primary Spawner: "Vehicle", active: yes, repeat: 1
 7:29:08.415 [CE][Hive] :: Initializing of spawners done.
 7:29:08.415 [CE][Hive] :: Init sequence finished.
 7:29:08.415 Player connect enabled
 7:29:09.133 [IdleMode] Entering IN - save processed
 7:31:51.497 [Login]: Adding player Survivor (171889299) to login queue at position 0
 7:31:51.497 [LoginMachine]: Add player Survivor (171889299)
 7:31:51.497 [StateMachine]: Player Survivor (dpnid 171889299 uid ) Entering AuthPlayerLoginState
 7:31:51.700 [StateMachine]: Player Survivor (dpnid 171889299 uid ) Entering WaitAuthPlayerLoginState
 7:31:53.122 Player Survivor connected (id=BvAfWEwkf1BS22gq16ncvW4M3Ycn_607DPSKzJe9pnU=).
 7:31:53.122 Player "Survivor" is connected (steamID=76561198073956794)
 7:31:53.778 [StateMachine]: Player Survivor (dpnid 171889299 uid BvAfWEwkf1BS22gq16ncvW4M3Ycn_607DPSKzJe9pnU=) Entering DBGetLoginTimeLoginState
 7:31:53.840 [StateMachine]: Player Survivor (dpnid 171889299 uid BvAfWEwkf1BS22gq16ncvW4M3Ycn_607DPSKzJe9pnU=) Entering DBWaitLoginTimeLoginState
 7:31:54.715 [IdleMode] Leaving OUT
 7:32:08.871 [StateMachine]: Player Survivor (dpnid 171889299 uid BvAfWEwkf1BS22gq16ncvW4M3Ycn_607DPSKzJe9pnU=) Entering DBGetCharacterLoginState
 7:32:08.933 [StateMachine]: Player Survivor (dpnid 171889299 uid BvAfWEwkf1BS22gq16ncvW4M3Ycn_607DPSKzJe9pnU=) Entering CreateNetObjectsLoginState
 7:32:08.964 [StateMachine]: Player Survivor (dpnid 171889299 uid BvAfWEwkf1BS22gq16ncvW4M3Ycn_607DPSKzJe9pnU=) Entering PreloadCamLoginState
 7:32:08.996 [StateMachine]: Player Survivor (dpnid 171889299 uid BvAfWEwkf1BS22gq16ncvW4M3Ycn_607DPSKzJe9pnU=) Entering WaitPreloadCamLoginState
 7:32:25.533 [StateMachine]: Player Survivor (dpnid 171889299 uid BvAfWEwkf1BS22gq16ncvW4M3Ycn_607DPSKzJe9pnU=) Entering GetLoadedCharLoginState
 7:32:28.488 <LOAD EXISTING CHAR>:
    charID 1
    playerID 1
    dpnid 171889299
    uid BvAfWEwkf1BS22gq16ncvW4M3Ycn_607DPSKzJe9pnU=
 7:33:35.465 [Disconnect]: Start script disconnect 171889299 (dbCharacterId 1 dbPlayerId 1) logoutTime 15
 7:33:37.277 [Disconnect]: Client 171889299 disconnecting
 7:33:37.277 [Disconnect]: Client 171889299 early disconnect
 7:33:37.293 [Disconnect]: Start script disconnect 171889299 (dbCharacterId 1 dbPlayerId 1) logoutTime 15
 7:33:38.43 [Disconnect]: Remove player info 171889299
 7:33:38.74 [Disconnect]: Player destroy 171889299 
 7:33:49.105  --- Termination successfully completed --- 
