

=====================================================================
== C:\Program Files (x86)\Steam\steamapps\common\DayZServer\DayZServer_x64.exe
== DayZServer_x64.exe  -config=serverDZ.cfg -profiles=ServerProfile -limitFPS=120
=====================================================================
Exe timestamp: 2020/07/10 13:13:22
Current time:  2020/07/11 08:15:09

Version 1.08.153258
 8:15:09.399 [Inputs] Loading inputs default "bin/constants.xml"
 8:15:09.399 [Inputs] Loading inputs default "bin/specific.xml"
 8:15:09.399 !!! [Inputs] Invalid input name used "UAUIInspectItem" for context "ui" in "bin/specific.xml"
 8:15:09.399 [Inputs] Loading inputs cfg "ServerProfile\Users\Survivor\Server.core.xml"
 8:15:09.399 !!! [Inputs] Cannot read inputs cfg "ServerProfile\Users\Survivor\Server.core.xml", parser error
 8:15:09.399 [Inputs] Loading inputs cfg "bin/core.xml"
 8:15:09.399 !!! [Inputs] Cannot load input preset "user", file does not exist
 8:15:09.399 [Inputs] Exporting inputs cfg "ServerProfile\Users\Survivor\Server.core.xml"
 8:15:22.404 [CE][Hive] :: Initializing OFFLINE
 8:15:22.404 [CE][Hive] :: Loading core data ... 
 8:15:22.404 [CE][CoreData] :: 7 root classes, 18 defaults, 0 updaters...
 8:15:22.436 [CE][offlineDB] :: Conversion of characters started.
 8:15:22.467 [CE][offlineDB] :: Processing 0 players.
 8:15:22.467 [CE][offlineDB] :: Conversion of characters successfully completed.
 8:15:24.547 [CE] :: WARNING :: Preset map "optics" is EMPTY.
 8:15:24.547 [CE] :: WARNING :: Preset (attachments) with name 'bagsCity' was not found.
 8:15:24.547 [CE] :: WARNING :: Preset (attachments) with name 'bagsCity' was not found.
 8:15:24.547 [CE] :: WARNING :: Preset (attachments) with name 'bagsCity' was not found.
 8:15:24.547 [CE] :: WARNING :: Preset (attachments) with name 'bagsCity' was not found.
 8:15:24.547 [CE] :: WARNING :: Preset (attachments) with name 'bagsCity' was not found.
 8:15:24.547 [CE] :: WARNING :: Preset (attachments) with name 'bagsCity' was not found.
 8:15:24.547 [CE] :: WARNING :: Preset (attachments) with name 'bagsCity' was not found.
 8:15:24.547 [CE] :: WARNING :: Preset (attachments) with name 'bagsCity' was not found.
 8:15:24.547 [CE] :: WARNING :: Preset (attachments) with name 'bagsCity' was not found.
 8:15:24.547 [CE] :: WARNING :: Preset (attachments) with name 'bagsCity' was not found.
 8:15:24.547 [CE] :: WARNING :: Preset (attachments) with name 'bagsCity' was not found.
 8:15:24.547 [CE] :: WARNING :: Preset (attachments) with name 'bagsCity' was not found.
 8:15:24.547 [CE] :: WARNING :: Preset (attachments) with name 'bagsCity' was not found.
 8:15:24.547 [CE] :: WARNING :: Preset (attachments) with name 'bagsCity' was not found.
 8:15:24.547 [CE] :: WARNING :: Preset (attachments) with name 'hatsCitySkate' was not found.
 8:15:24.547 [CE] :: WARNING :: Preset (attachments) with name 'bagsCity' was not found.
 8:15:24.547 [CE] :: WARNING :: Preset (attachments) with name 'hatsCitySkate' was not found.
 8:15:24.547 [CE] :: WARNING :: Preset (attachments) with name 'bagsCity' was not found.
 8:15:24.547 [CE] :: WARNING :: Preset (attachments) with name 'hatsCitySkate' was not found.
 8:15:24.547 [CE] :: WARNING :: Preset (attachments) with name 'bagsCity' was not found.
 8:15:24.547 [CE] :: WARNING :: Preset (attachments) with name 'bagsCity' was not found.
 8:15:24.547 [CE] :: WARNING :: Preset (attachments) with name 'bagsCity' was not found.
 8:15:24.547 [CE] :: WARNING :: Preset (attachments) with name 'bagsCity' was not found.
 8:15:24.547 [CE] :: WARNING :: Preset (attachments) with name 'bagsCity' was not found.
 8:15:24.547 [CE] :: WARNING :: Preset (attachments) with name 'bagsCity' was not found.
 8:15:24.547 [CE] :: WARNING :: Preset (attachments) with name 'bagsCity' was not found.
 8:15:24.547 [CE] :: WARNING :: Preset (attachments) with name 'bagsCity' was not found.
 8:15:24.547 [CE] :: WARNING :: Preset (attachments) with name 'bagsCity' was not found.
 8:15:24.547 [CE] :: WARNING :: Preset (attachments) with name 'bagsCity' was not found.
 8:15:24.547 [CE] :: WARNING :: Preset (attachments) with name 'bagsCity' was not found.
 8:15:24.547 [CE] :: WARNING :: Preset (attachments) with name 'bagsCity' was not found.
 8:15:24.547 [CE] :: WARNING :: Preset (attachments) with name 'bagsCity' was not found.
 8:15:24.547 [CE] :: WARNING :: Preset (attachments) with name 'bagsCity' was not found.
 8:15:24.547 [CE] :: WARNING :: Preset (attachments) with name 'bagsCity' was not found.
 8:15:24.547 [CE] :: WARNING :: Preset (attachments) with name 'bagsCity' was not found.
 8:15:24.547 [CE] :: WARNING :: Preset (attachments) with name 'bagsCity' was not found.
 8:15:24.547 [CE] :: WARNING :: Preset (attachments) with name 'bagsCity' was not found.
 8:15:24.547 [CE] :: WARNING :: Preset (attachments) with name 'bagsCity' was not found.
 8:15:24.547 [CE] :: WARNING :: Preset (attachments) with name 'bagsCity' was not found.
 8:15:24.547 [CE] :: WARNING :: Preset (attachments) with name 'bagsCity' was not found.
 8:15:24.547 [CE] :: WARNING :: Preset (attachments) with name 'bagsCity' was not found.
 8:15:24.547 [CE] :: WARNING :: Preset (attachments) with name 'bagsCity' was not found.
 8:15:24.547 [CE] :: WARNING :: Preset (attachments) with name 'bagsCity' was not found.
 8:15:24.547 [CE] :: WARNING :: Preset (attachments) with name 'bagsCity' was not found.
 8:15:24.547 [CE] :: WARNING :: Preset (attachments) with name 'bagsCity' was not found.
 8:15:24.547 [CE] :: WARNING :: Preset (attachments) with name 'hatsMotorbike' was not found.
 8:15:24.547 [CE] :: WARNING :: Preset (attachments) with name 'hatsMotorbike' was not found.
 8:15:24.547 [CE] :: WARNING :: Preset (attachments) with name 'hatsMotorbike' was not found.
 8:15:24.547 [CE] :: WARNING :: Preset (attachments) with name 'hatsCitySkate' was not found.
 8:15:24.547 [CE] :: WARNING :: Preset (attachments) with name 'bagsCity' was not found.
 8:15:24.547 [CE] :: WARNING :: Preset (attachments) with name 'hatsCitySkate' was not found.
 8:15:24.547 [CE] :: WARNING :: Preset (attachments) with name 'bagsCity' was not found.
 8:15:24.547 [CE] :: WARNING :: Preset (attachments) with name 'hatsCitySkate' was not found.
 8:15:24.547 [CE] :: WARNING :: Preset (attachments) with name 'bagsCity' was not found.
 8:15:24.547 [CE] :: WARNING :: Preset (attachments) with name 'hatsCitySkate' was not found.
 8:15:24.547 [CE] :: WARNING :: Preset (attachments) with name 'bagsCity' was not found.
 8:15:24.547 [CE] :: WARNING :: Preset (attachments) with name 'hatsIndustrial' was not found.
 8:15:24.547 [CE] :: WARNING :: Preset (attachments) with name 'bagsIndustrial' was not found.
 8:15:24.547 [CE] :: WARNING :: Preset (attachments) with name 'hatsIndustrial' was not found.
 8:15:24.547 [CE] :: WARNING :: Preset (attachments) with name 'bagsIndustrial' was not found.
 8:15:24.547 [CE] :: WARNING :: Preset (attachments) with name 'hatsIndustrial' was not found.
 8:15:24.547 [CE] :: WARNING :: Preset (attachments) with name 'bagsIndustrial' was not found.
 8:15:24.547 [CE] :: WARNING :: Preset (attachments) with name 'hatsIndustrial' was not found.
 8:15:24.547 [CE] :: WARNING :: Preset (attachments) with name 'bagsIndustrial' was not found.
 8:15:24.547 [CE] :: WARNING :: Preset (attachments) with name 'hatsIndustrial' was not found.
 8:15:24.547 [CE] :: WARNING :: Preset (attachments) with name 'bagsIndustrial' was not found.
 8:15:24.547 [CE] :: WARNING :: Preset (attachments) with name 'hatsIndustrial' was not found.
 8:15:24.547 [CE] :: WARNING :: Preset (attachments) with name 'bagsIndustrial' was not found.
 8:15:24.547 [CE] :: WARNING :: Preset (attachments) with name 'hatsIndustrial' was not found.
 8:15:24.547 [CE] :: WARNING :: Preset (attachments) with name 'bagsIndustrial' was not found.
 8:15:24.547 [CE] :: WARNING :: Preset (attachments) with name 'hatsIndustrial' was not found.
 8:15:24.547 [CE] :: WARNING :: Preset (attachments) with name 'bagsIndustrial' was not found.
 8:15:24.547 [CE] :: WARNING :: Preset (attachments) with name 'hatsIndustrial' was not found.
 8:15:24.547 [CE] :: WARNING :: Preset (attachments) with name 'bagsIndustrial' was not found.
 8:15:24.547 [CE] :: WARNING :: Preset (attachments) with name 'hatsIndustrial' was not found.
 8:15:24.547 [CE] :: WARNING :: Preset (attachments) with name 'bagsIndustrial' was not found.
 8:15:24.547 [CE] :: WARNING :: Preset (attachments) with name 'hatsIndustrial' was not found.
 8:15:24.547 [CE] :: WARNING :: Preset (attachments) with name 'bagsIndustrial' was not found.
 8:15:24.547 [CE] :: WARNING :: Preset (attachments) with name 'hatsIndustrial' was not found.
 8:15:24.547 [CE] :: WARNING :: Preset (attachments) with name 'bagsIndustrial' was not found.
 8:15:24.547 [CE] :: WARNING :: Preset (attachments) with name 'hatsIndustrial' was not found.
 8:15:24.547 [CE] :: WARNING :: Preset (attachments) with name 'bagsIndustrial' was not found.
 8:15:24.547 [CE] :: WARNING :: Preset (attachments) with name 'hatsIndustrial' was not found.
 8:15:24.547 [CE] :: WARNING :: Preset (attachments) with name 'bagsIndustrial' was not found.
 8:15:24.547 [CE] :: WARNING :: Preset (attachments) with name 'hatsIndustrial' was not found.
 8:15:24.547 [CE] :: WARNING :: Preset (attachments) with name 'bagsIndustrial' was not found.
 8:15:24.547 [CE] :: WARNING :: Preset (attachments) with name 'hatsIndustrial' was not found.
 8:15:24.547 [CE] :: WARNING :: Preset (attachments) with name 'bagsIndustrial' was not found.
 8:15:24.547 [CE] :: WARNING :: Preset (attachments) with name 'hatsIndustrial' was not found.
 8:15:24.547 [CE] :: WARNING :: Preset (attachments) with name 'bagsIndustrial' was not found.
 8:15:24.547 [CE] :: WARNING :: Preset (attachments) with name 'hatsIndustrial' was not found.
 8:15:24.547 [CE] :: WARNING :: Preset (attachments) with name 'bagsIndustrial' was not found.
 8:15:24.547 [CE] :: WARNING :: Preset (attachments) with name 'hatsIndustrial' was not found.
 8:15:24.547 [CE] :: WARNING :: Preset (attachments) with name 'bagsIndustrial' was not found.
 8:15:24.547 [CE] :: WARNING :: Preset (attachments) with name 'hatsIndustrial' was not found.
 8:15:24.547 [CE] :: WARNING :: Preset (attachments) with name 'bagsIndustrial' was not found.
 8:15:24.547 [CE] :: WARNING :: Preset (attachments) with name 'hatsIndustrial' was not found.
 8:15:24.547 [CE] :: WARNING :: Preset (attachments) with name 'bagsIndustrial' was not found.
 8:15:24.547 [CE] :: WARNING :: Preset (attachments) with name 'hatsIndustrial' was not found.
 8:15:24.547 [CE] :: WARNING :: Preset (attachments) with name 'bagsIndustrial' was not found.
 8:15:24.547 [CE] :: WARNING :: Preset (attachments) with name 'hatsIndustrial' was not found.
 8:15:24.547 [CE] :: WARNING :: Preset (attachments) with name 'bagsIndustrial' was not found.
 8:15:24.547 [CE] :: WARNING :: Preset (attachments) with name 'hatsIndustrial' was not found.
 8:15:24.547 [CE] :: WARNING :: Preset (attachments) with name 'bagsIndustrial' was not found.
 8:15:24.547 [CE] :: WARNING :: Preset (attachments) with name 'hatsIndustrial' was not found.
 8:15:24.547 [CE] :: WARNING :: Preset (attachments) with name 'bagsIndustrial' was not found.
 8:15:24.547 [CE] :: WARNING :: Preset (attachments) with name 'hatsIndustrial' was not found.
 8:15:24.547 [CE] :: WARNING :: Preset (attachments) with name 'bagsIndustrial' was not found.
 8:15:24.547 [CE] :: WARNING :: Preset (attachments) with name 'hatsFirefighter' was not found.
 8:15:24.547 [CE] :: WARNING :: Preset (attachments) with name 'hatsMedic' was not found.
 8:15:24.547 [CE] :: WARNING :: Preset (attachments) with name 'hatsMedic' was not found.
 8:15:24.547 [CE] :: WARNING :: Preset (attachments) with name 'hatsPolice' was not found.
 8:15:24.547 [CE] :: WARNING :: Preset (attachments) with name 'vestsPolice' was not found.
 8:15:24.547 [CE] :: WARNING :: Preset (attachments) with name 'hatsPolice' was not found.
 8:15:24.547 [CE] :: WARNING :: Preset (attachments) with name 'vestsPolice' was not found.
 8:15:24.547 [CE] :: WARNING :: Preset (attachments) with name 'hatsPolice' was not found.
 8:15:24.547 [CE] :: WARNING :: Preset (attachments) with name 'vestsPolice' was not found.
 8:15:24.547 [CE] :: WARNING :: Preset (attachments) with name 'hatsPrisoner' was not found.
 8:15:24.547 [CE] :: WARNING :: Preset (attachments) with name 'hatsFarm' was not found.
 8:15:24.547 [CE] :: WARNING :: Preset (attachments) with name 'hatsFarm' was not found.
 8:15:24.547 [CE] :: WARNING :: Preset (attachments) with name 'hatsFarm' was not found.
 8:15:24.547 [CE] :: WARNING :: Preset (attachments) with name 'hatsFarm' was not found.
 8:15:24.547 [CE] :: WARNING :: Preset (attachments) with name 'hatsFarm' was not found.
 8:15:24.547 [CE] :: WARNING :: Preset (attachments) with name 'hatsFarm' was not found.
 8:15:24.547 [CE] :: WARNING :: Preset (attachments) with name 'hatsFarm' was not found.
 8:15:24.547 [CE] :: WARNING :: Preset (attachments) with name 'hatsFarm' was not found.
 8:15:24.547 [CE] :: WARNING :: Preset (attachments) with name 'hatsFarm' was not found.
 8:15:24.547 [CE] :: WARNING :: Preset (attachments) with name 'hatsFarm' was not found.
 8:15:24.547 [CE] :: WARNING :: Preset (attachments) with name 'hatsFarm' was not found.
 8:15:24.547 [CE] :: WARNING :: Preset (attachments) with name 'hatsFarm' was not found.
 8:15:24.547 [CE] :: WARNING :: Preset (attachments) with name 'hatsFarm' was not found.
 8:15:24.547 [CE] :: WARNING :: Preset (attachments) with name 'hatsFarm' was not found.
 8:15:24.547 [CE] :: WARNING :: Preset (attachments) with name 'hatsFarm' was not found.
 8:15:24.547 [CE] :: WARNING :: Preset (attachments) with name 'hatsFarm' was not found.
 8:15:24.547 [CE] :: WARNING :: Preset (attachments) with name 'hatsFarm' was not found.
 8:15:24.547 [CE] :: WARNING :: Preset (attachments) with name 'hatsFarm' was not found.
 8:15:24.547 [CE] :: WARNING :: Preset (attachments) with name 'hatsFarm' was not found.
 8:15:24.547 [CE] :: WARNING :: Preset (attachments) with name 'hatsFarm' was not found.
 8:15:24.547 [CE] :: WARNING :: Preset (attachments) with name 'hatsFarm' was not found.
 8:15:24.547 [CE] :: WARNING :: Preset (attachments) with name 'hatsFarm' was not found.
 8:15:24.547 [CE] :: WARNING :: Preset (attachments) with name 'hatsFarm' was not found.
 8:15:24.547 [CE] :: WARNING :: Preset (attachments) with name 'hatsFarm' was not found.
 8:15:24.547 [CE] :: WARNING :: Preset (attachments) with name 'hatsFarm' was not found.
 8:15:24.547 [CE] :: WARNING :: Preset (attachments) with name 'hatsFarm' was not found.
 8:15:24.547 [CE] :: WARNING :: Preset (attachments) with name 'hatsFarm' was not found.
 8:15:24.547 [CE] :: WARNING :: Preset (attachments) with name 'hatsFarm' was not found.
 8:15:24.547 [CE] :: WARNING :: Preset (attachments) with name 'hatsFarm' was not found.
 8:15:24.547 [CE] :: WARNING :: Preset (attachments) with name 'hatsFarm' was not found.
 8:15:24.547 [CE] :: WARNING :: Preset (attachments) with name 'hatsFarm' was not found.
 8:15:24.547 [CE] :: WARNING :: Preset (attachments) with name 'hatsFarm' was not found.
 8:15:24.547 [CE] :: WARNING :: Preset (attachments) with name 'hatsFarm' was not found.
 8:15:24.547 [CE][TypeSetup] :: 263 classes setuped...
 8:15:24.625 [CE][RegisterBind] :: 0 classes binded...
 8:15:24.625 [CE][RegisterConfig] :: 2924 config classes registered, 1 sub-counters...
 8:15:24.625 [CE][Hive] :: Loading map data ... 
 8:15:24.703 !!! [CE] :: Unknown category: 'vehicleparts'.
 8:15:24.703 !!! [CE] :: Unknown category: 'vehicleparts'.
 8:15:24.703 !!! [CE] :: Unknown category: 'vehicleparts'.
 8:15:24.703 !!! [CE] :: Unknown category: 'vehicleparts'.
 8:15:24.703 !!! [CE] :: Unknown category: 'vehicleparts'.
 8:15:24.703 !!! [CE] :: Unknown category: 'vehicleparts'.
 8:15:24.703 !!! [CE] :: Unknown category: 'vehicleparts'.
 8:15:24.703 !!! [CE] :: Unknown category: 'vehicleparts'.
 8:15:24.703 !!! [CE] :: Unknown category: 'vehicleparts'.
 8:15:24.703 !!! [CE] :: Unknown category: 'vehicleparts'.
 8:15:24.703 !!! [CE] :: Unknown category: 'vehicleparts'.
 8:15:24.703 !!! [CE] :: Unknown category: 'vehicleparts'.
 8:15:24.703 !!! [CE] :: Unknown category: 'vehicleparts'.
 8:15:24.703 !!! [CE] :: Unknown category: 'vehicleparts'.
 8:15:24.703 !!! [CE] :: Unknown category: 'vehicleparts'.
 8:15:24.703 !!! [CE] :: Unknown category: 'vehicleparts'.
 8:15:24.703 !!! [CE] :: Unknown category: 'vehicleparts'.
 8:15:24.703 !!! [CE] :: Unknown category: 'vehicleparts'.
 8:15:24.703 !!! [CE] :: Unknown category: 'vehicleparts'.
 8:15:24.703 !!! [CE] :: Unknown category: 'vehicleparts'.
 8:15:24.703 !!! [CE] :: Unknown category: 'vehicleparts'.
 8:15:24.703 !!! [CE] :: Unknown category: 'vehicleparts'.
 8:15:24.703 !!! [CE] :: Unknown category: 'vehicleparts'.
 8:15:24.703 !!! [CE] :: Unknown category: 'vehicleparts'.
 8:15:24.703 [CE][LoadPrototype] :: loaded 329 prototypes
 8:15:24.703   701 containers, 9117 points
 8:15:24.703   24 dispatches, 90 proxies
 8:15:24.703 !!! [CE][LoadPrototype] 12 groups have no points...
 8:15:24.703 !!![CE][LoadPrototype]  3 groups have wrong points...
 8:15:24.703 [CE][LoadPrototype] :: last group name: Land_Lunapark_Autodrome...
 8:15:24.703 [CE][LoadPrototype] :: loaded 0 prototypes
 8:15:24.703   0 containers, 0 points
 8:15:24.703   0 dispatches, 0 proxies
 8:15:24.703 [CE][LoadPrototype] :: last group name: Rail9...
 8:15:25.281 [CE][LoadMap] "Group" :: loaded 11599 groups, largest group range: 34.2
 8:15:25.281 [CE][LoadMap] "Dirt" :: loaded 0 groups, largest group range: 34.2
 8:15:25.703 [CE][Links] found 1896 total links between groups, of 11599
 8:15:25.703 [CE][LoadClusters] "Cluster" :: Loading files...
 8:15:25.953 [CE][LoadClusters] :: file: "mapgroupcluster.xml", 9 types, 50000 instances
 8:15:26.244 [CE][LoadClusters] :: file: "mapgroupcluster01", 9 types, 50000 instances
 8:15:26.519 [CE][LoadClusters] :: file: "mapgroupcluster02", 9 types, 50000 instances
 8:15:26.794 [CE][LoadClusters] :: file: "mapgroupcluster03", 9 types, 50000 instances
 8:15:26.901 [CE][LoadClusters] :: file: "mapgroupcluster04", 9 types, 17229 instances
 8:15:26.906 [CE][Storage] ver:0 stamp:0, valid:NO, name:"mpmissions\dayzOffline.chernarusplus\storage_1\data\types.bin"
 8:15:26.907 [CE][Storage] ver:0 stamp:0, valid:NO, name:"mpmissions\dayzOffline.chernarusplus\storage_1\data\types.001"
 8:15:26.907 [CE][Storage] ver:0 stamp:0, valid:NO, name:"mpmissions\dayzOffline.chernarusplus\storage_1\data\types.002"
 8:15:26.924 [CE][offlineDB] :: Loaded 37 dynamic events 216 total types 0 total positions.
 8:15:26.958 !!! [CE] :: Unknown usage: 'Lunapark'.
 8:15:26.961 [CE][Storage] ver:0 stamp:0, valid:NO, name:"mpmissions\dayzOffline.chernarusplus\storage_1\data\events.bin"
 8:15:26.961 [CE][Storage] ver:0 stamp:0, valid:NO, name:"mpmissions\dayzOffline.chernarusplus\storage_1\data\events.001"
 8:15:26.961 [CE][Storage] ver:0 stamp:0, valid:NO, name:"mpmissions\dayzOffline.chernarusplus\storage_1\data\events.002"
 8:15:26.962 [CE][Storage] ver:0 stamp:0, valid:NO, name:"mpmissions\dayzOffline.chernarusplus\storage_1\data\dynamic_000.bin"
 8:15:26.962 [CE][Storage] ver:0 stamp:0, valid:NO, name:"mpmissions\dayzOffline.chernarusplus\storage_1\data\dynamic_000.001"
 8:15:26.962 [CE][Storage] ver:0 stamp:0, valid:NO, name:"mpmissions\dayzOffline.chernarusplus\storage_1\data\dynamic_000.002"
 8:15:26.963 [CE][Storage] ver:0 stamp:0, valid:NO, name:"mpmissions\dayzOffline.chernarusplus\storage_1\data\dynamic_001.bin"
 8:15:26.963 [CE][Storage] ver:0 stamp:0, valid:NO, name:"mpmissions\dayzOffline.chernarusplus\storage_1\data\dynamic_001.001"
 8:15:26.963 [CE][Storage] ver:0 stamp:0, valid:NO, name:"mpmissions\dayzOffline.chernarusplus\storage_1\data\dynamic_001.002"
 8:15:26.963 [CE][Storage] ver:0 stamp:0, valid:NO, name:"mpmissions\dayzOffline.chernarusplus\storage_1\data\dynamic_002.bin"
 8:15:26.963 [CE][Storage] ver:0 stamp:0, valid:NO, name:"mpmissions\dayzOffline.chernarusplus\storage_1\data\dynamic_002.001"
 8:15:26.963 [CE][Storage] ver:0 stamp:0, valid:NO, name:"mpmissions\dayzOffline.chernarusplus\storage_1\data\dynamic_002.002"
 8:15:26.963 [CE][Storage] ver:0 stamp:0, valid:NO, name:"mpmissions\dayzOffline.chernarusplus\storage_1\data\dynamic_003.bin"
 8:15:26.963 [CE][Storage] ver:0 stamp:0, valid:NO, name:"mpmissions\dayzOffline.chernarusplus\storage_1\data\dynamic_003.001"
 8:15:26.963 [CE][Storage] ver:0 stamp:0, valid:NO, name:"mpmissions\dayzOffline.chernarusplus\storage_1\data\dynamic_003.002"
 8:15:26.963 [CE][Storage] ver:0 stamp:0, valid:NO, name:"mpmissions\dayzOffline.chernarusplus\storage_1\data\dynamic_004.bin"
 8:15:26.964 [CE][Storage] ver:0 stamp:0, valid:NO, name:"mpmissions\dayzOffline.chernarusplus\storage_1\data\dynamic_004.001"
 8:15:26.964 [CE][Storage] ver:0 stamp:0, valid:NO, name:"mpmissions\dayzOffline.chernarusplus\storage_1\data\dynamic_004.002"
 8:15:26.964 [CE][Storage] ver:0 stamp:0, valid:NO, name:"mpmissions\dayzOffline.chernarusplus\storage_1\data\dynamic_005.bin"
 8:15:26.964 [CE][Storage] ver:0 stamp:0, valid:NO, name:"mpmissions\dayzOffline.chernarusplus\storage_1\data\dynamic_005.001"
 8:15:26.964 [CE][Storage] ver:0 stamp:0, valid:NO, name:"mpmissions\dayzOffline.chernarusplus\storage_1\data\dynamic_005.002"
 8:15:26.964 [CE][Storage] ver:0 stamp:0, valid:NO, name:"mpmissions\dayzOffline.chernarusplus\storage_1\data\dynamic_006.bin"
 8:15:26.964 [CE][Storage] ver:0 stamp:0, valid:NO, name:"mpmissions\dayzOffline.chernarusplus\storage_1\data\dynamic_006.001"
 8:15:26.964 [CE][Storage] ver:0 stamp:0, valid:NO, name:"mpmissions\dayzOffline.chernarusplus\storage_1\data\dynamic_006.002"
 8:15:26.964 [CE][Storage] ver:0 stamp:0, valid:NO, name:"mpmissions\dayzOffline.chernarusplus\storage_1\data\dynamic_007.bin"
 8:15:26.964 [CE][Storage] ver:0 stamp:0, valid:NO, name:"mpmissions\dayzOffline.chernarusplus\storage_1\data\dynamic_007.001"
 8:15:26.964 [CE][Storage] ver:0 stamp:0, valid:NO, name:"mpmissions\dayzOffline.chernarusplus\storage_1\data\dynamic_007.002"
 8:15:26.965 [CE][Storage] ver:0 stamp:0, valid:NO, name:"mpmissions\dayzOffline.chernarusplus\storage_1\data\dynamic_008.bin"
 8:15:26.965 [CE][Storage] ver:0 stamp:0, valid:NO, name:"mpmissions\dayzOffline.chernarusplus\storage_1\data\dynamic_008.001"
 8:15:26.965 [CE][Storage] ver:0 stamp:0, valid:NO, name:"mpmissions\dayzOffline.chernarusplus\storage_1\data\dynamic_008.002"
 8:15:26.965 [CE][Storage] ver:0 stamp:0, valid:NO, name:"mpmissions\dayzOffline.chernarusplus\storage_1\data\dynamic_009.bin"
 8:15:26.965 [CE][Storage] ver:0 stamp:0, valid:NO, name:"mpmissions\dayzOffline.chernarusplus\storage_1\data\dynamic_009.001"
 8:15:26.965 [CE][Storage] ver:0 stamp:0, valid:NO, name:"mpmissions\dayzOffline.chernarusplus\storage_1\data\dynamic_009.002"
 8:15:26.965 [CE][Storage] ver:0 stamp:0, valid:NO, name:"mpmissions\dayzOffline.chernarusplus\storage_1\data\dynamic_010.bin"
 8:15:26.965 [CE][Storage] ver:0 stamp:0, valid:NO, name:"mpmissions\dayzOffline.chernarusplus\storage_1\data\dynamic_010.001"
 8:15:26.965 [CE][Storage] ver:0 stamp:0, valid:NO, name:"mpmissions\dayzOffline.chernarusplus\storage_1\data\dynamic_010.002"
 8:15:26.965 [CE][Storage] ver:0 stamp:0, valid:NO, name:"mpmissions\dayzOffline.chernarusplus\storage_1\data\dynamic_011.bin"
 8:15:26.966 [CE][Storage] ver:0 stamp:0, valid:NO, name:"mpmissions\dayzOffline.chernarusplus\storage_1\data\dynamic_011.001"
 8:15:26.966 [CE][Storage] ver:0 stamp:0, valid:NO, name:"mpmissions\dayzOffline.chernarusplus\storage_1\data\dynamic_011.002"
 8:15:26.966 [CE][Storage] ver:0 stamp:0, valid:NO, name:"mpmissions\dayzOffline.chernarusplus\storage_1\data\vehicles.bin"
 8:15:26.966 [CE][Storage] ver:0 stamp:0, valid:NO, name:"mpmissions\dayzOffline.chernarusplus\storage_1\data\vehicles.001"
 8:15:26.966 [CE][Storage] ver:0 stamp:0, valid:NO, name:"mpmissions\dayzOffline.chernarusplus\storage_1\data\vehicles.002"
 8:15:26.966 [CE][Hive] :: Empty storage folder, reinitializing ... 
 8:15:26.968 [CE][Hive] :: Initializing ... 
 8:15:26.974 [CE][InitializeMap] :: initialized: 0
 8:15:26.974 [CE][Hive] :: Initializing spawners ... 
 8:15:28.106 [CE][LootRespawner] (PRIDummy) :: Item [0] causing search overtime: "HatchbackHood_WhiteRust"
 8:15:28.106 [CE][LootRespawner] (PRIDummy) :: Item [1] causing search overtime: "HatchbackHood_WhiteRust"
 8:15:28.106 [CE][LootRespawner] (PRIDummy) :: Item [2] causing search overtime: "HatchbackHood_WhiteRust"
 8:15:28.106 [CE][LootRespawner] (PRIDummy) :: Item [3] causing search overtime: "HatchbackHood_WhiteRust"
 8:15:28.106 [CE][LootRespawner] (PRIDummy) :: Item [4] causing search overtime: "HatchbackHood_WhiteRust"
 8:15:28.106 [CE][LootRespawner] (PRIDummy) :: Item [5] causing search overtime: "HatchbackHood_WhiteRust"
 8:15:28.106 [CE][LootRespawner] (PRIDummy) :: Item [6] causing search overtime: "HatchbackHood_WhiteRust"
 8:15:28.106 [CE][LootRespawner] (PRIDummy) :: Item [7] causing search overtime: "HatchbackHood_WhiteRust"
 8:15:28.106 [CE][LootRespawner] (PRIDummy) :: Item [8] causing search overtime: "HatchbackHood_WhiteRust"
 8:15:28.106 [CE][LootRespawner] (PRIDummy) :: Item [9] causing search overtime: "HatchbackHood_WhiteRust"
 8:15:28.106 [CE][LootRespawner] (PRIDummy) :: Item [10] causing search overtime: "HatchbackHood_WhiteRust"
 8:15:28.106 [CE][LootRespawner] (PRIDummy) :: Item [11] causing search overtime: "HatchbackHood_WhiteRust"
 8:15:28.106 [CE][LootRespawner] (PRIDummy) :: Item [12] causing search overtime: "HatchbackHood_WhiteRust"
 8:15:28.106 [CE][LootRespawner] (PRIDummy) :: Item [13] causing search overtime: "HatchbackHood_WhiteRust"
 8:15:28.106 [CE][LootRespawner] (PRIDummy) :: Item [14] causing search overtime: "HatchbackHood_WhiteRust"
 8:15:28.106 [CE][LootRespawner] (PRIDummy) :: Item [15] causing search overtime: "HatchbackHood_WhiteRust"
 8:15:28.106 [CE][LootRespawner] (PRIDummy) :: Item [16] causing search overtime: "HatchbackHood_WhiteRust"
 8:15:28.106 [CE][LootRespawner] (PRIDummy) :: Item [17] causing search overtime: "HatchbackHood_WhiteRust"
 8:15:28.106 [CE][LootRespawner] (PRIDummy) :: Item [18] causing search overtime: "HatchbackHood_WhiteRust"
 8:15:28.121 [CE][LootRespawner] (PRIDummy) :: Item [19] causing search overtime: "CivSedanTrunk_WineRust"
 8:15:29.777 [CE][LootRespawner] (PRIDummy) :: Item [0] is hard to place, performance drops: "PrisonerCap"
 8:15:29.777 [CE][LootRespawner] (PRIDummy) :: Item [1] is hard to place, performance drops: "PrisonerCap"
 8:15:29.777 [CE][LootRespawner] (PRIDummy) :: Item [2] is hard to place, performance drops: "PrisonerCap"
 8:15:29.777 [CE][LootRespawner] (PRIDummy) :: Item [3] is hard to place, performance drops: "PrisonerCap"
 8:15:29.777 [CE][LootRespawner] (PRIDummy) :: Item [4] is hard to place, performance drops: "PrisonerCap"
 8:15:29.777 [CE][LootRespawner] (PRIDummy) :: Item [5] is hard to place, performance drops: "PrisonerCap"
 8:15:29.777 [CE][LootRespawner] (PRIDummy) :: Item [6] is hard to place, performance drops: "PrisonerCap"
 8:15:29.777 [CE][LootRespawner] (PRIDummy) :: Item [7] is hard to place, performance drops: "PrisonerCap"
 8:15:29.777 [CE][LootRespawner] (PRIDummy) :: Item [8] is hard to place, performance drops: "PrisonerCap"
 8:15:29.777 [CE][LootRespawner] (PRIDummy) :: Item [9] is hard to place, performance drops: "PrisonerCap"
 8:15:29.777 [CE][LootRespawner] (PRIDummy) :: Item [10] is hard to place, performance drops: "PrisonerCap"
 8:15:29.777 [CE][LootRespawner] (PRIDummy) :: Item [11] is hard to place, performance drops: "PrisonerCap"
 8:15:29.793 [CE][LootRespawner] (PRIDummy) :: Item [12] is hard to place, performance drops: "PrisonerCap"
 8:15:29.793 [CE][LootRespawner] (PRIDummy) :: Item [13] is hard to place, performance drops: "PrisonerCap"
 8:15:29.793 [CE][LootRespawner] (PRIDummy) :: Item [14] is hard to place, performance drops: "PrisonerCap"
 8:15:29.793 [CE][LootRespawner] (PRIDummy) :: Item [15] is hard to place, performance drops: "PrisonerCap"
 8:15:29.793 [CE][LootRespawner] (PRIDummy) :: Item [16] is hard to place, performance drops: "PrisonerCap"
 8:15:29.793 [CE][LootRespawner] (PRIDummy) :: Item [17] is hard to place, performance drops: "PrisonerCap"
 8:15:29.793 [CE][LootRespawner] (PRIDummy) :: Item [18] is hard to place, performance drops: "PrisonerCap"
 8:15:29.793 [CE][LootRespawner] (PRIDummy) :: Item [19] is hard to place, performance drops: "PrisonerCap"
 8:15:32.871 !!! [CE][Point] Removing 11162.427734, 2436.680664 from Land_Boat_Small1
 8:15:33.12 [CE][LootRespawner] (PRIDummy) :: Initially (re)spawned:20826, Nominal:20826, Total in Map: 19383 at 4 (sec)
 8:15:33.12   tests:21019, repeats:86 fails:107, overtime:1418
 8:15:33.12 [CE][Links] found 0 total links between groups, of 1
 8:15:33.12 [CE][SpawnRandomLoot] (StaticHeliCrash) :: ChildType: Wreck_Mi8, lootmin: 10, lootmax: 20, wanted: 13
 8:15:33.12 [CE][Links] found 0 total links between groups, of 2
 8:15:33.12 [CE][SpawnRandomLoot] (StaticHeliCrash) :: ChildType: Wreck_Mi8, lootmin: 10, lootmax: 20, wanted: 13
 8:15:33.27 [CE][Links] found 0 total links between groups, of 3
 8:15:33.27 [CE][SpawnRandomLoot] (StaticHeliCrash) :: ChildType: Wreck_Mi8, lootmin: 10, lootmax: 20, wanted: 17
 8:15:33.27 !!! [CE][VehicleRespawner] (PRIPoliceCar) :: Respawning: "StaticPoliceCar" - There are not enough positions in "cfgeventspawns.xml", 0 < 10
 8:15:33.183 [CE][DynEvent] :: 37 types
 8:15:33.183 [00] AmbientHen
 8:15:33.183   Primary Spawner: "Ambient", active: yes, repeat: 1
 8:15:33.183 [01] AnimalBear
 8:15:33.183   Primary Spawner: "Animal", active: yes, repeat: 1
 8:15:33.183 [02] AnimalCow
 8:15:33.183   Primary Spawner: "Animal", active: yes, repeat: 1
 8:15:33.183 [03] AnimalDeer
 8:15:33.183   Primary Spawner: "Animal", active: yes, repeat: 1
 8:15:33.183 [04] AnimalGoat
 8:15:33.183   Primary Spawner: "Animal", active: yes, repeat: 1
 8:15:33.183 [05] AnimalPig
 8:15:33.183   Primary Spawner: "Animal", active: yes, repeat: 1
 8:15:33.183 [06] AnimalRoeDeer
 8:15:33.183   Primary Spawner: "Animal", active: yes, repeat: 1
 8:15:33.183 [07] AnimalSheep
 8:15:33.183   Primary Spawner: "Animal", active: yes, repeat: 1
 8:15:33.183 [08] AnimalWildBoar
 8:15:33.183   Primary Spawner: "Animal", active: yes, repeat: 1
 8:15:33.183 [09] AnimalWolf
 8:15:33.183   Primary Spawner: "Animal", active: yes, repeat: 1
 8:15:33.183 [10] InfectedArmy
 8:15:33.183   Primary Spawner: "Infected", active: yes, repeat: 1
 8:15:33.183 [11] InfectedCity
 8:15:33.183   Primary Spawner: "Infected", active: yes, repeat: 1
 8:15:33.183 [12] InfectedFirefighter
 8:15:33.183   Primary Spawner: "Infected", active: yes, repeat: 1
 8:15:33.183 [13] InfectedIndustrial
 8:15:33.183   Primary Spawner: "Infected", active: yes, repeat: 1
 8:15:33.183 [14] InfectedMedic
 8:15:33.183   Primary Spawner: "Infected", active: yes, repeat: 1
 8:15:33.183 [15] InfectedPolice
 8:15:33.183   Primary Spawner: "Infected", active: yes, repeat: 1
 8:15:33.183 [16] InfectedPrisoner
 8:15:33.183   Primary Spawner: "Infected", active: yes, repeat: 1
 8:15:33.183 [17] InfectedReligious
 8:15:33.183   Primary Spawner: "Infected", active: yes, repeat: 1
 8:15:33.183 [18] InfectedSolitude
 8:15:33.183   Primary Spawner: "Infected", active: yes, repeat: 1
 8:15:33.183 [19] InfectedVillage
 8:15:33.183   Primary Spawner: "Infected", active: yes, repeat: 1
 8:15:33.183 [20] ItemPlanks
 8:15:33.183   Primary Spawner: "Item", active: yes, repeat: 1
 8:15:33.183 [21] Loot
 8:15:33.183   Primary Spawner: "Loot", active: yes, repeat: 2
 8:15:33.183 [22] StaticHeliCrash
 8:15:33.183   Primary Spawner: "Vehicle", active: yes, repeat: 1
 8:15:33.183   Secondary Spawner: "Infected", active: yes, repeat: 1
 8:15:33.183 [23] StaticPoliceCar
 8:15:33.183   Primary Spawner: "Vehicle", active: yes, repeat: 1
 8:15:33.183 [24] TrajectoryApple
 8:15:33.183   Primary Spawner: "Trajectory", active: yes, repeat: 1
 8:15:33.183 [25] TrajectoryCanina
 8:15:33.183   Primary Spawner: "Trajectory", active: yes, repeat: 1
 8:15:33.183 [26] TrajectoryConiferous
 8:15:33.183   Primary Spawner: "Trajectory", active: yes, repeat: 1
 8:15:33.183 [27] TrajectoryDeciduous
 8:15:33.183   Primary Spawner: "Trajectory", active: yes, repeat: 1
 8:15:33.183 [28] TrajectoryHumus
 8:15:33.183   Primary Spawner: "Trajectory", active: yes, repeat: 1
 8:15:33.183 [29] TrajectoryPear
 8:15:33.183   Primary Spawner: "Trajectory", active: yes, repeat: 1
 8:15:33.183 [30] TrajectoryPlum
 8:15:33.183   Primary Spawner: "Trajectory", active: yes, repeat: 1
 8:15:33.183 [31] TrajectorySambucus
 8:15:33.183   Primary Spawner: "Trajectory", active: yes, repeat: 1
 8:15:33.183 [32] TrajectoryStones
 8:15:33.183   Primary Spawner: "Trajectory", active: yes, repeat: 1
 8:15:33.183 [33] VehicleCivilianSedan
 8:15:33.183   Primary Spawner: "Vehicle", active: yes, repeat: 1
 8:15:33.183 [34] VehicleHatchback02
 8:15:33.183   Primary Spawner: "Vehicle", active: yes, repeat: 1
 8:15:33.183 [35] VehicleOffroadHatchback
 8:15:33.183   Primary Spawner: "Vehicle", active: yes, repeat: 1
 8:15:33.183 [36] VehicleSedan02
 8:15:33.183   Primary Spawner: "Vehicle", active: yes, repeat: 1
 8:15:33.183 [CE][Hive] :: Initializing of spawners done.
 8:15:33.183 [CE][Hive] :: Init sequence finished.
 8:15:33.183 Player connect enabled
 8:15:33.887 [IdleMode] Entering IN - save processed
 8:16:15.540 [Login]: Adding player Survivor (38673125) to login queue at position 0
 8:16:15.540 [LoginMachine]: Add player Survivor (38673125)
 8:16:15.540 [StateMachine]: Player Survivor (dpnid 38673125 uid ) Entering AuthPlayerLoginState
 8:16:15.727 [StateMachine]: Player Survivor (dpnid 38673125 uid ) Entering WaitAuthPlayerLoginState
 8:16:17.337 Player Survivor connected (id=BvAfWEwkf1BS22gq16ncvW4M3Ycn_607DPSKzJe9pnU=).
 8:16:17.337 Player "Survivor" is connected (steamID=76561198073956794)
 8:16:17.993 [StateMachine]: Player Survivor (dpnid 38673125 uid BvAfWEwkf1BS22gq16ncvW4M3Ycn_607DPSKzJe9pnU=) Entering DBGetLoginTimeLoginState
 8:16:18.24 [StateMachine]: Player Survivor (dpnid 38673125 uid BvAfWEwkf1BS22gq16ncvW4M3Ycn_607DPSKzJe9pnU=) Entering DBWaitLoginTimeLoginState
 8:16:18.368 [IdleMode] Leaving OUT
 8:16:33.23 [StateMachine]: Player Survivor (dpnid 38673125 uid BvAfWEwkf1BS22gq16ncvW4M3Ycn_607DPSKzJe9pnU=) Entering DBGetCharacterLoginState
 8:16:33.70 [StateMachine]: Player Survivor (dpnid 38673125 uid BvAfWEwkf1BS22gq16ncvW4M3Ycn_607DPSKzJe9pnU=) Entering CreateNetObjectsLoginState
 8:16:33.86 [StateMachine]: Player Survivor (dpnid 38673125 uid BvAfWEwkf1BS22gq16ncvW4M3Ycn_607DPSKzJe9pnU=) Entering PreloadCamLoginState
 8:16:33.101 [StateMachine]: Player Survivor (dpnid 38673125 uid BvAfWEwkf1BS22gq16ncvW4M3Ycn_607DPSKzJe9pnU=) Entering WaitPreloadCamLoginState
 8:16:49.522 [StateMachine]: Player Survivor (dpnid 38673125 uid BvAfWEwkf1BS22gq16ncvW4M3Ycn_607DPSKzJe9pnU=) Entering GetNewCharLoginState
 8:16:52.319 <CREATE NEW CHAR>:
    charID 1
    playerID 1
    dpnid 38673125
    uid BvAfWEwkf1BS22gq16ncvW4M3Ycn_607DPSKzJe9pnU=
 8:18:19.415 [Disconnect]: Client 38673125 early disconnect
 8:18:19.915 [Disconnect]: Start script disconnect 38673125 (dbCharacterId 1 dbPlayerId 1) logoutTime 0
 8:18:19.915 [Disconnect]: Remove player info 38673125
 8:18:19.931 [Disconnect]: Finish script disconnect 38673125
 8:18:19.931 [Disconnect]: DisconnectPlayerFinish 38673125
 8:18:20.446 [Disconnect]: Player destroy 38673125 
 8:18:24.55  --- Termination successfully completed --- 
