

=====================================================================
== C:\Program Files (x86)\Steam\steamapps\common\DayZServer\DayZServer_x64.exe
== DayZServer_x64.exe  -config=serverDZ.cfg -profiles=ServerProfile -limitFPS=120
=====================================================================
Exe timestamp: 2020/07/10 16:13:22
Current time:  2020/07/12 16:38:48

Version 1.08.153258
16:38:48.757 [Inputs] Loading inputs default "bin/constants.xml"
16:38:48.757 [Inputs] Loading inputs default "bin/specific.xml"
16:38:48.757 !!! [Inputs] Invalid input name used "UAUIInspectItem" for context "ui" in "bin/specific.xml"
16:38:48.757 [Inputs] Loading inputs cfg "ServerProfile\Users\Survivor\Server.core.xml"
16:38:48.757 !!! [Inputs] Cannot read inputs cfg "ServerProfile\Users\Survivor\Server.core.xml", parser error
16:38:48.757 [Inputs] Loading inputs cfg "bin/core.xml"
16:38:48.757 !!! [Inputs] Cannot load input preset "user", file does not exist
16:38:48.757 [Inputs] Exporting inputs cfg "ServerProfile\Users\Survivor\Server.core.xml"
16:39:01.850 [CE][Hive] :: Initializing OFFLINE
16:39:01.850 [CE][Hive] :: Loading core data ... 
16:39:01.850 [CE][CoreData] :: 7 root classes, 18 defaults, 0 updaters...
16:39:03.819 [CE] :: WARNING :: Preset map "optics" is EMPTY.
16:39:03.819 [CE] :: WARNING :: Preset (attachments) with name 'bagsCity' was not found.
16:39:03.819 [CE] :: WARNING :: Preset (attachments) with name 'bagsCity' was not found.
16:39:03.819 [CE] :: WARNING :: Preset (attachments) with name 'bagsCity' was not found.
16:39:03.819 [CE] :: WARNING :: Preset (attachments) with name 'bagsCity' was not found.
16:39:03.819 [CE] :: WARNING :: Preset (attachments) with name 'bagsCity' was not found.
16:39:03.819 [CE] :: WARNING :: Preset (attachments) with name 'bagsCity' was not found.
16:39:03.819 [CE] :: WARNING :: Preset (attachments) with name 'bagsCity' was not found.
16:39:03.819 [CE] :: WARNING :: Preset (attachments) with name 'bagsCity' was not found.
16:39:03.819 [CE] :: WARNING :: Preset (attachments) with name 'bagsCity' was not found.
16:39:03.819 [CE] :: WARNING :: Preset (attachments) with name 'bagsCity' was not found.
16:39:03.819 [CE] :: WARNING :: Preset (attachments) with name 'bagsCity' was not found.
16:39:03.819 [CE] :: WARNING :: Preset (attachments) with name 'bagsCity' was not found.
16:39:03.819 [CE] :: WARNING :: Preset (attachments) with name 'bagsCity' was not found.
16:39:03.819 [CE] :: WARNING :: Preset (attachments) with name 'bagsCity' was not found.
16:39:03.819 [CE] :: WARNING :: Preset (attachments) with name 'hatsCitySkate' was not found.
16:39:03.819 [CE] :: WARNING :: Preset (attachments) with name 'bagsCity' was not found.
16:39:03.819 [CE] :: WARNING :: Preset (attachments) with name 'hatsCitySkate' was not found.
16:39:03.819 [CE] :: WARNING :: Preset (attachments) with name 'bagsCity' was not found.
16:39:03.819 [CE] :: WARNING :: Preset (attachments) with name 'hatsCitySkate' was not found.
16:39:03.819 [CE] :: WARNING :: Preset (attachments) with name 'bagsCity' was not found.
16:39:03.819 [CE] :: WARNING :: Preset (attachments) with name 'bagsCity' was not found.
16:39:03.819 [CE] :: WARNING :: Preset (attachments) with name 'bagsCity' was not found.
16:39:03.819 [CE] :: WARNING :: Preset (attachments) with name 'bagsCity' was not found.
16:39:03.819 [CE] :: WARNING :: Preset (attachments) with name 'bagsCity' was not found.
16:39:03.819 [CE] :: WARNING :: Preset (attachments) with name 'bagsCity' was not found.
16:39:03.819 [CE] :: WARNING :: Preset (attachments) with name 'bagsCity' was not found.
16:39:03.819 [CE] :: WARNING :: Preset (attachments) with name 'bagsCity' was not found.
16:39:03.819 [CE] :: WARNING :: Preset (attachments) with name 'bagsCity' was not found.
16:39:03.819 [CE] :: WARNING :: Preset (attachments) with name 'bagsCity' was not found.
16:39:03.819 [CE] :: WARNING :: Preset (attachments) with name 'bagsCity' was not found.
16:39:03.819 [CE] :: WARNING :: Preset (attachments) with name 'bagsCity' was not found.
16:39:03.819 [CE] :: WARNING :: Preset (attachments) with name 'bagsCity' was not found.
16:39:03.819 [CE] :: WARNING :: Preset (attachments) with name 'bagsCity' was not found.
16:39:03.819 [CE] :: WARNING :: Preset (attachments) with name 'bagsCity' was not found.
16:39:03.819 [CE] :: WARNING :: Preset (attachments) with name 'bagsCity' was not found.
16:39:03.819 [CE] :: WARNING :: Preset (attachments) with name 'bagsCity' was not found.
16:39:03.819 [CE] :: WARNING :: Preset (attachments) with name 'bagsCity' was not found.
16:39:03.819 [CE] :: WARNING :: Preset (attachments) with name 'bagsCity' was not found.
16:39:03.819 [CE] :: WARNING :: Preset (attachments) with name 'bagsCity' was not found.
16:39:03.819 [CE] :: WARNING :: Preset (attachments) with name 'bagsCity' was not found.
16:39:03.819 [CE] :: WARNING :: Preset (attachments) with name 'bagsCity' was not found.
16:39:03.819 [CE] :: WARNING :: Preset (attachments) with name 'bagsCity' was not found.
16:39:03.819 [CE] :: WARNING :: Preset (attachments) with name 'bagsCity' was not found.
16:39:03.819 [CE] :: WARNING :: Preset (attachments) with name 'bagsCity' was not found.
16:39:03.819 [CE] :: WARNING :: Preset (attachments) with name 'bagsCity' was not found.
16:39:03.819 [CE] :: WARNING :: Preset (attachments) with name 'hatsMotorbike' was not found.
16:39:03.819 [CE] :: WARNING :: Preset (attachments) with name 'hatsMotorbike' was not found.
16:39:03.819 [CE] :: WARNING :: Preset (attachments) with name 'hatsMotorbike' was not found.
16:39:03.819 [CE] :: WARNING :: Preset (attachments) with name 'hatsCitySkate' was not found.
16:39:03.819 [CE] :: WARNING :: Preset (attachments) with name 'bagsCity' was not found.
16:39:03.819 [CE] :: WARNING :: Preset (attachments) with name 'hatsCitySkate' was not found.
16:39:03.819 [CE] :: WARNING :: Preset (attachments) with name 'bagsCity' was not found.
16:39:03.819 [CE] :: WARNING :: Preset (attachments) with name 'hatsCitySkate' was not found.
16:39:03.819 [CE] :: WARNING :: Preset (attachments) with name 'bagsCity' was not found.
16:39:03.819 [CE] :: WARNING :: Preset (attachments) with name 'hatsCitySkate' was not found.
16:39:03.819 [CE] :: WARNING :: Preset (attachments) with name 'bagsCity' was not found.
16:39:03.819 [CE] :: WARNING :: Preset (attachments) with name 'hatsIndustrial' was not found.
16:39:03.819 [CE] :: WARNING :: Preset (attachments) with name 'bagsIndustrial' was not found.
16:39:03.819 [CE] :: WARNING :: Preset (attachments) with name 'hatsIndustrial' was not found.
16:39:03.819 [CE] :: WARNING :: Preset (attachments) with name 'bagsIndustrial' was not found.
16:39:03.819 [CE] :: WARNING :: Preset (attachments) with name 'hatsIndustrial' was not found.
16:39:03.819 [CE] :: WARNING :: Preset (attachments) with name 'bagsIndustrial' was not found.
16:39:03.819 [CE] :: WARNING :: Preset (attachments) with name 'hatsIndustrial' was not found.
16:39:03.819 [CE] :: WARNING :: Preset (attachments) with name 'bagsIndustrial' was not found.
16:39:03.819 [CE] :: WARNING :: Preset (attachments) with name 'hatsIndustrial' was not found.
16:39:03.819 [CE] :: WARNING :: Preset (attachments) with name 'bagsIndustrial' was not found.
16:39:03.819 [CE] :: WARNING :: Preset (attachments) with name 'hatsIndustrial' was not found.
16:39:03.819 [CE] :: WARNING :: Preset (attachments) with name 'bagsIndustrial' was not found.
16:39:03.819 [CE] :: WARNING :: Preset (attachments) with name 'hatsIndustrial' was not found.
16:39:03.819 [CE] :: WARNING :: Preset (attachments) with name 'bagsIndustrial' was not found.
16:39:03.819 [CE] :: WARNING :: Preset (attachments) with name 'hatsIndustrial' was not found.
16:39:03.819 [CE] :: WARNING :: Preset (attachments) with name 'bagsIndustrial' was not found.
16:39:03.819 [CE] :: WARNING :: Preset (attachments) with name 'hatsIndustrial' was not found.
16:39:03.819 [CE] :: WARNING :: Preset (attachments) with name 'bagsIndustrial' was not found.
16:39:03.819 [CE] :: WARNING :: Preset (attachments) with name 'hatsIndustrial' was not found.
16:39:03.819 [CE] :: WARNING :: Preset (attachments) with name 'bagsIndustrial' was not found.
16:39:03.819 [CE] :: WARNING :: Preset (attachments) with name 'hatsIndustrial' was not found.
16:39:03.819 [CE] :: WARNING :: Preset (attachments) with name 'bagsIndustrial' was not found.
16:39:03.819 [CE] :: WARNING :: Preset (attachments) with name 'hatsIndustrial' was not found.
16:39:03.819 [CE] :: WARNING :: Preset (attachments) with name 'bagsIndustrial' was not found.
16:39:03.819 [CE] :: WARNING :: Preset (attachments) with name 'hatsIndustrial' was not found.
16:39:03.819 [CE] :: WARNING :: Preset (attachments) with name 'bagsIndustrial' was not found.
16:39:03.819 [CE] :: WARNING :: Preset (attachments) with name 'hatsIndustrial' was not found.
16:39:03.819 [CE] :: WARNING :: Preset (attachments) with name 'bagsIndustrial' was not found.
16:39:03.819 [CE] :: WARNING :: Preset (attachments) with name 'hatsIndustrial' was not found.
16:39:03.819 [CE] :: WARNING :: Preset (attachments) with name 'bagsIndustrial' was not found.
16:39:03.819 [CE] :: WARNING :: Preset (attachments) with name 'hatsIndustrial' was not found.
16:39:03.819 [CE] :: WARNING :: Preset (attachments) with name 'bagsIndustrial' was not found.
16:39:03.819 [CE] :: WARNING :: Preset (attachments) with name 'hatsIndustrial' was not found.
16:39:03.819 [CE] :: WARNING :: Preset (attachments) with name 'bagsIndustrial' was not found.
16:39:03.819 [CE] :: WARNING :: Preset (attachments) with name 'hatsIndustrial' was not found.
16:39:03.819 [CE] :: WARNING :: Preset (attachments) with name 'bagsIndustrial' was not found.
16:39:03.819 [CE] :: WARNING :: Preset (attachments) with name 'hatsIndustrial' was not found.
16:39:03.819 [CE] :: WARNING :: Preset (attachments) with name 'bagsIndustrial' was not found.
16:39:03.819 [CE] :: WARNING :: Preset (attachments) with name 'hatsIndustrial' was not found.
16:39:03.819 [CE] :: WARNING :: Preset (attachments) with name 'bagsIndustrial' was not found.
16:39:03.819 [CE] :: WARNING :: Preset (attachments) with name 'hatsIndustrial' was not found.
16:39:03.819 [CE] :: WARNING :: Preset (attachments) with name 'bagsIndustrial' was not found.
16:39:03.819 [CE] :: WARNING :: Preset (attachments) with name 'hatsIndustrial' was not found.
16:39:03.819 [CE] :: WARNING :: Preset (attachments) with name 'bagsIndustrial' was not found.
16:39:03.819 [CE] :: WARNING :: Preset (attachments) with name 'hatsIndustrial' was not found.
16:39:03.819 [CE] :: WARNING :: Preset (attachments) with name 'bagsIndustrial' was not found.
16:39:03.819 [CE] :: WARNING :: Preset (attachments) with name 'hatsIndustrial' was not found.
16:39:03.819 [CE] :: WARNING :: Preset (attachments) with name 'bagsIndustrial' was not found.
16:39:03.819 [CE] :: WARNING :: Preset (attachments) with name 'hatsIndustrial' was not found.
16:39:03.819 [CE] :: WARNING :: Preset (attachments) with name 'bagsIndustrial' was not found.
16:39:03.819 [CE] :: WARNING :: Preset (attachments) with name 'hatsIndustrial' was not found.
16:39:03.819 [CE] :: WARNING :: Preset (attachments) with name 'bagsIndustrial' was not found.
16:39:03.819 [CE] :: WARNING :: Preset (attachments) with name 'hatsFirefighter' was not found.
16:39:03.819 [CE] :: WARNING :: Preset (attachments) with name 'hatsMedic' was not found.
16:39:03.819 [CE] :: WARNING :: Preset (attachments) with name 'hatsMedic' was not found.
16:39:03.819 [CE] :: WARNING :: Preset (attachments) with name 'hatsPolice' was not found.
16:39:03.819 [CE] :: WARNING :: Preset (attachments) with name 'vestsPolice' was not found.
16:39:03.819 [CE] :: WARNING :: Preset (attachments) with name 'hatsPolice' was not found.
16:39:03.819 [CE] :: WARNING :: Preset (attachments) with name 'vestsPolice' was not found.
16:39:03.819 [CE] :: WARNING :: Preset (attachments) with name 'hatsPolice' was not found.
16:39:03.819 [CE] :: WARNING :: Preset (attachments) with name 'vestsPolice' was not found.
16:39:03.819 [CE] :: WARNING :: Preset (attachments) with name 'hatsPrisoner' was not found.
16:39:03.819 [CE] :: WARNING :: Preset (attachments) with name 'hatsFarm' was not found.
16:39:03.819 [CE] :: WARNING :: Preset (attachments) with name 'hatsFarm' was not found.
16:39:03.819 [CE] :: WARNING :: Preset (attachments) with name 'hatsFarm' was not found.
16:39:03.819 [CE] :: WARNING :: Preset (attachments) with name 'hatsFarm' was not found.
16:39:03.819 [CE] :: WARNING :: Preset (attachments) with name 'hatsFarm' was not found.
16:39:03.819 [CE] :: WARNING :: Preset (attachments) with name 'hatsFarm' was not found.
16:39:03.819 [CE] :: WARNING :: Preset (attachments) with name 'hatsFarm' was not found.
16:39:03.819 [CE] :: WARNING :: Preset (attachments) with name 'hatsFarm' was not found.
16:39:03.819 [CE] :: WARNING :: Preset (attachments) with name 'hatsFarm' was not found.
16:39:03.819 [CE] :: WARNING :: Preset (attachments) with name 'hatsFarm' was not found.
16:39:03.819 [CE] :: WARNING :: Preset (attachments) with name 'hatsFarm' was not found.
16:39:03.819 [CE] :: WARNING :: Preset (attachments) with name 'hatsFarm' was not found.
16:39:03.819 [CE] :: WARNING :: Preset (attachments) with name 'hatsFarm' was not found.
16:39:03.819 [CE] :: WARNING :: Preset (attachments) with name 'hatsFarm' was not found.
16:39:03.819 [CE] :: WARNING :: Preset (attachments) with name 'hatsFarm' was not found.
16:39:03.819 [CE] :: WARNING :: Preset (attachments) with name 'hatsFarm' was not found.
16:39:03.819 [CE] :: WARNING :: Preset (attachments) with name 'hatsFarm' was not found.
16:39:03.819 [CE] :: WARNING :: Preset (attachments) with name 'hatsFarm' was not found.
16:39:03.819 [CE] :: WARNING :: Preset (attachments) with name 'hatsFarm' was not found.
16:39:03.819 [CE] :: WARNING :: Preset (attachments) with name 'hatsFarm' was not found.
16:39:03.819 [CE] :: WARNING :: Preset (attachments) with name 'hatsFarm' was not found.
16:39:03.819 [CE] :: WARNING :: Preset (attachments) with name 'hatsFarm' was not found.
16:39:03.819 [CE] :: WARNING :: Preset (attachments) with name 'hatsFarm' was not found.
16:39:03.819 [CE] :: WARNING :: Preset (attachments) with name 'hatsFarm' was not found.
16:39:03.819 [CE] :: WARNING :: Preset (attachments) with name 'hatsFarm' was not found.
16:39:03.819 [CE] :: WARNING :: Preset (attachments) with name 'hatsFarm' was not found.
16:39:03.819 [CE] :: WARNING :: Preset (attachments) with name 'hatsFarm' was not found.
16:39:03.819 [CE] :: WARNING :: Preset (attachments) with name 'hatsFarm' was not found.
16:39:03.819 [CE] :: WARNING :: Preset (attachments) with name 'hatsFarm' was not found.
16:39:03.819 [CE] :: WARNING :: Preset (attachments) with name 'hatsFarm' was not found.
16:39:03.819 [CE] :: WARNING :: Preset (attachments) with name 'hatsFarm' was not found.
16:39:03.819 [CE] :: WARNING :: Preset (attachments) with name 'hatsFarm' was not found.
16:39:03.819 [CE] :: WARNING :: Preset (attachments) with name 'hatsFarm' was not found.
16:39:03.819 [CE][TypeSetup] :: 263 classes setuped...
16:39:03.898 [CE][RegisterBind] :: 0 classes binded...
16:39:03.898 [CE][RegisterConfig] :: 2924 config classes registered, 1 sub-counters...
16:39:03.898 [CE][Hive] :: Loading map data ... 
16:39:03.960 !!! [CE] :: Unknown category: 'vehicleparts'.
16:39:03.960 !!! [CE] :: Unknown category: 'vehicleparts'.
16:39:03.960 !!! [CE] :: Unknown category: 'vehicleparts'.
16:39:03.960 !!! [CE] :: Unknown category: 'vehicleparts'.
16:39:03.960 !!! [CE] :: Unknown category: 'vehicleparts'.
16:39:03.960 !!! [CE] :: Unknown category: 'vehicleparts'.
16:39:03.960 !!! [CE] :: Unknown category: 'vehicleparts'.
16:39:03.960 !!! [CE] :: Unknown category: 'vehicleparts'.
16:39:03.960 !!! [CE] :: Unknown category: 'vehicleparts'.
16:39:03.960 !!! [CE] :: Unknown category: 'vehicleparts'.
16:39:03.960 !!! [CE] :: Unknown category: 'vehicleparts'.
16:39:03.960 !!! [CE] :: Unknown category: 'vehicleparts'.
16:39:03.960 !!! [CE] :: Unknown category: 'vehicleparts'.
16:39:03.960 !!! [CE] :: Unknown category: 'vehicleparts'.
16:39:03.960 !!! [CE] :: Unknown category: 'vehicleparts'.
16:39:03.960 !!! [CE] :: Unknown category: 'vehicleparts'.
16:39:03.960 !!! [CE] :: Unknown category: 'vehicleparts'.
16:39:03.960 !!! [CE] :: Unknown category: 'vehicleparts'.
16:39:03.960 !!! [CE] :: Unknown category: 'vehicleparts'.
16:39:03.960 !!! [CE] :: Unknown category: 'vehicleparts'.
16:39:03.960 !!! [CE] :: Unknown category: 'vehicleparts'.
16:39:03.960 !!! [CE] :: Unknown category: 'vehicleparts'.
16:39:03.960 !!! [CE] :: Unknown category: 'vehicleparts'.
16:39:03.960 !!! [CE] :: Unknown category: 'vehicleparts'.
16:39:03.960 [CE][LoadPrototype] :: loaded 329 prototypes
16:39:03.960   701 containers, 9117 points
16:39:03.960   24 dispatches, 90 proxies
16:39:03.960 !!! [CE][LoadPrototype] 12 groups have no points...
16:39:03.960 !!![CE][LoadPrototype]  3 groups have wrong points...
16:39:03.960 [CE][LoadPrototype] :: last group name: Land_Lunapark_Autodrome...
16:39:03.976 [CE][LoadPrototype] :: loaded 0 prototypes
16:39:03.976   0 containers, 0 points
16:39:03.976   0 dispatches, 0 proxies
16:39:03.976 [CE][LoadPrototype] :: last group name: Rail9...
16:39:04.491 [CE][LoadMap] "Group" :: loaded 11599 groups, largest group range: 34.2
16:39:04.507 [CE][LoadMap] "Dirt" :: loaded 0 groups, largest group range: 34.2
16:39:04.913 [CE][Links] found 1896 total links between groups, of 11599
16:39:04.913 [CE][LoadClusters] "Cluster" :: Loading files...
16:39:05.179 [CE][LoadClusters] :: file: "mapgroupcluster.xml", 9 types, 50000 instances
16:39:05.444 [CE][LoadClusters] :: file: "mapgroupcluster01", 9 types, 50000 instances
16:39:05.710 [CE][LoadClusters] :: file: "mapgroupcluster02", 9 types, 50000 instances
16:39:05.991 [CE][LoadClusters] :: file: "mapgroupcluster03", 9 types, 50000 instances
16:39:06.100 [CE][LoadClusters] :: file: "mapgroupcluster04", 9 types, 17229 instances
16:39:06.100 [CE][Storage] ver:21 stamp:3169, valid:yes, name:"mpmissions\dayzOffline.chernarusplus\storage_1\data\types.bin"
16:39:06.100 [CE][Storage] ver:21 stamp:3166, valid:yes, name:"mpmissions\dayzOffline.chernarusplus\storage_1\data\types.001"
16:39:06.116 [CE][Storage] ver:21 stamp:3167, valid:yes, name:"mpmissions\dayzOffline.chernarusplus\storage_1\data\types.002"
16:39:06.116 [CE][Storage] Restoring file "mpmissions\dayzOffline.chernarusplus\storage_1\data\types.bin".
16:39:06.147 [CE][offlineDB] :: Loaded 37 dynamic events 216 total types 0 total positions.
16:39:06.179 !!! [CE] :: Unknown usage: 'Lunapark'.
16:39:06.179 [CE][Storage] ver:21 stamp:3169, valid:yes, name:"mpmissions\dayzOffline.chernarusplus\storage_1\data\events.bin"
16:39:06.194 [CE][Storage] ver:21 stamp:3166, valid:yes, name:"mpmissions\dayzOffline.chernarusplus\storage_1\data\events.001"
16:39:06.194 [CE][Storage] ver:21 stamp:3167, valid:yes, name:"mpmissions\dayzOffline.chernarusplus\storage_1\data\events.002"
16:39:06.194 [CE][Storage] Restoring file "mpmissions\dayzOffline.chernarusplus\storage_1\data\events.bin".
16:39:06.194 [CE][DynamicEvent] Load  Events:[37] Primary spawners: 37 Secondary spawners: 1
16:39:06.194 [CE][Storage] ver:25 stamp:3169, valid:yes, name:"mpmissions\dayzOffline.chernarusplus\storage_1\data\dynamic_000.bin"
16:39:06.194 [CE][Storage] ver:25 stamp:3166, valid:yes, name:"mpmissions\dayzOffline.chernarusplus\storage_1\data\dynamic_000.001"
16:39:06.210 [CE][Storage] ver:25 stamp:3167, valid:yes, name:"mpmissions\dayzOffline.chernarusplus\storage_1\data\dynamic_000.002"
16:39:06.210 [CE][Storage] Restoring file "mpmissions\dayzOffline.chernarusplus\storage_1\data\dynamic_000.bin" 692 items.
16:39:06.538   692 items loaded.
16:39:06.538 [CE][Storage] ver:25 stamp:3169, valid:yes, name:"mpmissions\dayzOffline.chernarusplus\storage_1\data\dynamic_001.bin"
16:39:06.538 [CE][Storage] ver:25 stamp:3166, valid:yes, name:"mpmissions\dayzOffline.chernarusplus\storage_1\data\dynamic_001.001"
16:39:06.538 [CE][Storage] ver:25 stamp:3167, valid:yes, name:"mpmissions\dayzOffline.chernarusplus\storage_1\data\dynamic_001.002"
16:39:06.538 [CE][Storage] Restoring file "mpmissions\dayzOffline.chernarusplus\storage_1\data\dynamic_001.bin" 1252 items.
16:39:06.882   1252 items loaded.
16:39:06.882 [CE][Storage] ver:25 stamp:3169, valid:yes, name:"mpmissions\dayzOffline.chernarusplus\storage_1\data\dynamic_002.bin"
16:39:06.882 [CE][Storage] ver:25 stamp:3166, valid:yes, name:"mpmissions\dayzOffline.chernarusplus\storage_1\data\dynamic_002.001"
16:39:06.897 [CE][Storage] ver:25 stamp:3167, valid:yes, name:"mpmissions\dayzOffline.chernarusplus\storage_1\data\dynamic_002.002"
16:39:06.897 [CE][Storage] Restoring file "mpmissions\dayzOffline.chernarusplus\storage_1\data\dynamic_002.bin" 2081 items.
16:39:07.319   2081 items loaded.
16:39:07.319 [CE][Storage] ver:25 stamp:3169, valid:yes, name:"mpmissions\dayzOffline.chernarusplus\storage_1\data\dynamic_003.bin"
16:39:07.335 [CE][Storage] ver:25 stamp:3166, valid:yes, name:"mpmissions\dayzOffline.chernarusplus\storage_1\data\dynamic_003.001"
16:39:07.335 [CE][Storage] ver:25 stamp:3167, valid:yes, name:"mpmissions\dayzOffline.chernarusplus\storage_1\data\dynamic_003.002"
16:39:07.335 [CE][Storage] Restoring file "mpmissions\dayzOffline.chernarusplus\storage_1\data\dynamic_003.bin" 1661 items.
16:39:07.679   1661 items loaded.
16:39:07.679 [CE][Storage] ver:25 stamp:3169, valid:yes, name:"mpmissions\dayzOffline.chernarusplus\storage_1\data\dynamic_004.bin"
16:39:07.679 [CE][Storage] ver:25 stamp:3166, valid:yes, name:"mpmissions\dayzOffline.chernarusplus\storage_1\data\dynamic_004.001"
16:39:07.694 [CE][Storage] ver:25 stamp:3167, valid:yes, name:"mpmissions\dayzOffline.chernarusplus\storage_1\data\dynamic_004.002"
16:39:07.694 [CE][Storage] Restoring file "mpmissions\dayzOffline.chernarusplus\storage_1\data\dynamic_004.bin" 1658 items.
16:39:08.132   1658 items loaded.
16:39:08.132 [CE][Storage] ver:25 stamp:3169, valid:yes, name:"mpmissions\dayzOffline.chernarusplus\storage_1\data\dynamic_005.bin"
16:39:08.132 [CE][Storage] ver:25 stamp:3166, valid:yes, name:"mpmissions\dayzOffline.chernarusplus\storage_1\data\dynamic_005.001"
16:39:08.147 [CE][Storage] ver:25 stamp:3167, valid:yes, name:"mpmissions\dayzOffline.chernarusplus\storage_1\data\dynamic_005.002"
16:39:08.147 [CE][Storage] Restoring file "mpmissions\dayzOffline.chernarusplus\storage_1\data\dynamic_005.bin" 1786 items.
16:39:08.475   1786 items loaded.
16:39:08.475 [CE][Storage] ver:25 stamp:3169, valid:yes, name:"mpmissions\dayzOffline.chernarusplus\storage_1\data\dynamic_006.bin"
16:39:08.475 [CE][Storage] ver:25 stamp:3166, valid:yes, name:"mpmissions\dayzOffline.chernarusplus\storage_1\data\dynamic_006.001"
16:39:08.491 [CE][Storage] ver:25 stamp:3167, valid:yes, name:"mpmissions\dayzOffline.chernarusplus\storage_1\data\dynamic_006.002"
16:39:08.491 [CE][Storage] Restoring file "mpmissions\dayzOffline.chernarusplus\storage_1\data\dynamic_006.bin" 1265 items.
16:39:08.725   1265 items loaded.
16:39:08.725 [CE][Storage] ver:25 stamp:3169, valid:yes, name:"mpmissions\dayzOffline.chernarusplus\storage_1\data\dynamic_007.bin"
16:39:08.741 [CE][Storage] ver:25 stamp:3166, valid:yes, name:"mpmissions\dayzOffline.chernarusplus\storage_1\data\dynamic_007.001"
16:39:08.741 [CE][Storage] ver:25 stamp:3167, valid:yes, name:"mpmissions\dayzOffline.chernarusplus\storage_1\data\dynamic_007.002"
16:39:08.741 [CE][Storage] Restoring file "mpmissions\dayzOffline.chernarusplus\storage_1\data\dynamic_007.bin" 1301 items.
16:39:09.07   1301 items loaded.
16:39:09.07 [CE][Storage] ver:25 stamp:3169, valid:yes, name:"mpmissions\dayzOffline.chernarusplus\storage_1\data\dynamic_008.bin"
16:39:09.07 [CE][Storage] ver:25 stamp:3166, valid:yes, name:"mpmissions\dayzOffline.chernarusplus\storage_1\data\dynamic_008.001"
16:39:09.22 [CE][Storage] ver:25 stamp:3167, valid:yes, name:"mpmissions\dayzOffline.chernarusplus\storage_1\data\dynamic_008.002"
16:39:09.22 [CE][Storage] Restoring file "mpmissions\dayzOffline.chernarusplus\storage_1\data\dynamic_008.bin" 1794 items.
16:39:09.397   1794 items loaded.
16:39:09.397 [CE][Storage] ver:25 stamp:3169, valid:yes, name:"mpmissions\dayzOffline.chernarusplus\storage_1\data\dynamic_009.bin"
16:39:09.397 [CE][Storage] ver:25 stamp:3166, valid:yes, name:"mpmissions\dayzOffline.chernarusplus\storage_1\data\dynamic_009.001"
16:39:09.397 [CE][Storage] ver:25 stamp:3167, valid:yes, name:"mpmissions\dayzOffline.chernarusplus\storage_1\data\dynamic_009.002"
16:39:09.397 [CE][Storage] Restoring file "mpmissions\dayzOffline.chernarusplus\storage_1\data\dynamic_009.bin" 2237 items.
16:39:09.835   2237 items loaded.
16:39:09.835 [CE][Storage] ver:25 stamp:3169, valid:yes, name:"mpmissions\dayzOffline.chernarusplus\storage_1\data\dynamic_010.bin"
16:39:09.850 [CE][Storage] ver:25 stamp:3166, valid:yes, name:"mpmissions\dayzOffline.chernarusplus\storage_1\data\dynamic_010.001"
16:39:09.850 [CE][Storage] ver:25 stamp:3167, valid:yes, name:"mpmissions\dayzOffline.chernarusplus\storage_1\data\dynamic_010.002"
16:39:09.850 [CE][Storage] Restoring file "mpmissions\dayzOffline.chernarusplus\storage_1\data\dynamic_010.bin" 1404 items.
16:39:10.147   1404 items loaded.
16:39:10.147 [CE][Storage] ver:25 stamp:3169, valid:yes, name:"mpmissions\dayzOffline.chernarusplus\storage_1\data\dynamic_011.bin"
16:39:10.147 [CE][Storage] ver:25 stamp:3166, valid:yes, name:"mpmissions\dayzOffline.chernarusplus\storage_1\data\dynamic_011.001"
16:39:10.147 [CE][Storage] ver:25 stamp:3167, valid:yes, name:"mpmissions\dayzOffline.chernarusplus\storage_1\data\dynamic_011.002"
16:39:10.147 [CE][Storage] Restoring file "mpmissions\dayzOffline.chernarusplus\storage_1\data\dynamic_011.bin" 152 items.
16:39:10.179   152 items loaded.
16:39:10.179 [CE][Storage] ver:25 stamp:3169, valid:yes, name:"mpmissions\dayzOffline.chernarusplus\storage_1\data\vehicles.bin"
16:39:10.195 [CE][Storage] ver:25 stamp:3166, valid:yes, name:"mpmissions\dayzOffline.chernarusplus\storage_1\data\vehicles.001"
16:39:10.195 [CE][Storage] ver:25 stamp:3167, valid:yes, name:"mpmissions\dayzOffline.chernarusplus\storage_1\data\vehicles.002"
16:39:10.195 [CE][Storage] Restoring file "mpmissions\dayzOffline.chernarusplus\storage_1\data\vehicles.bin" 84 items.
16:39:10.600   84 items loaded.
16:39:10.647 [CE][Hive] :: Storage load took:4.45 seconds, recovery stamp:3169
16:39:10.647   entity: 20423, building: 0
16:39:10.647   no lifetime: 30
16:39:10.647 [CE][Hive] :: Initializing ... 
16:39:10.663 [CE][InitializeMap] :: initialized: 0
16:39:10.663 [CE][Hive] :: Initializing spawners ... 
16:39:11.616 [CE][LootRespawner] (PRIDummy) :: Initially (re)spawned:85, Nominal:20826, Total in Map: 17506 at 0 (sec)
16:39:11.616   tests:85, repeats:0 fails:0, overtime:0
16:39:11.616 [CE][DynEvent] :: 37 types
16:39:11.616 [00] AmbientHen
16:39:11.616   Primary Spawner: "Ambient", active: yes, repeat: 1
16:39:11.616 [01] AnimalBear
16:39:11.616   Primary Spawner: "Animal", active: yes, repeat: 1
16:39:11.616 [02] AnimalCow
16:39:11.616   Primary Spawner: "Animal", active: yes, repeat: 1
16:39:11.616 [03] AnimalDeer
16:39:11.616   Primary Spawner: "Animal", active: yes, repeat: 1
16:39:11.616 [04] AnimalGoat
16:39:11.616   Primary Spawner: "Animal", active: yes, repeat: 1
16:39:11.616 [05] AnimalPig
16:39:11.616   Primary Spawner: "Animal", active: yes, repeat: 1
16:39:11.616 [06] AnimalRoeDeer
16:39:11.616   Primary Spawner: "Animal", active: yes, repeat: 1
16:39:11.616 [07] AnimalSheep
16:39:11.616   Primary Spawner: "Animal", active: yes, repeat: 1
16:39:11.616 [08] AnimalWildBoar
16:39:11.616   Primary Spawner: "Animal", active: yes, repeat: 1
16:39:11.616 [09] AnimalWolf
16:39:11.616   Primary Spawner: "Animal", active: yes, repeat: 1
16:39:11.616 [10] InfectedArmy
16:39:11.616   Primary Spawner: "Infected", active: yes, repeat: 1
16:39:11.616 [11] InfectedCity
16:39:11.616   Primary Spawner: "Infected", active: yes, repeat: 1
16:39:11.616 [12] InfectedFirefighter
16:39:11.616   Primary Spawner: "Infected", active: yes, repeat: 1
16:39:11.616 [13] InfectedIndustrial
16:39:11.616   Primary Spawner: "Infected", active: yes, repeat: 1
16:39:11.616 [14] InfectedMedic
16:39:11.616   Primary Spawner: "Infected", active: yes, repeat: 1
16:39:11.616 [15] InfectedPolice
16:39:11.616   Primary Spawner: "Infected", active: yes, repeat: 1
16:39:11.616 [16] InfectedPrisoner
16:39:11.616   Primary Spawner: "Infected", active: yes, repeat: 1
16:39:11.616 [17] InfectedReligious
16:39:11.616   Primary Spawner: "Infected", active: yes, repeat: 1
16:39:11.616 [18] InfectedSolitude
16:39:11.616   Primary Spawner: "Infected", active: yes, repeat: 1
16:39:11.616 [19] InfectedVillage
16:39:11.616   Primary Spawner: "Infected", active: yes, repeat: 1
16:39:11.616 [20] ItemPlanks
16:39:11.616   Primary Spawner: "Item", active: yes, repeat: 1
16:39:11.616 [21] Loot
16:39:11.616   Primary Spawner: "Loot", active: yes, repeat: 2
16:39:11.616 [22] StaticHeliCrash
16:39:11.616   Primary Spawner: "Vehicle", active: yes, repeat: 1
16:39:11.616   Secondary Spawner: "Infected", active: yes, repeat: 1
16:39:11.616 [23] StaticPoliceCar
16:39:11.616   Primary Spawner: "Vehicle", active: yes, repeat: 1
16:39:11.616 [24] TrajectoryApple
16:39:11.616   Primary Spawner: "Trajectory", active: yes, repeat: 1
16:39:11.616 [25] TrajectoryCanina
16:39:11.616   Primary Spawner: "Trajectory", active: yes, repeat: 1
16:39:11.616 [26] TrajectoryConiferous
16:39:11.616   Primary Spawner: "Trajectory", active: yes, repeat: 1
16:39:11.616 [27] TrajectoryDeciduous
16:39:11.616   Primary Spawner: "Trajectory", active: yes, repeat: 1
16:39:11.616 [28] TrajectoryHumus
16:39:11.616   Primary Spawner: "Trajectory", active: yes, repeat: 1
16:39:11.616 [29] TrajectoryPear
16:39:11.616   Primary Spawner: "Trajectory", active: yes, repeat: 1
16:39:11.616 [30] TrajectoryPlum
16:39:11.616   Primary Spawner: "Trajectory", active: yes, repeat: 1
16:39:11.616 [31] TrajectorySambucus
16:39:11.616   Primary Spawner: "Trajectory", active: yes, repeat: 1
16:39:11.616 [32] TrajectoryStones
16:39:11.616   Primary Spawner: "Trajectory", active: yes, repeat: 1
16:39:11.616 [33] VehicleCivilianSedan
16:39:11.616   Primary Spawner: "Vehicle", active: yes, repeat: 1
16:39:11.616 [34] VehicleHatchback02
16:39:11.616   Primary Spawner: "Vehicle", active: yes, repeat: 1
16:39:11.616 [35] VehicleOffroadHatchback
16:39:11.616   Primary Spawner: "Vehicle", active: yes, repeat: 1
16:39:11.616 [36] VehicleSedan02
16:39:11.616   Primary Spawner: "Vehicle", active: yes, repeat: 1
16:39:11.616 [CE][Hive] :: Initializing of spawners done.
16:39:11.616 [CE][Hive] :: Init sequence finished.
16:39:11.616 Player connect enabled
16:39:12.257 [IdleMode] Entering IN - save processed
16:39:39.920 [Login]: Adding player Survivor (1544431043) to login queue at position 0
16:39:39.920 [LoginMachine]: Add player Survivor (1544431043)
16:39:39.920 [StateMachine]: Player Survivor (dpnid 1544431043 uid ) Entering AuthPlayerLoginState
16:39:40.139 [StateMachine]: Player Survivor (dpnid 1544431043 uid ) Entering WaitAuthPlayerLoginState
16:39:40.545 [IdleMode] Leaving OUT
16:39:41.577 Player Survivor connected (id=7NDJh96K6x1RxBha65ocGyIjcIR-hGhT0OTk52eEsiI=).
16:39:41.577 Player "Survivor" is connected (steamID=76561197988278919)
16:39:43.701 [StateMachine]: Player Survivor (dpnid 1544431043 uid 7NDJh96K6x1RxBha65ocGyIjcIR-hGhT0OTk52eEsiI=) Entering DBGetLoginTimeLoginState
16:39:43.733 [StateMachine]: Player Survivor (dpnid 1544431043 uid 7NDJh96K6x1RxBha65ocGyIjcIR-hGhT0OTk52eEsiI=) Entering DBWaitLoginTimeLoginState
16:39:58.747 [StateMachine]: Player Survivor (dpnid 1544431043 uid 7NDJh96K6x1RxBha65ocGyIjcIR-hGhT0OTk52eEsiI=) Entering DBGetCharacterLoginState
16:39:58.778 [StateMachine]: Player Survivor (dpnid 1544431043 uid 7NDJh96K6x1RxBha65ocGyIjcIR-hGhT0OTk52eEsiI=) Entering CreateNetObjectsLoginState
16:39:58.794 [StateMachine]: Player Survivor (dpnid 1544431043 uid 7NDJh96K6x1RxBha65ocGyIjcIR-hGhT0OTk52eEsiI=) Entering PreloadCamLoginState
16:39:58.810 [StateMachine]: Player Survivor (dpnid 1544431043 uid 7NDJh96K6x1RxBha65ocGyIjcIR-hGhT0OTk52eEsiI=) Entering WaitPreloadCamLoginState
16:40:14.830 [StateMachine]: Player Survivor (dpnid 1544431043 uid 7NDJh96K6x1RxBha65ocGyIjcIR-hGhT0OTk52eEsiI=) Entering GetLoadedCharLoginState
16:40:17.611 <LOAD EXISTING CHAR>:
    charID 4
    playerID 4
    dpnid 1544431043
    uid 7NDJh96K6x1RxBha65ocGyIjcIR-hGhT0OTk52eEsiI=
16:42:34.680 [CE][LootRespawner] (PRIDummy) :: Item [0] causing search overtime: "HatchbackWheel"
16:42:35.117 [CE][LootRespawner] (PRIDummy) :: Item [1] causing search overtime: "Sedan_02_Door_2_2_YellowRust"
16:43:03.834 !!! [CE][Point] Removing 2918.294434, 9715.072266 from Land_Shed_M1
16:43:03.943 [CE][LootRespawner] (PRIDummy) :: Item [2] causing search overtime: "HatchbackWheel"
16:43:04.381 [CE][LootRespawner] (PRIDummy) :: Item [3] causing search overtime: "Sedan_02_Door_2_2_YellowRust"
16:43:33.254 [CE][LootRespawner] (PRIDummy) :: Item [4] causing search overtime: "HatchbackWheel"
16:43:33.582 [CE][LootRespawner] (PRIDummy) :: Item [5] causing search overtime: "Sedan_02_Door_2_2_YellowRust"
16:44:02.674 [CE][LootRespawner] (PRIDummy) :: Item [6] causing search overtime: "HatchbackWheel"
16:44:02.892 [CE][LootRespawner] (PRIDummy) :: Item [7] causing search overtime: "Sedan_02_Door_2_2_YellowRust"
16:44:32.94 [CE][LootRespawner] (PRIDummy) :: Item [8] causing search overtime: "HatchbackWheel"
16:44:32.640 [CE][LootRespawner] (PRIDummy) :: Item [9] causing search overtime: "Sedan_02_Door_2_2_YellowRust"
16:44:35.375 !!! [CE][Point] Removing 3280.281006, 13695.070313 from PiceaAbies_stump
16:45:01.502 [CE][LootRespawner] (PRIDummy) :: Item [10] causing search overtime: "HatchbackWheel"
16:45:01.721 [CE][LootRespawner] (PRIDummy) :: Item [11] causing search overtime: "Sedan_02_Door_1_2_RedRust"
16:45:02.49 [CE][LootRespawner] (PRIDummy) :: Item [12] causing search overtime: "Sedan_02_Door_2_2_YellowRust"
16:45:31.31 [CE][LootRespawner] (PRIDummy) :: Item [13] causing search overtime: "HatchbackWheel"
16:45:31.469 [CE][LootRespawner] (PRIDummy) :: Item [14] causing search overtime: "Sedan_02_Door_1_2_RedRust"
16:45:31.688 [CE][LootRespawner] (PRIDummy) :: Item [15] causing search overtime: "Sedan_02_Door_2_2_YellowRust"
16:45:36.172 !!! [CE][Point] Removing 3280.281006, 13695.070313 from PiceaAbies_stump
16:46:00.342 [CE][LootRespawner] (PRIDummy) :: Item [16] causing search overtime: "HatchbackWheel"
16:46:00.561 [CE][LootRespawner] (PRIDummy) :: Item [17] causing search overtime: "Sedan_02_Door_2_2_GreyRust"
16:46:00.889 [CE][LootRespawner] (PRIDummy) :: Item [18] causing search overtime: "Sedan_02_Door_1_2_RedRust"
16:46:01.436 [CE][LootRespawner] (PRIDummy) :: Item [19] causing search overtime: "Sedan_02_Door_2_2_YellowRust"
16:49:27.46 !!! [CE][Point] Removing 2509.274414, 5293.500977 from Land_BusStation_wall_bench
16:53:41.682 [Login]: Adding player Survivor (84841393) to login queue at position 0
16:53:41.682 [LoginMachine]: Add player Survivor (84841393)
16:53:41.682 [StateMachine]: Player Survivor (dpnid 84841393 uid ) Entering AuthPlayerLoginState
16:53:41.901 [StateMachine]: Player Survivor (dpnid 84841393 uid ) Entering WaitAuthPlayerLoginState
16:53:43.354 Player Survivor (2) connected (id=BvAfWEwkf1BS22gq16ncvW4M3Ycn_607DPSKzJe9pnU=).
16:53:43.354 Player "Survivor (2)" is connected (steamID=76561198073956794)
16:53:44.57 [StateMachine]: Player Survivor (dpnid 84841393 uid BvAfWEwkf1BS22gq16ncvW4M3Ycn_607DPSKzJe9pnU=) Entering DBGetLoginTimeLoginState
16:53:44.88 [StateMachine]: Player Survivor (dpnid 84841393 uid BvAfWEwkf1BS22gq16ncvW4M3Ycn_607DPSKzJe9pnU=) Entering DBWaitLoginTimeLoginState
16:53:59.103 [StateMachine]: Player Survivor (dpnid 84841393 uid BvAfWEwkf1BS22gq16ncvW4M3Ycn_607DPSKzJe9pnU=) Entering DBGetCharacterLoginState
16:53:59.134 [StateMachine]: Player Survivor (dpnid 84841393 uid BvAfWEwkf1BS22gq16ncvW4M3Ycn_607DPSKzJe9pnU=) Entering CreateNetObjectsLoginState
16:53:59.150 [StateMachine]: Player Survivor (dpnid 84841393 uid BvAfWEwkf1BS22gq16ncvW4M3Ycn_607DPSKzJe9pnU=) Entering PreloadCamLoginState
16:53:59.150 [StateMachine]: Player Survivor (dpnid 84841393 uid BvAfWEwkf1BS22gq16ncvW4M3Ycn_607DPSKzJe9pnU=) Entering WaitPreloadCamLoginState
16:54:16.227 [StateMachine]: Player Survivor (dpnid 84841393 uid BvAfWEwkf1BS22gq16ncvW4M3Ycn_607DPSKzJe9pnU=) Entering GetLoadedCharLoginState
16:54:16.273 <LOAD EXISTING CHAR>:
    charID 1
    playerID 1
    dpnid 84841393
    uid BvAfWEwkf1BS22gq16ncvW4M3Ycn_607DPSKzJe9pnU=
16:56:18.250 [CE][LootRespawner] (PRIDummy) :: Item [0] is hard to place, performance drops: "Winchester70"
16:58:16.132 !!! [CE][Point] Removing 6265.082520, 2168.354248 from Land_Shed_M3
16:58:19.741 [CE][Links] found 0 total links between groups, of 1
16:58:19.741 [CE][SpawnRandomLoot] (StaticHeliCrash) :: ChildType: Wreck_Mi8, lootmin: 10, lootmax: 20, wanted: 14
16:58:19.757 [CE][Links] found 0 total links between groups, of 2
16:58:19.757 [CE][SpawnRandomLoot] (StaticHeliCrash) :: ChildType: Wreck_UH1Y, lootmin: 10, lootmax: 20, wanted: 12
16:58:19.757 [CE][Links] found 0 total links between groups, of 3
16:58:19.757 [CE][SpawnRandomLoot] (StaticHeliCrash) :: ChildType: Wreck_Mi8, lootmin: 10, lootmax: 20, wanted: 18
16:59:59.500 [Disconnect]: Start script disconnect 84841393 (dbCharacterId 1 dbPlayerId 1) logoutTime 15
17:00:03.124 [Disconnect]: Client 84841393 disconnecting
17:00:03.124 [Disconnect]: Client 84841393 early disconnect
17:00:03.140 [Disconnect]: Start script disconnect 84841393 (dbCharacterId 1 dbPlayerId 1) logoutTime 15
17:00:03.781 [Disconnect]: Remove player info 84841393
17:00:03.796 [Disconnect]: Player destroy 84841393 
17:00:14.514 [Disconnect]: Finish script disconnect -1
17:05:08.452 [CE][LootRespawner] (PRIDummy) :: Item [1] is hard to place, performance drops: "PrisonerCap"
17:05:08.452 [CE][LootRespawner] (PRIDummy) :: Item [2] is hard to place, performance drops: "PrisonerCap"
17:05:08.452 [CE][LootRespawner] (PRIDummy) :: Item [3] is hard to place, performance drops: "PrisonerCap"
17:09:03.155 !!! [CE][Point] Removing 6498.414063, 3577.631592 from Land_BusStation_wall_bench
17:10:20.415 [Disconnect]: Start script disconnect 1544431043 (dbCharacterId 4 dbPlayerId 4) logoutTime 15
17:10:22.259 [Disconnect]: Client 1544431043 disconnecting
17:10:22.259 [Disconnect]: Client 1544431043 early disconnect
17:10:22.275 [Disconnect]: Start script disconnect 1544431043 (dbCharacterId 4 dbPlayerId 4) logoutTime 15
17:10:32.790 [Disconnect]: No packets from 1544431043
17:10:32.790 [Disconnect]: Already in progress 1544431043 
17:10:35.430 [Disconnect]: Finish script disconnect 1544431043
17:10:35.430 [Disconnect]: DisconnectPlayerFinish 1544431043
17:10:35.430 [Disconnect]: Remove player info 1544431043
17:10:35.446 [Disconnect]: Player destroy 1544431043 
17:11:42.488 [IdleMode] Entering IN - save processed
17:52:13.844 [Login]: Adding player Survivor (1603422220) to login queue at position 0
17:52:13.844 [LoginMachine]: Add player Survivor (1603422220)
17:52:13.844 [StateMachine]: Player Survivor (dpnid 1603422220 uid ) Entering AuthPlayerLoginState
17:52:14.47 [StateMachine]: Player Survivor (dpnid 1603422220 uid ) Entering WaitAuthPlayerLoginState
17:52:15.485 Player Survivor connected (id=7NDJh96K6x1RxBha65ocGyIjcIR-hGhT0OTk52eEsiI=).
17:52:15.485 Player "Survivor" is connected (steamID=76561197988278919)
17:52:16.907 [IdleMode] Leaving OUT
17:52:17.938 [StateMachine]: Player Survivor (dpnid 1603422220 uid 7NDJh96K6x1RxBha65ocGyIjcIR-hGhT0OTk52eEsiI=) Entering DBGetLoginTimeLoginState
17:52:17.969 [StateMachine]: Player Survivor (dpnid 1603422220 uid 7NDJh96K6x1RxBha65ocGyIjcIR-hGhT0OTk52eEsiI=) Entering DBWaitLoginTimeLoginState
17:52:32.984 [StateMachine]: Player Survivor (dpnid 1603422220 uid 7NDJh96K6x1RxBha65ocGyIjcIR-hGhT0OTk52eEsiI=) Entering DBGetCharacterLoginState
17:52:33.15 [StateMachine]: Player Survivor (dpnid 1603422220 uid 7NDJh96K6x1RxBha65ocGyIjcIR-hGhT0OTk52eEsiI=) Entering CreateNetObjectsLoginState
17:52:33.30 [StateMachine]: Player Survivor (dpnid 1603422220 uid 7NDJh96K6x1RxBha65ocGyIjcIR-hGhT0OTk52eEsiI=) Entering PreloadCamLoginState
17:52:33.46 [StateMachine]: Player Survivor (dpnid 1603422220 uid 7NDJh96K6x1RxBha65ocGyIjcIR-hGhT0OTk52eEsiI=) Entering WaitPreloadCamLoginState
17:52:49.795 [StateMachine]: Player Survivor (dpnid 1603422220 uid 7NDJh96K6x1RxBha65ocGyIjcIR-hGhT0OTk52eEsiI=) Entering GetLoadedCharLoginState
17:52:49.842 <LOAD EXISTING CHAR>:
    charID 4
    playerID 4
    dpnid 1603422220
    uid 7NDJh96K6x1RxBha65ocGyIjcIR-hGhT0OTk52eEsiI=
17:56:07.813 [CE][LootRespawner] (PRIDummy) :: Item [4] is hard to place, performance drops: "Morphine"
18:02:04.709 !!! [CE][Point] Removing 5882.768555, 10035.705078 from PinusSylvestris_fallenc
18:09:51.114 [CE][LootRespawner] (PRIDummy) :: Item [5] is hard to place, performance drops: "PolicePants"
18:09:51.114 [CE][LootRespawner] (PRIDummy) :: Item [6] is hard to place, performance drops: "PolicePants"
18:17:42.286 [CE][LootRespawner] (PRIDummy) :: Item [7] is hard to place, performance drops: "MedicalScrubsPants_Green"
18:18:44.390 !!! [CE][Point] Removing 6833.556152, 9848.253906 from PinusSylvestris_3d
18:26:02.985 [CE][LootRespawner] (PRIDummy) :: Item [8] is hard to place, performance drops: "UKAssVest_Camo"
18:26:06.376 [CE][Links] found 0 total links between groups, of 4
18:26:06.376 [CE][SpawnRandomLoot] (StaticHeliCrash) :: ChildType: Wreck_UH1Y, lootmin: 10, lootmax: 20, wanted: 17
18:26:06.376 [CE][Links] found 0 total links between groups, of 5
18:26:06.376 [CE][SpawnRandomLoot] (StaticHeliCrash) :: ChildType: Wreck_UH1Y, lootmin: 10, lootmax: 20, wanted: 12
18:26:06.391 [CE][Links] found 0 total links between groups, of 6
18:26:06.391 [CE][SpawnRandomLoot] (StaticHeliCrash) :: ChildType: Wreck_Mi8, lootmin: 10, lootmax: 20, wanted: 15
18:28:59.331 [CE][LootRespawner] (PRIDummy) :: Item [9] is hard to place, performance drops: "PoliceCap"
18:34:50.636 [Disconnect]: Start script disconnect 1603422220 (dbCharacterId 4 dbPlayerId 4) logoutTime 15
18:34:52.214 [Disconnect]: Client 1603422220 disconnecting
18:34:52.214 [Disconnect]: Client 1603422220 early disconnect
18:34:52.230 [Disconnect]: Start script disconnect 1603422220 (dbCharacterId 4 dbPlayerId 4) logoutTime 15
18:35:03.88 [Disconnect]: No packets from 1603422220
18:35:03.88 [Disconnect]: Already in progress 1603422220 
18:35:05.650 [Disconnect]: Finish script disconnect 1603422220
18:35:05.650 [Disconnect]: DisconnectPlayerFinish 1603422220
18:35:05.650 [Disconnect]: Remove player info 1603422220
18:35:05.666 [Disconnect]: Player destroy 1603422220 
18:36:32.926 [IdleMode] Entering IN - save processed
18:47:36.923 [Login]: Adding player Survivor (631568996) to login queue at position 0
18:47:36.923 [LoginMachine]: Add player Survivor (631568996)
18:47:36.923 [StateMachine]: Player Survivor (dpnid 631568996 uid ) Entering AuthPlayerLoginState
18:47:37.126 [StateMachine]: Player Survivor (dpnid 631568996 uid ) Entering WaitAuthPlayerLoginState
18:47:38.423 Player Survivor connected (id=7NDJh96K6x1RxBha65ocGyIjcIR-hGhT0OTk52eEsiI=).
18:47:38.423 Player "Survivor" is connected (steamID=76561197988278919)
18:47:38.860 [IdleMode] Leaving OUT
18:47:41.01 [StateMachine]: Player Survivor (dpnid 631568996 uid 7NDJh96K6x1RxBha65ocGyIjcIR-hGhT0OTk52eEsiI=) Entering DBGetLoginTimeLoginState
18:47:41.32 [StateMachine]: Player Survivor (dpnid 631568996 uid 7NDJh96K6x1RxBha65ocGyIjcIR-hGhT0OTk52eEsiI=) Entering DBWaitLoginTimeLoginState
18:47:56.47 [StateMachine]: Player Survivor (dpnid 631568996 uid 7NDJh96K6x1RxBha65ocGyIjcIR-hGhT0OTk52eEsiI=) Entering DBGetCharacterLoginState
18:47:56.78 [StateMachine]: Player Survivor (dpnid 631568996 uid 7NDJh96K6x1RxBha65ocGyIjcIR-hGhT0OTk52eEsiI=) Entering CreateNetObjectsLoginState
18:47:56.94 [StateMachine]: Player Survivor (dpnid 631568996 uid 7NDJh96K6x1RxBha65ocGyIjcIR-hGhT0OTk52eEsiI=) Entering PreloadCamLoginState
18:47:56.94 [StateMachine]: Player Survivor (dpnid 631568996 uid 7NDJh96K6x1RxBha65ocGyIjcIR-hGhT0OTk52eEsiI=) Entering WaitPreloadCamLoginState
18:48:13.92 [StateMachine]: Player Survivor (dpnid 631568996 uid 7NDJh96K6x1RxBha65ocGyIjcIR-hGhT0OTk52eEsiI=) Entering GetLoadedCharLoginState
18:48:13.139 <LOAD EXISTING CHAR>:
    charID 4
    playerID 4
    dpnid 631568996
    uid 7NDJh96K6x1RxBha65ocGyIjcIR-hGhT0OTk52eEsiI=
18:49:02.573 [CE][LootRespawner] (PRIDummy) :: Item [10] is hard to place, performance drops: "MedicalScrubsPants_Blue"
18:49:05.745 !!! [CE][Point] Removing 5763.120117, 10001.361328 from PiceaAbies_fallenC
19:04:43.225 !!! [CE][Point] Removing 13283.112305, 10092.816406 from Land_Boat_Small1
19:10:07.500 [CE][LootRespawner] (PRIDummy) :: Item [11] is hard to place, performance drops: "GorkaEJacket_Autumn"
19:11:36.197 [CE][LootRespawner] (PRIDummy) :: Item [12] is hard to place, performance drops: "GorkaHelmet"
19:12:07.804 !!! [CE][Point] Removing 5882.768555, 10035.705078 from PinusSylvestris_fallenc
19:20:54.736 [CE][LootRespawner] (PRIDummy) :: Item [13] is hard to place, performance drops: "SKS"
19:22:22.980 [CE][LootRespawner] (PRIDummy) :: Item [14] is hard to place, performance drops: "PoliceCap"
19:24:25.245 [CE][Links] found 0 total links between groups, of 7
19:24:25.245 [CE][SpawnRandomLoot] (StaticHeliCrash) :: ChildType: Wreck_Mi8, lootmin: 10, lootmax: 20, wanted: 15
19:24:25.261 [CE][Links] found 0 total links between groups, of 8
19:24:25.261 [CE][SpawnRandomLoot] (StaticHeliCrash) :: ChildType: Wreck_Mi8, lootmin: 10, lootmax: 20, wanted: 11
19:24:25.277 [CE][Links] found 0 total links between groups, of 9
19:24:25.277 [CE][SpawnRandomLoot] (StaticHeliCrash) :: ChildType: Wreck_Mi8, lootmin: 10, lootmax: 20, wanted: 17
19:30:42.449 [CE][LootRespawner] (PRIDummy) :: Item [15] is hard to place, performance drops: "Glock19"
19:31:12.228 [CE][LootRespawner] (PRIDummy) :: Item [16] is hard to place, performance drops: "Glock19"
19:36:27.731 [Login]: Adding player Survivor (51536296) to login queue at position 0
19:36:27.731 [LoginMachine]: Add player Survivor (51536296)
19:36:27.731 [StateMachine]: Player Survivor (dpnid 51536296 uid ) Entering AuthPlayerLoginState
19:36:27.934 [StateMachine]: Player Survivor (dpnid 51536296 uid ) Entering WaitAuthPlayerLoginState
19:36:29.481 Player Survivor (2) connected (id=BvAfWEwkf1BS22gq16ncvW4M3Ycn_607DPSKzJe9pnU=).
19:36:29.481 Player "Survivor (2)" is connected (steamID=76561198073956794)
19:36:30.168 [StateMachine]: Player Survivor (dpnid 51536296 uid BvAfWEwkf1BS22gq16ncvW4M3Ycn_607DPSKzJe9pnU=) Entering DBGetLoginTimeLoginState
19:36:30.199 [StateMachine]: Player Survivor (dpnid 51536296 uid BvAfWEwkf1BS22gq16ncvW4M3Ycn_607DPSKzJe9pnU=) Entering DBWaitLoginTimeLoginState
19:36:45.214 [StateMachine]: Player Survivor (dpnid 51536296 uid BvAfWEwkf1BS22gq16ncvW4M3Ycn_607DPSKzJe9pnU=) Entering DBGetCharacterLoginState
19:36:45.245 [StateMachine]: Player Survivor (dpnid 51536296 uid BvAfWEwkf1BS22gq16ncvW4M3Ycn_607DPSKzJe9pnU=) Entering CreateNetObjectsLoginState
19:36:45.261 [StateMachine]: Player Survivor (dpnid 51536296 uid BvAfWEwkf1BS22gq16ncvW4M3Ycn_607DPSKzJe9pnU=) Entering PreloadCamLoginState
19:36:45.261 [StateMachine]: Player Survivor (dpnid 51536296 uid BvAfWEwkf1BS22gq16ncvW4M3Ycn_607DPSKzJe9pnU=) Entering WaitPreloadCamLoginState
19:37:03.619 [StateMachine]: Player Survivor (dpnid 51536296 uid BvAfWEwkf1BS22gq16ncvW4M3Ycn_607DPSKzJe9pnU=) Entering GetLoadedCharLoginState
19:37:03.666 <LOAD EXISTING CHAR>:
    charID 1
    playerID 1
    dpnid 51536296
    uid BvAfWEwkf1BS22gq16ncvW4M3Ycn_607DPSKzJe9pnU=
19:43:27.858 [CE][LootRespawner] (PRIDummy) :: Item [17] is hard to place, performance drops: "Mp133Shotgun"
19:44:26.260 [CE][LootRespawner] (PRIDummy) :: Item [18] is hard to place, performance drops: "SalineBag"
20:04:04.141 [CE][LootRespawner] (PRIDummy) :: Item [19] is hard to place, performance drops: "MedicalScrubsHat_White"
20:07:03.391 !!! [CE][Point] Removing 8510.410156, 13607.026367 from PlumTree1
20:11:56.276 [CE][Links] found 0 total links between groups, of 10
20:11:56.276 [CE][SpawnRandomLoot] (StaticHeliCrash) :: ChildType: Wreck_Mi8, lootmin: 10, lootmax: 20, wanted: 19
20:11:56.276 [CE][Links] found 0 total links between groups, of 11
20:11:56.276 [CE][SpawnRandomLoot] (StaticHeliCrash) :: ChildType: Wreck_UH1Y, lootmin: 10, lootmax: 20, wanted: 18
20:11:56.291 [CE][Links] found 0 total links between groups, of 12
20:11:56.291 [CE][SpawnRandomLoot] (StaticHeliCrash) :: ChildType: Wreck_UH1Y, lootmin: 10, lootmax: 20, wanted: 16
20:18:20.672 !!! [CE][Point] Removing 6937.162109, 7664.701660 from Haybale
20:23:43.634 !!! [CE][Point] Removing 6850.441895, 14452.721680 from Stones
20:25:10.581 !!! [CE][Point] Removing 6850.441895, 14452.721680 from Stones
20:44:44.891 !!! [CE][Point] Removing 11161.161133, 2437.848389 from Land_Boat_Small1
20:52:58.766 [Login]: Adding player Survivor (7041512) to login queue at position 0
20:52:58.766 [LoginMachine]: Add player Survivor (7041512)
20:52:58.766 [StateMachine]: Player Survivor (dpnid 7041512 uid ) Entering AuthPlayerLoginState
20:52:59.109 [StateMachine]: Player Survivor (dpnid 7041512 uid ) Entering WaitAuthPlayerLoginState
20:53:00.438 Player Survivor (3) connected (id=g2dFRpJHjkFhN2nNo1Kv_jZt_jD5Wo4vMF7lAR14vy4=).
20:53:00.438 Player "Survivor (3)" is connected (steamID=76561197980071063)
20:53:00.844 [StateMachine]: Player Survivor (dpnid 7041512 uid g2dFRpJHjkFhN2nNo1Kv_jZt_jD5Wo4vMF7lAR14vy4=) Entering DBGetLoginTimeLoginState
20:53:00.875 [StateMachine]: Player Survivor (dpnid 7041512 uid g2dFRpJHjkFhN2nNo1Kv_jZt_jD5Wo4vMF7lAR14vy4=) Entering DBWaitLoginTimeLoginState
20:53:15.890 [StateMachine]: Player Survivor (dpnid 7041512 uid g2dFRpJHjkFhN2nNo1Kv_jZt_jD5Wo4vMF7lAR14vy4=) Entering DBGetCharacterLoginState
20:53:15.921 [StateMachine]: Player Survivor (dpnid 7041512 uid g2dFRpJHjkFhN2nNo1Kv_jZt_jD5Wo4vMF7lAR14vy4=) Entering CreateNetObjectsLoginState
20:53:15.936 [StateMachine]: Player Survivor (dpnid 7041512 uid g2dFRpJHjkFhN2nNo1Kv_jZt_jD5Wo4vMF7lAR14vy4=) Entering PreloadCamLoginState
20:53:15.936 [StateMachine]: Player Survivor (dpnid 7041512 uid g2dFRpJHjkFhN2nNo1Kv_jZt_jD5Wo4vMF7lAR14vy4=) Entering WaitPreloadCamLoginState
20:53:32.29 [StateMachine]: Player Survivor (dpnid 7041512 uid g2dFRpJHjkFhN2nNo1Kv_jZt_jD5Wo4vMF7lAR14vy4=) Entering GetLoadedCharLoginState
20:53:32.92 <LOAD EXISTING CHAR>:
    charID 2
    playerID 2
    dpnid 7041512
    uid g2dFRpJHjkFhN2nNo1Kv_jZt_jD5Wo4vMF7lAR14vy4=
20:55:07.695 !!! [CE][Point] Removing 5882.768555, 10035.705078 from PinusSylvestris_fallenc
20:55:18.866 [Disconnect]: Start script disconnect 51536296 (dbCharacterId 1 dbPlayerId 1) logoutTime 15
20:55:21.569 [Disconnect]: Client 51536296 disconnecting
20:55:21.569 [Disconnect]: Client 51536296 early disconnect
20:55:21.584 [Disconnect]: Start script disconnect 51536296 (dbCharacterId 1 dbPlayerId 1) logoutTime 15
20:55:32.115 [Disconnect]: No packets from 51536296
20:55:32.115 [Disconnect]: Already in progress 51536296 
20:55:33.877 [Disconnect]: Finish script disconnect 51536296
20:55:33.877 [Disconnect]: DisconnectPlayerFinish 51536296
20:55:33.877 [Disconnect]: Remove player info 51536296
20:55:33.908 [Disconnect]: Player destroy 51536296 
20:55:46.397 [Disconnect]: Start script disconnect 631568996 (dbCharacterId 4 dbPlayerId 4) logoutTime 15
20:55:48.209 [Disconnect]: Client 631568996 disconnecting
20:55:48.209 [Disconnect]: Client 631568996 early disconnect
20:55:48.225 [Disconnect]: Start script disconnect 631568996 (dbCharacterId 4 dbPlayerId 4) logoutTime 15
20:55:59.149 [Disconnect]: No packets from 631568996
20:55:59.149 [Disconnect]: Already in progress 631568996 
20:56:01.398 [Disconnect]: Finish script disconnect 631568996
20:56:01.398 [Disconnect]: DisconnectPlayerFinish 631568996
20:56:01.398 [Disconnect]: Remove player info 631568996
20:56:01.414 [Disconnect]: Player destroy 631568996 
20:56:43.75 [Disconnect]: Start script disconnect 7041512 (dbCharacterId 2 dbPlayerId 2) logoutTime 15
20:56:44.872 [Disconnect]: Client 7041512 disconnecting
20:56:44.872 [Disconnect]: Client 7041512 early disconnect
20:56:44.888 [Disconnect]: Start script disconnect 7041512 (dbCharacterId 2 dbPlayerId 2) logoutTime 15
20:56:45.216 [Disconnect]: Remove player info 7041512
20:56:45.231 [Disconnect]: Player destroy 7041512 
20:56:51.319  --- Termination successfully completed --- 
